192.168.130.67 - - [26/Oct/2023:00:44:03 +0000] "DELETE /api/data HTTP/2" 302 1874 "-" "Mozilla/5.0 (Windows NT 10.0; WOW64; rv:45.0) Gecko/20100101 Firefox/45.0"
192.168.70.135 - - [20/Mar/2023:18:41:08 +0000] "PUT /login HTTP/1.1" 301 3645 "-" "Mozilla/5.0 (Linux; Android 9) Firefox/80.0"
192.168.159.7 - - [13/Oct/2023:16:39:11 +0000] "POST /contact HTTP/1.0" 201 1449 "-" "Mozilla/5.0 (iPhone; CPU iPhone OS 14_0 like Mac OS X)"
192.168.165.198 - - [17/Oct/2023:20:44:02 +0000] "GET /about HTTP/1.0" 301 791 "-" "Mozilla/5.0 (iPhone; CPU iPhone OS 14_0 like Mac OS X)"
192.168.209.226 - - [16/Mar/2023:13:16:48 +0000] "PUT /dashboard HTTP/1.1" 200 3140 "-" "Mozilla/5.0 (Linux; Android 9) Firefox/80.0"
192.168.109.223 - - [15/Mar/2023:11:53:47 +0000] "PUT /contact HTTP/1.1" 200 2615 "-" "Mozilla/5.0 (Linux; Android 9) Firefox/80.0"
192.168.198.70 - - [25/Mar/2023:07:10:25 +0000] "DELETE /api/data HTTP/1.1" 500 354 "-" "Mozilla/5.0 (Macintosh; Intel Mac OS X 10_15_7) Safari/537.36"
192.168.29.108 - - [20/Jul/2023:06:23:15 +0000] "POST /contact HTTP/1.0" 500 2801 "-" "Mozilla/5.0 (Macintosh; Intel Mac OS X 10_15_7) Safari/537.36"
192.168.209.226 - - [08/Aug/2023:08:03:34 +0000] "GET /about HTTP/1.0" 503 3062 "-" "Mozilla/5.0 (Windows NT 10.0; WOW64; rv:45.0) Gecko/20100101 Firefox/45.0"
192.168.95.251 - - [10/Dec/2023:20:44:55 +0000] "POST /about HTTP/2" 201 3894 "-" "Mozilla/5.0 (iPhone; CPU iPhone OS 14_0 like Mac OS X)"
192.168.149.185 - - [22/May/2023:15:25:58 +0000] "PUT /index.html HTTP/1.1" 400 1554 "-" "Mozilla/5.0 (Macintosh; Intel Mac OS X 10_15_7) Safari/537.36"
192.168.43.41 - - [15/Apr/2023:12:32:22 +0000] "PUT /login HTTP/1.0" 500 307 "-" "Mozilla/5.0 (Windows NT 10.0; WOW64; rv:45.0) Gecko/20100101 Firefox/45.0"
192.168.151.60 - - [10/Jan/2023:08:46:04 +0000] "DELETE /about HTTP/2" 500 3396 "-" "Mozilla/5.0 (iPhone; CPU iPhone OS 14_0 like Mac OS X)"
192.168.194.242 - - [25/Jul/2023:12:50:22 +0000] "POST /login HTTP/1.0" 401 4824 "-" "Mozilla/5.0 (Linux; Android 9) Firefox/80.0"
192.168.73.207 - - [21/Aug/2023:15:54:50 +0000] "POST /dashboard HTTP/1.1" 500 4237 "-" "Mozilla/5.0 (Windows NT 10.0; Win64; x64) Chrome/91.0"
192.168.85.107 - - [10/Dec/2023:12:05:27 +0000] "PUT /login HTTP/2" 201 4858 "-" "Mozilla/5.0 (Linux; Android 9) Firefox/80.0"
192.168.107.74 - - [18/Dec/2023:03:34:34 +0000] "POST /contact HTTP/1.1" 404 4839 "-" "Mozilla/5.0 (iPhone; CPU iPhone OS 14_0 like Mac OS X)"
192.168.82.40 - - [19/Jul/2023:12:49:30 +0000] "GET /about HTTP/2" 200 3125 "-" "Mozilla/5.0 (iPhone; CPU iPhone OS 14_0 like Mac OS X)"
192.168.125.108 - - [16/Jan/2023:03:16:35 +0000] "DELETE /index.html HTTP/1.1" 200 3547 "-" "Mozilla/5.0 (Windows NT 10.0; Win64; x64) Chrome/91.0"
192.168.123.215 - - [20/Jun/2023:11:03:13 +0000] "GET /api/data HTTP/2" 400 212 "-" "Mozilla/5.0 (iPhone; CPU iPhone OS 14_0 like Mac OS X)"
192.168.130.67 - - [29/Aug/2023:02:17:23 +0000] "DELETE /dashboard HTTP/1.1" 301 3386 "-" "Mozilla/5.0 (Linux; Android 9) Firefox/80.0"
192.168.123.215 - - [31/Jan/2023:15:01:34 +0000] "GET /about HTTP/1.1" 500 850 "-" "Mozilla/5.0 (Windows NT 10.0; WOW64; rv:45.0) Gecko/20100101 Firefox/45.0"
192.168.137.32 - - [27/Jul/2023:09:47:34 +0000] "POST /contact HTTP/1.1" 200 1069 "-" "Mozilla/5.0 (Windows NT 10.0; Win64; x64) Chrome/91.0"
192.168.47.8 - - [13/Mar/2023:13:48:28 +0000] "GET /contact HTTP/1.1" 201 4125 "-" "Mozilla/5.0 (Linux; Android 9) Firefox/80.0"
192.168.197.68 - - [19/Nov/2023:09:31:32 +0000] "GET /index.html HTTP/1.0" 301 4539 "-" "Mozilla/5.0 (Macintosh; Intel Mac OS X 10_15_7) Safari/537.36"
192.168.198.70 - - [05/Apr/2023:15:05:05 +0000] "POST /contact HTTP/1.0" 403 2659 "-" "Mozilla/5.0 (Windows NT 10.0; WOW64; rv:45.0) Gecko/20100101 Firefox/45.0"
192.168.118.218 - - [11/Aug/2023:01:59:43 +0000] "DELETE /contact HTTP/1.0" 400 4139 "-" "Mozilla/5.0 (Windows NT 10.0; Win64; x64) Chrome/91.0"
192.168.95.251 - - [19/Sep/2023:02:28:47 +0000] "POST /dashboard HTTP/1.0" 201 3681 "-" "Mozilla/5.0 (Windows NT 10.0; Win64; x64) Chrome/91.0"
192.168.198.70 - - [10/Aug/2023:16:40:21 +0000] "GET /dashboard HTTP/1.1" 401 4054 "-" "Mozilla/5.0 (Windows NT 10.0; WOW64; rv:45.0) Gecko/20100101 Firefox/45.0"
192.168.29.108 - - [04/Apr/2023:12:56:49 +0000] "GET /contact HTTP/1.0" 404 844 "-" "Mozilla/5.0 (Macintosh; Intel Mac OS X 10_15_7) Safari/537.36"
192.168.109.1 - - [21/Jan/2023:13:45:09 +0000] "POST /contact HTTP/1.0" 301 267 "-" "Mozilla/5.0 (iPhone; CPU iPhone OS 14_0 like Mac OS X)"
192.168.115.215 - - [21/Aug/2023:03:23:31 +0000] "PUT /products HTTP/2" 500 3669 "-" "Mozilla/5.0 (iPhone; CPU iPhone OS 14_0 like Mac OS X)"
192.168.43.41 - - [16/Jan/2023:01:11:52 +0000] "PUT /dashboard HTTP/1.0" 503 2404 "-" "Mozilla/5.0 (Windows NT 10.0; WOW64; rv:45.0) Gecko/20100101 Firefox/45.0"
192.168.85.107 - - [25/Feb/2023:02:38:07 +0000] "GET /dashboard HTTP/1.0" 200 1518 "-" "Mozilla/5.0 (Macintosh; Intel Mac OS X 10_15_7) Safari/537.36"
192.168.25.121 - - [06/May/2023:02:10:39 +0000] "GET /about HTTP/1.1" 400 1021 "-" "Mozilla/5.0 (Windows NT 10.0; Win64; x64) Chrome/91.0"
192.168.10.108 - - [21/Jun/2023:01:07:57 +0000] "POST /dashboard HTTP/1.0" 302 916 "-" "Mozilla/5.0 (iPhone; CPU iPhone OS 14_0 like Mac OS X)"
192.168.25.121 - - [16/Nov/2023:14:41:07 +0000] "PUT /login HTTP/2" 200 2457 "-" "Mozilla/5.0 (iPhone; CPU iPhone OS 14_0 like Mac OS X)"
192.168.139.31 - - [18/Jan/2023:02:07:12 +0000] "DELETE /about HTTP/1.0" 201 4134 "-" "Mozilla/5.0 (Windows NT 10.0; Win64; x64) Chrome/91.0"
192.168.153.110 - - [12/May/2023:07:25:09 +0000] "GET /index.html HTTP/1.0" 301 4299 "-" "Mozilla/5.0 (iPhone; CPU iPhone OS 14_0 like Mac OS X)"
192.168.50.210 - - [20/Mar/2023:13:52:53 +0000] "POST /products HTTP/1.0" 301 3772 "-" "Mozilla/5.0 (Macintosh; Intel Mac OS X 10_15_7) Safari/537.36"
192.168.151.60 - - [02/Apr/2023:03:07:38 +0000] "GET /login HTTP/1.1" 201 2089 "-" "Mozilla/5.0 (iPhone; CPU iPhone OS 14_0 like Mac OS X)"
192.168.3.246 - - [06/Dec/2023:08:17:19 +0000] "PUT /products HTTP/1.0" 201 1331 "-" "Mozilla/5.0 (Windows NT 10.0; WOW64; rv:45.0) Gecko/20100101 Firefox/45.0"
192.168.24.82 - - [23/Feb/2023:12:24:43 +0000] "PUT /dashboard HTTP/1.1" 503 1383 "-" "Mozilla/5.0 (iPhone; CPU iPhone OS 14_0 like Mac OS X)"
192.168.130.67 - - [13/Sep/2023:02:39:40 +0000] "PUT /api/data HTTP/1.1" 403 3858 "-" "Mozilla/5.0 (Macintosh; Intel Mac OS X 10_15_7) Safari/537.36"
192.168.198.70 - - [10/Jun/2023:08:03:56 +0000] "PUT /api/data HTTP/2" 403 4208 "-" "Mozilla/5.0 (Windows NT 10.0; Win64; x64) Chrome/91.0"
192.168.133.18 - - [03/Feb/2023:13:13:33 +0000] "GET /contact HTTP/1.0" 302 166 "-" "Mozilla/5.0 (Linux; Android 9) Firefox/80.0"
192.168.57.68 - - [13/Jan/2023:22:04:19 +0000] "PUT /api/data HTTP/1.0" 403 3655 "-" "Mozilla/5.0 (Macintosh; Intel Mac OS X 10_15_7) Safari/537.36"
192.168.209.226 - - [23/Jul/2023:16:17:37 +0000] "PUT /api/data HTTP/1.0" 500 3470 "-" "Mozilla/5.0 (Windows NT 10.0; WOW64; rv:45.0) Gecko/20100101 Firefox/45.0"
192.168.125.108 - - [10/Dec/2023:09:04:09 +0000] "DELETE /index.html HTTP/1.0" 201 4747 "-" "Mozilla/5.0 (Windows NT 10.0; WOW64; rv:45.0) Gecko/20100101 Firefox/45.0"
192.168.186.82 - - [05/Dec/2023:21:16:00 +0000] "GET /api/data HTTP/1.1" 302 4783 "-" "Mozilla/5.0 (Linux; Android 9) Firefox/80.0"
192.168.197.68 - - [29/Jan/2023:21:16:46 +0000] "PUT /api/data HTTP/1.1" 201 998 "-" "Mozilla/5.0 (Windows NT 10.0; Win64; x64) Chrome/91.0"
192.168.29.108 - - [30/Oct/2023:13:29:19 +0000] "GET /index.html HTTP/1.1" 201 2857 "-" "Mozilla/5.0 (Linux; Android 9) Firefox/80.0"
192.168.185.95 - - [11/Aug/2023:13:34:23 +0000] "DELETE /login HTTP/1.1" 400 2918 "-" "Mozilla/5.0 (iPhone; CPU iPhone OS 14_0 like Mac OS X)"
192.168.20.131 - - [22/Dec/2023:05:55:52 +0000] "PUT /api/data HTTP/2" 200 4610 "-" "Mozilla/5.0 (iPhone; CPU iPhone OS 14_0 like Mac OS X)"
192.168.207.145 - - [20/Mar/2023:16:51:04 +0000] "POST /index.html HTTP/2" 503 2943 "-" "Mozilla/5.0 (Windows NT 10.0; WOW64; rv:45.0) Gecko/20100101 Firefox/45.0"
192.168.152.183 - - [21/Mar/2023:12:34:34 +0000] "DELETE /api/data HTTP/2" 200 3808 "-" "Mozilla/5.0 (Macintosh; Intel Mac OS X 10_15_7) Safari/537.36"
192.168.49.60 - - [15/Jun/2023:01:00:04 +0000] "GET /contact HTTP/1.0" 301 2003 "-" "Mozilla/5.0 (Windows NT 10.0; Win64; x64) Chrome/91.0"
192.168.230.27 - - [25/Dec/2023:06:37:04 +0000] "PUT /api/data HTTP/1.1" 404 1487 "-" "Mozilla/5.0 (Linux; Android 9) Firefox/80.0"
192.168.215.3 - - [12/Sep/2023:21:35:31 +0000] "GET /api/data HTTP/1.0" 301 3992 "-" "Mozilla/5.0 (iPhone; CPU iPhone OS 14_0 like Mac OS X)"
192.168.3.246 - - [14/Jun/2023:04:49:29 +0000] "PUT /contact HTTP/1.0" 201 1031 "-" "Mozilla/5.0 (iPhone; CPU iPhone OS 14_0 like Mac OS X)"
192.168.54.230 - - [10/Nov/2023:07:42:03 +0000] "PUT /dashboard HTTP/2" 200 4545 "-" "Mozilla/5.0 (Windows NT 10.0; Win64; x64) Chrome/91.0"
192.168.207.145 - - [01/Aug/2023:05:06:38 +0000] "POST /index.html HTTP/2" 503 590 "-" "Mozilla/5.0 (Linux; Android 9) Firefox/80.0"
192.168.211.153 - - [02/Jan/2023:10:32:32 +0000] "POST /api/data HTTP/1.1" 200 3943 "-" "Mozilla/5.0 (Linux; Android 9) Firefox/80.0"
192.168.70.135 - - [12/Sep/2023:02:34:35 +0000] "POST /about HTTP/1.0" 200 3054 "-" "Mozilla/5.0 (Linux; Android 9) Firefox/80.0"
192.168.130.104 - - [15/Apr/2023:09:32:05 +0000] "PUT /dashboard HTTP/1.0" 500 4858 "-" "Mozilla/5.0 (iPhone; CPU iPhone OS 14_0 like Mac OS X)"
192.168.192.205 - - [24/Oct/2023:13:30:38 +0000] "POST /products HTTP/1.1" 201 4307 "-" "Mozilla/5.0 (Windows NT 10.0; Win64; x64) Chrome/91.0"
192.168.253.66 - - [28/Jan/2023:04:11:31 +0000] "PUT /about HTTP/2" 200 2364 "-" "Mozilla/5.0 (iPhone; CPU iPhone OS 14_0 like Mac OS X)"
192.168.142.40 - - [16/Feb/2023:15:29:55 +0000] "POST /login HTTP/1.0" 404 4448 "-" "Mozilla/5.0 (Linux; Android 9) Firefox/80.0"
192.168.185.193 - - [05/Oct/2023:08:57:59 +0000] "GET /api/data HTTP/1.1" 400 4300 "-" "Mozilla/5.0 (iPhone; CPU iPhone OS 14_0 like Mac OS X)"
192.168.194.242 - - [09/Jan/2023:15:18:20 +0000] "POST /about HTTP/1.0" 301 3952 "-" "Mozilla/5.0 (iPhone; CPU iPhone OS 14_0 like Mac OS X)"
192.168.123.54 - - [15/Jun/2023:08:57:36 +0000] "DELETE /products HTTP/1.0" 400 2814 "-" "Mozilla/5.0 (Windows NT 10.0; WOW64; rv:45.0) Gecko/20100101 Firefox/45.0"
192.168.47.8 - - [22/Jun/2023:06:19:00 +0000] "DELETE /login HTTP/1.1" 400 2990 "-" "Mozilla/5.0 (Macintosh; Intel Mac OS X 10_15_7) Safari/537.36"
192.168.108.134 - - [05/Sep/2023:11:37:20 +0000] "GET /api/data HTTP/2" 301 3461 "-" "Mozilla/5.0 (Windows NT 10.0; Win64; x64) Chrome/91.0"
192.168.149.185 - - [07/Mar/2023:01:52:12 +0000] "DELETE /contact HTTP/2" 200 4984 "-" "Mozilla/5.0 (iPhone; CPU iPhone OS 14_0 like Mac OS X)"
192.168.2.85 - - [22/Nov/2023:07:21:35 +0000] "GET /contact HTTP/2" 400 3480 "-" "Mozilla/5.0 (Linux; Android 9) Firefox/80.0"
192.168.115.215 - - [24/Jun/2023:04:56:27 +0000] "DELETE /login HTTP/1.1" 400 2802 "-" "Mozilla/5.0 (Macintosh; Intel Mac OS X 10_15_7) Safari/537.36"
192.168.0.136 - - [12/Jul/2023:07:10:05 +0000] "POST /contact HTTP/1.1" 404 929 "-" "Mozilla/5.0 (iPhone; CPU iPhone OS 14_0 like Mac OS X)"
192.168.253.66 - - [11/Sep/2023:15:59:16 +0000] "GET /api/data HTTP/2" 301 4176 "-" "Mozilla/5.0 (Linux; Android 9) Firefox/80.0"
192.168.102.89 - - [19/Dec/2023:04:36:56 +0000] "DELETE /products HTTP/1.0" 301 347 "-" "Mozilla/5.0 (Windows NT 10.0; Win64; x64) Chrome/91.0"
192.168.29.108 - - [12/Dec/2023:02:21:56 +0000] "DELETE /about HTTP/2" 404 2931 "-" "Mozilla/5.0 (iPhone; CPU iPhone OS 14_0 like Mac OS X)"
192.168.115.215 - - [18/Feb/2023:06:39:19 +0000] "POST /login HTTP/2" 200 2648 "-" "Mozilla/5.0 (Macintosh; Intel Mac OS X 10_15_7) Safari/537.36"
192.168.118.115 - - [10/May/2023:18:32:26 +0000] "DELETE /api/data HTTP/1.1" 404 4949 "-" "Mozilla/5.0 (iPhone; CPU iPhone OS 14_0 like Mac OS X)"
192.168.25.121 - - [26/Jun/2023:09:32:46 +0000] "PUT /contact HTTP/1.1" 201 3452 "-" "Mozilla/5.0 (Macintosh; Intel Mac OS X 10_15_7) Safari/537.36"
192.168.182.157 - - [10/Jun/2023:19:29:09 +0000] "DELETE /about HTTP/1.1" 400 4529 "-" "Mozilla/5.0 (Windows NT 10.0; Win64; x64) Chrome/91.0"
192.168.36.9 - - [15/Feb/2023:11:25:53 +0000] "PUT /login HTTP/1.0" 400 1617 "-" "Mozilla/5.0 (Linux; Android 9) Firefox/80.0"
192.168.23.28 - - [12/Oct/2023:20:13:47 +0000] "GET /products HTTP/2" 503 3839 "-" "Mozilla/5.0 (iPhone; CPU iPhone OS 14_0 like Mac OS X)"
192.168.205.133 - - [16/Jun/2023:11:19:54 +0000] "POST /contact HTTP/2" 200 2613 "-" "Mozilla/5.0 (Macintosh; Intel Mac OS X 10_15_7) Safari/537.36"
192.168.192.205 - - [25/May/2023:15:43:08 +0000] "DELETE /contact HTTP/1.0" 400 445 "-" "Mozilla/5.0 (iPhone; CPU iPhone OS 14_0 like Mac OS X)"
192.168.107.74 - - [02/Dec/2023:06:55:19 +0000] "GET /api/data HTTP/2" 302 4303 "-" "Mozilla/5.0 (Macintosh; Intel Mac OS X 10_15_7) Safari/537.36"
192.168.142.40 - - [16/Jun/2023:11:19:52 +0000] "POST /login HTTP/1.1" 503 3117 "-" "Mozilla/5.0 (Macintosh; Intel Mac OS X 10_15_7) Safari/537.36"
192.168.192.205 - - [18/Apr/2023:21:41:43 +0000] "DELETE /contact HTTP/1.1" 200 2428 "-" "Mozilla/5.0 (iPhone; CPU iPhone OS 14_0 like Mac OS X)"
192.168.185.193 - - [09/Oct/2023:00:35:19 +0000] "GET /about HTTP/1.0" 201 3069 "-" "Mozilla/5.0 (Macintosh; Intel Mac OS X 10_15_7) Safari/537.36"
192.168.130.73 - - [04/Jan/2023:15:37:03 +0000] "PUT /api/data HTTP/2" 500 983 "-" "Mozilla/5.0 (Windows NT 10.0; Win64; x64) Chrome/91.0"
192.168.221.12 - - [01/Oct/2023:16:20:41 +0000] "DELETE /products HTTP/1.0" 201 1414 "-" "Mozilla/5.0 (Windows NT 10.0; WOW64; rv:45.0) Gecko/20100101 Firefox/45.0"
192.168.242.80 - - [23/Jul/2023:19:01:01 +0000] "PUT /index.html HTTP/2" 403 2976 "-" "Mozilla/5.0 (Windows NT 10.0; WOW64; rv:45.0) Gecko/20100101 Firefox/45.0"
192.168.118.218 - - [29/Sep/2023:14:15:59 +0000] "PUT /about HTTP/1.0" 401 2285 "-" "Mozilla/5.0 (Macintosh; Intel Mac OS X 10_15_7) Safari/537.36"
192.168.4.217 - - [09/Aug/2023:12:36:01 +0000] "PUT /api/data HTTP/1.1" 201 2029 "-" "Mozilla/5.0 (iPhone; CPU iPhone OS 14_0 like Mac OS X)"
192.168.130.73 - - [15/May/2023:22:03:33 +0000] "PUT /api/data HTTP/2" 500 4563 "-" "Mozilla/5.0 (Windows NT 10.0; Win64; x64) Chrome/91.0"
192.168.2.85 - - [28/May/2023:20:05:26 +0000] "DELETE /index.html HTTP/1.0" 200 2756 "-" "Mozilla/5.0 (Windows NT 10.0; WOW64; rv:45.0) Gecko/20100101 Firefox/45.0"
192.168.23.28 - - [14/Nov/2023:22:59:07 +0000] "POST /dashboard HTTP/1.1" 403 378 "-" "Mozilla/5.0 (Windows NT 10.0; Win64; x64) Chrome/91.0"
192.168.53.91 - - [13/May/2023:15:07:00 +0000] "PUT /contact HTTP/1.0" 500 3476 "-" "Mozilla/5.0 (Windows NT 10.0; Win64; x64) Chrome/91.0"
192.168.105.149 - - [11/Jun/2023:08:44:21 +0000] "GET /index.html HTTP/2" 403 3268 "-" "Mozilla/5.0 (iPhone; CPU iPhone OS 14_0 like Mac OS X)"
192.168.172.138 - - [30/Sep/2023:02:16:45 +0000] "GET /dashboard HTTP/2" 500 2185 "-" "Mozilla/5.0 (Windows NT 10.0; Win64; x64) Chrome/91.0"
192.168.192.205 - - [16/Dec/2023:18:08:14 +0000] "GET /contact HTTP/2" 403 769 "-" "Mozilla/5.0 (iPhone; CPU iPhone OS 14_0 like Mac OS X)"
192.168.150.205 - - [26/Aug/2023:20:28:26 +0000] "PUT /dashboard HTTP/2" 400 879 "-" "Mozilla/5.0 (iPhone; CPU iPhone OS 14_0 like Mac OS X)"
192.168.125.108 - - [30/Nov/2023:20:54:55 +0000] "PUT /contact HTTP/2" 200 507 "-" "Mozilla/5.0 (Windows NT 10.0; Win64; x64) Chrome/91.0"
192.168.214.149 - - [22/Nov/2023:10:15:51 +0000] "PUT /api/data HTTP/1.1" 400 4340 "-" "Mozilla/5.0 (Linux; Android 9) Firefox/80.0"
192.168.251.168 - - [22/Apr/2023:09:42:01 +0000] "DELETE /api/data HTTP/1.0" 401 1224 "-" "Mozilla/5.0 (Windows NT 10.0; Win64; x64) Chrome/91.0"
192.168.124.42 - - [12/Aug/2023:18:25:11 +0000] "PUT /about HTTP/1.1" 401 3547 "-" "Mozilla/5.0 (Windows NT 10.0; Win64; x64) Chrome/91.0"
192.168.124.42 - - [09/Sep/2023:00:51:53 +0000] "GET /dashboard HTTP/2" 403 4151 "-" "Mozilla/5.0 (Windows NT 10.0; WOW64; rv:45.0) Gecko/20100101 Firefox/45.0"
192.168.207.145 - - [20/Dec/2023:21:41:15 +0000] "GET /contact HTTP/1.0" 201 4954 "-" "Mozilla/5.0 (iPhone; CPU iPhone OS 14_0 like Mac OS X)"
192.168.251.168 - - [16/Aug/2023:13:49:50 +0000] "GET /dashboard HTTP/1.0" 200 1194 "-" "Mozilla/5.0 (Linux; Android 9) Firefox/80.0"
192.168.110.185 - - [15/Dec/2023:12:39:26 +0000] "DELETE /about HTTP/2" 200 4971 "-" "Mozilla/5.0 (iPhone; CPU iPhone OS 14_0 like Mac OS X)"
192.168.8.203 - - [01/Jan/2023:02:58:41 +0000] "PUT /index.html HTTP/1.1" 503 1370 "-" "Mozilla/5.0 (iPhone; CPU iPhone OS 14_0 like Mac OS X)"
192.168.182.157 - - [26/Aug/2023:01:24:02 +0000] "PUT /dashboard HTTP/1.1" 404 3742 "-" "Mozilla/5.0 (iPhone; CPU iPhone OS 14_0 like Mac OS X)"
192.168.130.104 - - [02/May/2023:11:36:40 +0000] "POST /index.html HTTP/1.1" 403 627 "-" "Mozilla/5.0 (Linux; Android 9) Firefox/80.0"
192.168.26.171 - - [23/Nov/2023:14:34:20 +0000] "PUT /index.html HTTP/2" 302 3665 "-" "Mozilla/5.0 (Windows NT 10.0; WOW64; rv:45.0) Gecko/20100101 Firefox/45.0"
192.168.26.171 - - [26/Feb/2023:03:00:04 +0000] "PUT /contact HTTP/1.0" 301 1607 "-" "Mozilla/5.0 (iPhone; CPU iPhone OS 14_0 like Mac OS X)"
192.168.56.75 - - [26/Dec/2023:14:13:07 +0000] "GET /index.html HTTP/1.0" 403 2753 "-" "Mozilla/5.0 (Linux; Android 9) Firefox/80.0"
192.168.207.145 - - [02/Aug/2023:20:55:18 +0000] "POST /products HTTP/2" 503 488 "-" "Mozilla/5.0 (Windows NT 10.0; Win64; x64) Chrome/91.0"
192.168.185.193 - - [23/Sep/2023:23:35:27 +0000] "POST /api/data HTTP/1.1" 403 2648 "-" "Mozilla/5.0 (Linux; Android 9) Firefox/80.0"
192.168.24.82 - - [18/Apr/2023:17:11:10 +0000] "GET /dashboard HTTP/2" 400 4322 "-" "Mozilla/5.0 (Windows NT 10.0; Win64; x64) Chrome/91.0"
192.168.25.121 - - [23/Jul/2023:17:56:22 +0000] "DELETE /contact HTTP/1.0" 302 1755 "-" "Mozilla/5.0 (iPhone; CPU iPhone OS 14_0 like Mac OS X)"
192.168.133.18 - - [19/Feb/2023:16:23:35 +0000] "PUT /products HTTP/2" 200 2424 "-" "Mozilla/5.0 (Linux; Android 9) Firefox/80.0"
192.168.105.149 - - [18/Jul/2023:11:29:59 +0000] "GET /index.html HTTP/2" 400 3861 "-" "Mozilla/5.0 (Macintosh; Intel Mac OS X 10_15_7) Safari/537.36"
192.168.182.157 - - [24/Aug/2023:15:41:51 +0000] "PUT /dashboard HTTP/1.1" 301 2170 "-" "Mozilla/5.0 (Linux; Android 9) Firefox/80.0"
192.168.172.138 - - [26/Sep/2023:06:57:38 +0000] "DELETE /about HTTP/1.1" 503 2730 "-" "Mozilla/5.0 (iPhone; CPU iPhone OS 14_0 like Mac OS X)"
192.168.73.207 - - [19/Sep/2023:04:54:41 +0000] "GET /contact HTTP/1.0" 503 4044 "-" "Mozilla/5.0 (Macintosh; Intel Mac OS X 10_15_7) Safari/537.36"
192.168.246.29 - - [11/Jul/2023:00:13:34 +0000] "PUT /about HTTP/2" 401 3268 "-" "Mozilla/5.0 (Windows NT 10.0; WOW64; rv:45.0) Gecko/20100101 Firefox/45.0"
192.168.211.153 - - [30/Nov/2023:07:42:08 +0000] "DELETE /about HTTP/1.1" 500 330 "-" "Mozilla/5.0 (Windows NT 10.0; Win64; x64) Chrome/91.0"
192.168.25.121 - - [03/Jul/2023:01:38:44 +0000] "GET /login HTTP/2" 404 2739 "-" "Mozilla/5.0 (Windows NT 10.0; Win64; x64) Chrome/91.0"
192.168.36.9 - - [29/Jan/2023:21:41:43 +0000] "PUT /api/data HTTP/1.0" 401 357 "-" "Mozilla/5.0 (Macintosh; Intel Mac OS X 10_15_7) Safari/537.36"
192.168.32.227 - - [19/Oct/2023:21:22:30 +0000] "DELETE /products HTTP/1.0" 400 4590 "-" "Mozilla/5.0 (iPhone; CPU iPhone OS 14_0 like Mac OS X)"
192.168.139.31 - - [02/Jul/2023:07:21:28 +0000] "PUT /products HTTP/1.1" 301 1314 "-" "Mozilla/5.0 (Windows NT 10.0; WOW64; rv:45.0) Gecko/20100101 Firefox/45.0"
192.168.149.185 - - [07/Jun/2023:09:17:49 +0000] "GET /index.html HTTP/1.1" 301 2085 "-" "Mozilla/5.0 (Windows NT 10.0; WOW64; rv:45.0) Gecko/20100101 Firefox/45.0"
192.168.43.41 - - [21/Mar/2023:16:39:34 +0000] "DELETE /api/data HTTP/1.1" 400 808 "-" "Mozilla/5.0 (Macintosh; Intel Mac OS X 10_15_7) Safari/537.36"
192.168.136.141 - - [22/Aug/2023:13:34:38 +0000] "POST /products HTTP/1.0" 400 4108 "-" "Mozilla/5.0 (Windows NT 10.0; Win64; x64) Chrome/91.0"
192.168.72.105 - - [05/Nov/2023:10:22:40 +0000] "POST /about HTTP/1.1" 201 1549 "-" "Mozilla/5.0 (iPhone; CPU iPhone OS 14_0 like Mac OS X)"
192.168.198.70 - - [02/Feb/2023:07:58:48 +0000] "POST /index.html HTTP/2" 302 2781 "-" "Mozilla/5.0 (Windows NT 10.0; WOW64; rv:45.0) Gecko/20100101 Firefox/45.0"
192.168.26.171 - - [22/Feb/2023:16:38:46 +0000] "PUT /contact HTTP/2" 503 1237 "-" "Mozilla/5.0 (Windows NT 10.0; WOW64; rv:45.0) Gecko/20100101 Firefox/45.0"
192.168.1.25 - - [08/Sep/2023:14:41:23 +0000] "DELETE /api/data HTTP/1.0" 404 2929 "-" "Mozilla/5.0 (iPhone; CPU iPhone OS 14_0 like Mac OS X)"
192.168.47.8 - - [20/Jul/2023:18:32:31 +0000] "GET /index.html HTTP/1.1" 301 4987 "-" "Mozilla/5.0 (Windows NT 10.0; WOW64; rv:45.0) Gecko/20100101 Firefox/45.0"
192.168.221.12 - - [21/Jan/2023:13:34:58 +0000] "POST /about HTTP/1.0" 400 2125 "-" "Mozilla/5.0 (Macintosh; Intel Mac OS X 10_15_7) Safari/537.36"
192.168.138.223 - - [20/Apr/2023:23:00:29 +0000] "DELETE /products HTTP/1.1" 201 3649 "-" "Mozilla/5.0 (Linux; Android 9) Firefox/80.0"
192.168.136.141 - - [08/Sep/2023:00:14:05 +0000] "POST /dashboard HTTP/1.0" 404 4221 "-" "Mozilla/5.0 (Windows NT 10.0; WOW64; rv:45.0) Gecko/20100101 Firefox/45.0"
192.168.25.121 - - [09/Jul/2023:10:54:30 +0000] "POST /contact HTTP/1.1" 403 995 "-" "Mozilla/5.0 (Windows NT 10.0; WOW64; rv:45.0) Gecko/20100101 Firefox/45.0"
192.168.124.42 - - [04/May/2023:02:54:26 +0000] "GET /login HTTP/2" 200 545 "-" "Mozilla/5.0 (Windows NT 10.0; Win64; x64) Chrome/91.0"
192.168.115.215 - - [13/Jun/2023:03:13:57 +0000] "PUT /api/data HTTP/1.1" 301 2967 "-" "Mozilla/5.0 (Macintosh; Intel Mac OS X 10_15_7) Safari/537.36"
192.168.207.145 - - [03/Feb/2023:19:04:22 +0000] "DELETE /api/data HTTP/1.0" 301 1741 "-" "Mozilla/5.0 (Windows NT 10.0; Win64; x64) Chrome/91.0"
192.168.211.153 - - [01/Dec/2023:13:10:57 +0000] "DELETE /dashboard HTTP/2" 401 1084 "-" "Mozilla/5.0 (Windows NT 10.0; Win64; x64) Chrome/91.0"
192.168.108.134 - - [14/Mar/2023:09:12:17 +0000] "PUT /login HTTP/2" 500 1823 "-" "Mozilla/5.0 (Windows NT 10.0; Win64; x64) Chrome/91.0"
192.168.73.207 - - [09/Jul/2023:10:26:22 +0000] "POST /index.html HTTP/1.0" 500 2123 "-" "Mozilla/5.0 (Linux; Android 9) Firefox/80.0"
192.168.152.183 - - [12/May/2023:07:03:21 +0000] "DELETE /index.html HTTP/2" 401 2033 "-" "Mozilla/5.0 (Linux; Android 9) Firefox/80.0"
192.168.205.133 - - [24/Mar/2023:02:05:44 +0000] "POST /about HTTP/2" 201 2374 "-" "Mozilla/5.0 (iPhone; CPU iPhone OS 14_0 like Mac OS X)"
192.168.123.215 - - [13/Mar/2023:12:26:30 +0000] "GET /api/data HTTP/1.1" 400 4928 "-" "Mozilla/5.0 (Linux; Android 9) Firefox/80.0"
192.168.29.108 - - [24/Aug/2023:14:24:29 +0000] "DELETE /api/data HTTP/1.1" 403 388 "-" "Mozilla/5.0 (Macintosh; Intel Mac OS X 10_15_7) Safari/537.36"
192.168.49.60 - - [30/Oct/2023:07:38:11 +0000] "GET /index.html HTTP/1.0" 401 3409 "-" "Mozilla/5.0 (iPhone; CPU iPhone OS 14_0 like Mac OS X)"
192.168.109.1 - - [06/Aug/2023:12:31:06 +0000] "PUT /index.html HTTP/2" 503 740 "-" "Mozilla/5.0 (Linux; Android 9) Firefox/80.0"
192.168.54.230 - - [30/Dec/2023:12:36:54 +0000] "PUT /login HTTP/1.0" 403 3448 "-" "Mozilla/5.0 (Windows NT 10.0; WOW64; rv:45.0) Gecko/20100101 Firefox/45.0"
192.168.142.40 - - [03/Jan/2023:19:09:10 +0000] "GET /products HTTP/1.1" 201 4028 "-" "Mozilla/5.0 (iPhone; CPU iPhone OS 14_0 like Mac OS X)"
192.168.209.226 - - [21/Jan/2023:22:15:56 +0000] "PUT /index.html HTTP/2" 403 4586 "-" "Mozilla/5.0 (Macintosh; Intel Mac OS X 10_15_7) Safari/537.36"
192.168.153.110 - - [01/Oct/2023:12:48:02 +0000] "GET /about HTTP/1.0" 404 2854 "-" "Mozilla/5.0 (Windows NT 10.0; Win64; x64) Chrome/91.0"
192.168.242.80 - - [26/Jan/2023:19:22:48 +0000] "GET /about HTTP/1.0" 403 3139 "-" "Mozilla/5.0 (iPhone; CPU iPhone OS 14_0 like Mac OS X)"
192.168.194.45 - - [02/Jun/2023:21:33:14 +0000] "DELETE /login HTTP/1.0" 200 4922 "-" "Mozilla/5.0 (iPhone; CPU iPhone OS 14_0 like Mac OS X)"
192.168.29.108 - - [12/May/2023:17:13:27 +0000] "PUT /about HTTP/2" 500 4169 "-" "Mozilla/5.0 (Windows NT 10.0; Win64; x64) Chrome/91.0"
192.168.231.171 - - [04/Jan/2023:10:24:03 +0000] "GET /dashboard HTTP/1.1" 400 2677 "-" "Mozilla/5.0 (Windows NT 10.0; Win64; x64) Chrome/91.0"
192.168.70.135 - - [12/Aug/2023:21:10:30 +0000] "PUT /products HTTP/2" 500 4590 "-" "Mozilla/5.0 (iPhone; CPU iPhone OS 14_0 like Mac OS X)"
192.168.230.27 - - [01/Aug/2023:14:10:45 +0000] "PUT /products HTTP/1.1" 500 2846 "-" "Mozilla/5.0 (Windows NT 10.0; Win64; x64) Chrome/91.0"
192.168.85.107 - - [16/May/2023:00:37:23 +0000] "DELETE /about HTTP/1.1" 404 4645 "-" "Mozilla/5.0 (Windows NT 10.0; WOW64; rv:45.0) Gecko/20100101 Firefox/45.0"
192.168.221.12 - - [02/Jul/2023:11:32:16 +0000] "PUT /index.html HTTP/2" 200 4271 "-" "Mozilla/5.0 (Linux; Android 9) Firefox/80.0"
192.168.50.26 - - [25/Jun/2023:19:36:23 +0000] "GET /products HTTP/1.1" 404 1830 "-" "Mozilla/5.0 (Windows NT 10.0; Win64; x64) Chrome/91.0"
192.168.47.8 - - [02/Sep/2023:12:16:06 +0000] "DELETE /login HTTP/2" 200 889 "-" "Mozilla/5.0 (Macintosh; Intel Mac OS X 10_15_7) Safari/537.36"
192.168.4.217 - - [08/Jun/2023:01:36:08 +0000] "POST /index.html HTTP/2" 400 1122 "-" "Mozilla/5.0 (Macintosh; Intel Mac OS X 10_15_7) Safari/537.36"
192.168.8.203 - - [16/Jan/2023:09:16:46 +0000] "DELETE /products HTTP/2" 201 4681 "-" "Mozilla/5.0 (Windows NT 10.0; Win64; x64) Chrome/91.0"
192.168.165.55 - - [16/Dec/2023:03:27:00 +0000] "DELETE /dashboard HTTP/2" 302 2307 "-" "Mozilla/5.0 (Windows NT 10.0; WOW64; rv:45.0) Gecko/20100101 Firefox/45.0"
192.168.20.131 - - [19/Jul/2023:16:15:31 +0000] "DELETE /contact HTTP/2" 503 3840 "-" "Mozilla/5.0 (iPhone; CPU iPhone OS 14_0 like Mac OS X)"
192.168.50.26 - - [07/Oct/2023:06:53:37 +0000] "PUT /about HTTP/2" 301 737 "-" "Mozilla/5.0 (Windows NT 10.0; WOW64; rv:45.0) Gecko/20100101 Firefox/45.0"
192.168.56.75 - - [08/Apr/2023:08:50:57 +0000] "GET /contact HTTP/2" 201 2042 "-" "Mozilla/5.0 (iPhone; CPU iPhone OS 14_0 like Mac OS X)"
192.168.93.1 - - [01/Jul/2023:01:25:18 +0000] "DELETE /login HTTP/1.0" 400 4059 "-" "Mozilla/5.0 (Windows NT 10.0; Win64; x64) Chrome/91.0"
192.168.54.230 - - [20/Apr/2023:04:23:23 +0000] "DELETE /login HTTP/1.0" 500 3862 "-" "Mozilla/5.0 (Windows NT 10.0; Win64; x64) Chrome/91.0"
192.168.10.108 - - [21/Sep/2023:23:35:59 +0000] "DELETE /about HTTP/1.1" 401 2902 "-" "Mozilla/5.0 (iPhone; CPU iPhone OS 14_0 like Mac OS X)"
192.168.10.108 - - [29/Nov/2023:10:46:01 +0000] "GET /index.html HTTP/2" 302 3696 "-" "Mozilla/5.0 (Windows NT 10.0; Win64; x64) Chrome/91.0"
192.168.159.7 - - [22/Aug/2023:18:54:20 +0000] "PUT /dashboard HTTP/2" 301 597 "-" "Mozilla/5.0 (iPhone; CPU iPhone OS 14_0 like Mac OS X)"
192.168.221.12 - - [05/Feb/2023:20:54:05 +0000] "DELETE /products HTTP/1.0" 301 3935 "-" "Mozilla/5.0 (Windows NT 10.0; Win64; x64) Chrome/91.0"
192.168.110.185 - - [16/Jul/2023:17:54:01 +0000] "GET /index.html HTTP/2" 400 827 "-" "Mozilla/5.0 (Windows NT 10.0; WOW64; rv:45.0) Gecko/20100101 Firefox/45.0"
192.168.110.93 - - [10/Dec/2023:00:59:27 +0000] "GET /index.html HTTP/1.1" 200 3083 "-" "Mozilla/5.0 (Linux; Android 9) Firefox/80.0"
192.168.123.54 - - [02/Nov/2023:03:44:16 +0000] "POST /index.html HTTP/2" 503 4887 "-" "Mozilla/5.0 (Macintosh; Intel Mac OS X 10_15_7) Safari/537.36"
192.168.139.31 - - [30/Aug/2023:19:54:36 +0000] "POST /login HTTP/1.0" 201 402 "-" "Mozilla/5.0 (iPhone; CPU iPhone OS 14_0 like Mac OS X)"
192.168.152.183 - - [07/Oct/2023:23:06:02 +0000] "DELETE /api/data HTTP/1.1" 401 3676 "-" "Mozilla/5.0 (Windows NT 10.0; WOW64; rv:45.0) Gecko/20100101 Firefox/45.0"
192.168.70.135 - - [26/May/2023:11:52:31 +0000] "POST /about HTTP/1.0" 201 1654 "-" "Mozilla/5.0 (Macintosh; Intel Mac OS X 10_15_7) Safari/537.36"
192.168.124.42 - - [26/Feb/2023:04:55:24 +0000] "POST /contact HTTP/2" 401 1151 "-" "Mozilla/5.0 (Windows NT 10.0; WOW64; rv:45.0) Gecko/20100101 Firefox/45.0"
192.168.23.28 - - [29/Jul/2023:07:22:31 +0000] "PUT /dashboard HTTP/2" 500 4135 "-" "Mozilla/5.0 (iPhone; CPU iPhone OS 14_0 like Mac OS X)"
192.168.130.73 - - [07/Aug/2023:16:34:28 +0000] "PUT /login HTTP/1.0" 404 3773 "-" "Mozilla/5.0 (Windows NT 10.0; WOW64; rv:45.0) Gecko/20100101 Firefox/45.0"
192.168.251.168 - - [01/Dec/2023:16:22:43 +0000] "GET /products HTTP/1.0" 201 598 "-" "Mozilla/5.0 (Windows NT 10.0; Win64; x64) Chrome/91.0"
192.168.102.89 - - [16/Mar/2023:08:35:23 +0000] "POST /api/data HTTP/1.1" 200 4632 "-" "Mozilla/5.0 (Macintosh; Intel Mac OS X 10_15_7) Safari/537.36"
192.168.105.149 - - [14/Feb/2023:08:20:37 +0000] "PUT /about HTTP/2" 200 461 "-" "Mozilla/5.0 (Linux; Android 9) Firefox/80.0"
192.168.73.207 - - [17/Apr/2023:03:28:16 +0000] "DELETE /api/data HTTP/1.1" 404 1653 "-" "Mozilla/5.0 (Linux; Android 9) Firefox/80.0"
192.168.32.227 - - [30/Sep/2023:07:07:57 +0000] "POST /products HTTP/2" 403 3212 "-" "Mozilla/5.0 (Macintosh; Intel Mac OS X 10_15_7) Safari/537.36"
192.168.118.218 - - [25/May/2023:20:01:46 +0000] "GET /products HTTP/2" 401 127 "-" "Mozilla/5.0 (Windows NT 10.0; Win64; x64) Chrome/91.0"
192.168.137.32 - - [31/Jul/2023:18:18:38 +0000] "PUT /about HTTP/1.0" 500 2319 "-" "Mozilla/5.0 (Macintosh; Intel Mac OS X 10_15_7) Safari/537.36"
192.168.60.237 - - [25/Oct/2023:10:44:45 +0000] "GET /index.html HTTP/1.1" 301 723 "-" "Mozilla/5.0 (Windows NT 10.0; WOW64; rv:45.0) Gecko/20100101 Firefox/45.0"
192.168.36.9 - - [01/Jan/2023:02:09:33 +0000] "POST /about HTTP/1.0" 404 4725 "-" "Mozilla/5.0 (Windows NT 10.0; WOW64; rv:45.0) Gecko/20100101 Firefox/45.0"
192.168.118.115 - - [14/Mar/2023:02:28:40 +0000] "PUT /contact HTTP/1.1" 500 2197 "-" "Mozilla/5.0 (Windows NT 10.0; Win64; x64) Chrome/91.0"
192.168.93.1 - - [28/Dec/2023:02:30:51 +0000] "GET /products HTTP/1.0" 200 519 "-" "Mozilla/5.0 (Linux; Android 9) Firefox/80.0"
192.168.24.82 - - [07/Dec/2023:00:39:01 +0000] "PUT /contact HTTP/1.0" 302 2445 "-" "Mozilla/5.0 (Windows NT 10.0; Win64; x64) Chrome/91.0"
192.168.182.157 - - [24/Jan/2023:21:04:03 +0000] "DELETE /index.html HTTP/1.0" 500 1090 "-" "Mozilla/5.0 (Linux; Android 9) Firefox/80.0"
192.168.82.40 - - [24/Jan/2023:16:02:44 +0000] "PUT /contact HTTP/2" 201 4053 "-" "Mozilla/5.0 (Macintosh; Intel Mac OS X 10_15_7) Safari/537.36"
192.168.131.166 - - [23/Aug/2023:06:31:17 +0000] "PUT /login HTTP/2" 400 1002 "-" "Mozilla/5.0 (Windows NT 10.0; Win64; x64) Chrome/91.0"
192.168.176.225 - - [30/Dec/2023:04:28:26 +0000] "GET /login HTTP/2" 400 4602 "-" "Mozilla/5.0 (iPhone; CPU iPhone OS 14_0 like Mac OS X)"
192.168.102.89 - - [19/Sep/2023:19:16:52 +0000] "GET /contact HTTP/1.1" 200 87 "-" "Mozilla/5.0 (Windows NT 10.0; Win64; x64) Chrome/91.0"
192.168.10.108 - - [16/May/2023:21:45:12 +0000] "PUT /index.html HTTP/1.1" 500 3356 "-" "Mozilla/5.0 (Linux; Android 9) Firefox/80.0"
192.168.185.193 - - [18/Aug/2023:14:09:42 +0000] "GET /contact HTTP/2" 301 3389 "-" "Mozilla/5.0 (Windows NT 10.0; Win64; x64) Chrome/91.0"
192.168.172.138 - - [06/Mar/2023:06:24:56 +0000] "DELETE /dashboard HTTP/1.0" 302 2541 "-" "Mozilla/5.0 (Windows NT 10.0; WOW64; rv:45.0) Gecko/20100101 Firefox/45.0"
192.168.24.82 - - [20/Oct/2023:23:24:28 +0000] "POST /about HTTP/1.1" 302 4636 "-" "Mozilla/5.0 (Windows NT 10.0; WOW64; rv:45.0) Gecko/20100101 Firefox/45.0"
192.168.85.107 - - [06/Feb/2023:10:33:58 +0000] "PUT /dashboard HTTP/1.1" 302 69 "-" "Mozilla/5.0 (iPhone; CPU iPhone OS 14_0 like Mac OS X)"
192.168.118.218 - - [18/May/2023:22:38:46 +0000] "DELETE /contact HTTP/2" 400 3051 "-" "Mozilla/5.0 (Windows NT 10.0; WOW64; rv:45.0) Gecko/20100101 Firefox/45.0"
192.168.20.131 - - [16/Jan/2023:23:09:10 +0000] "POST /dashboard HTTP/1.0" 301 2402 "-" "Mozilla/5.0 (Macintosh; Intel Mac OS X 10_15_7) Safari/537.36"
192.168.133.18 - - [09/Oct/2023:16:55:59 +0000] "POST /contact HTTP/1.1" 503 3958 "-" "Mozilla/5.0 (iPhone; CPU iPhone OS 14_0 like Mac OS X)"
192.168.197.68 - - [20/Nov/2023:01:09:39 +0000] "DELETE /index.html HTTP/2" 302 1073 "-" "Mozilla/5.0 (Windows NT 10.0; WOW64; rv:45.0) Gecko/20100101 Firefox/45.0"
192.168.32.227 - - [26/Sep/2023:15:16:04 +0000] "PUT /products HTTP/2" 500 1394 "-" "Mozilla/5.0 (Windows NT 10.0; WOW64; rv:45.0) Gecko/20100101 Firefox/45.0"
192.168.118.14 - - [30/Jan/2023:22:15:32 +0000] "GET /api/data HTTP/1.1" 400 3743 "-" "Mozilla/5.0 (Windows NT 10.0; Win64; x64) Chrome/91.0"
192.168.246.29 - - [09/Jan/2023:18:16:09 +0000] "DELETE /products HTTP/2" 500 982 "-" "Mozilla/5.0 (Windows NT 10.0; WOW64; rv:45.0) Gecko/20100101 Firefox/45.0"
192.168.216.222 - - [21/Apr/2023:15:48:41 +0000] "DELETE /dashboard HTTP/1.0" 503 65 "-" "Mozilla/5.0 (Macintosh; Intel Mac OS X 10_15_7) Safari/537.36"
192.168.189.131 - - [10/Dec/2023:00:24:01 +0000] "GET /login HTTP/1.0" 404 4064 "-" "Mozilla/5.0 (Linux; Android 9) Firefox/80.0"
192.168.36.9 - - [04/Mar/2023:01:02:35 +0000] "DELETE /about HTTP/1.1" 403 4122 "-" "Mozilla/5.0 (Macintosh; Intel Mac OS X 10_15_7) Safari/537.36"
192.168.25.121 - - [18/May/2023:08:11:56 +0000] "DELETE /dashboard HTTP/2" 301 664 "-" "Mozilla/5.0 (iPhone; CPU iPhone OS 14_0 like Mac OS X)"
192.168.130.104 - - [20/May/2023:13:02:33 +0000] "DELETE /api/data HTTP/1.0" 401 2830 "-" "Mozilla/5.0 (Windows NT 10.0; WOW64; rv:45.0) Gecko/20100101 Firefox/45.0"
192.168.246.29 - - [27/Nov/2023:00:21:15 +0000] "GET /index.html HTTP/1.0" 200 3661 "-" "Mozilla/5.0 (iPhone; CPU iPhone OS 14_0 like Mac OS X)"
192.168.72.105 - - [20/Nov/2023:03:20:57 +0000] "PUT /about HTTP/1.1" 302 2032 "-" "Mozilla/5.0 (Macintosh; Intel Mac OS X 10_15_7) Safari/537.36"
192.168.10.80 - - [15/Feb/2023:18:29:37 +0000] "DELETE /login HTTP/1.0" 403 2288 "-" "Mozilla/5.0 (Windows NT 10.0; WOW64; rv:45.0) Gecko/20100101 Firefox/45.0"
192.168.198.70 - - [11/Apr/2023:04:30:08 +0000] "GET /api/data HTTP/1.0" 401 2484 "-" "Mozilla/5.0 (Macintosh; Intel Mac OS X 10_15_7) Safari/537.36"
192.168.122.148 - - [07/May/2023:04:10:19 +0000] "PUT /products HTTP/1.0" 403 1553 "-" "Mozilla/5.0 (Windows NT 10.0; Win64; x64) Chrome/91.0"
192.168.242.80 - - [28/Apr/2023:15:20:59 +0000] "PUT /about HTTP/1.1" 401 1582 "-" "Mozilla/5.0 (Windows NT 10.0; Win64; x64) Chrome/91.0"
192.168.150.205 - - [25/May/2023:09:39:16 +0000] "DELETE /index.html HTTP/1.1" 400 589 "-" "Mozilla/5.0 (Linux; Android 9) Firefox/80.0"
192.168.66.228 - - [23/Jul/2023:11:03:04 +0000] "POST /api/data HTTP/1.0" 404 3896 "-" "Mozilla/5.0 (Macintosh; Intel Mac OS X 10_15_7) Safari/537.36"
192.168.205.133 - - [10/Apr/2023:17:15:56 +0000] "DELETE /login HTTP/1.1" 401 4423 "-" "Mozilla/5.0 (Linux; Android 9) Firefox/80.0"
192.168.194.45 - - [08/Sep/2023:23:05:15 +0000] "DELETE /about HTTP/1.0" 301 844 "-" "Mozilla/5.0 (Windows NT 10.0; WOW64; rv:45.0) Gecko/20100101 Firefox/45.0"
192.168.1.25 - - [04/Apr/2023:15:50:06 +0000] "PUT /dashboard HTTP/1.1" 200 27 "-" "Mozilla/5.0 (iPhone; CPU iPhone OS 14_0 like Mac OS X)"
192.168.109.1 - - [07/Aug/2023:03:20:03 +0000] "POST /api/data HTTP/1.1" 401 3725 "-" "Mozilla/5.0 (Windows NT 10.0; Win64; x64) Chrome/91.0"
192.168.73.207 - - [04/Apr/2023:01:43:58 +0000] "PUT /products HTTP/1.1" 200 972 "-" "Mozilla/5.0 (iPhone; CPU iPhone OS 14_0 like Mac OS X)"
192.168.231.171 - - [17/Dec/2023:22:42:58 +0000] "PUT /contact HTTP/1.0" 201 2728 "-" "Mozilla/5.0 (Windows NT 10.0; Win64; x64) Chrome/91.0"
192.168.136.141 - - [12/Jan/2023:19:48:19 +0000] "PUT /about HTTP/1.0" 503 1049 "-" "Mozilla/5.0 (iPhone; CPU iPhone OS 14_0 like Mac OS X)"
192.168.125.108 - - [22/Jun/2023:11:54:10 +0000] "POST /login HTTP/1.1" 301 3269 "-" "Mozilla/5.0 (Macintosh; Intel Mac OS X 10_15_7) Safari/537.36"
192.168.122.148 - - [21/Dec/2023:17:00:07 +0000] "PUT /login HTTP/1.0" 403 218 "-" "Mozilla/5.0 (Windows NT 10.0; WOW64; rv:45.0) Gecko/20100101 Firefox/45.0"
192.168.246.29 - - [01/Oct/2023:06:58:51 +0000] "GET /contact HTTP/1.0" 500 1034 "-" "Mozilla/5.0 (Windows NT 10.0; WOW64; rv:45.0) Gecko/20100101 Firefox/45.0"
192.168.108.134 - - [14/May/2023:10:11:27 +0000] "GET /index.html HTTP/1.0" 503 3664 "-" "Mozilla/5.0 (Windows NT 10.0; Win64; x64) Chrome/91.0"
192.168.54.230 - - [09/Jul/2023:15:28:47 +0000] "GET /products HTTP/1.0" 400 3813 "-" "Mozilla/5.0 (Windows NT 10.0; Win64; x64) Chrome/91.0"
192.168.216.222 - - [28/Aug/2023:09:43:17 +0000] "DELETE /login HTTP/1.0" 301 3245 "-" "Mozilla/5.0 (iPhone; CPU iPhone OS 14_0 like Mac OS X)"
192.168.125.108 - - [24/Feb/2023:22:09:43 +0000] "PUT /dashboard HTTP/2" 301 930 "-" "Mozilla/5.0 (Macintosh; Intel Mac OS X 10_15_7) Safari/537.36"
192.168.205.133 - - [14/Mar/2023:04:41:41 +0000] "GET /api/data HTTP/1.1" 400 3393 "-" "Mozilla/5.0 (Windows NT 10.0; Win64; x64) Chrome/91.0"
192.168.186.82 - - [19/May/2023:20:46:21 +0000] "POST /dashboard HTTP/2" 200 3283 "-" "Mozilla/5.0 (iPhone; CPU iPhone OS 14_0 like Mac OS X)"
192.168.50.210 - - [27/Aug/2023:19:40:38 +0000] "POST /contact HTTP/2" 503 2759 "-" "Mozilla/5.0 (Windows NT 10.0; Win64; x64) Chrome/91.0"
192.168.136.141 - - [06/Oct/2023:04:46:49 +0000] "GET /dashboard HTTP/1.0" 301 1416 "-" "Mozilla/5.0 (Windows NT 10.0; WOW64; rv:45.0) Gecko/20100101 Firefox/45.0"
192.168.0.136 - - [05/Nov/2023:23:11:43 +0000] "POST /about HTTP/1.0" 404 1148 "-" "Mozilla/5.0 (Windows NT 10.0; Win64; x64) Chrome/91.0"
192.168.138.223 - - [21/Nov/2023:20:16:26 +0000] "PUT /index.html HTTP/1.1" 500 4895 "-" "Mozilla/5.0 (Windows NT 10.0; WOW64; rv:45.0) Gecko/20100101 Firefox/45.0"
192.168.231.76 - - [25/Oct/2023:10:53:57 +0000] "POST /contact HTTP/1.1" 401 2268 "-" "Mozilla/5.0 (Linux; Android 9) Firefox/80.0"
192.168.115.215 - - [22/Mar/2023:04:20:08 +0000] "DELETE /dashboard HTTP/1.0" 301 2169 "-" "Mozilla/5.0 (Macintosh; Intel Mac OS X 10_15_7) Safari/537.36"
192.168.205.133 - - [12/Dec/2023:07:29:15 +0000] "DELETE /products HTTP/2" 200 46 "-" "Mozilla/5.0 (Windows NT 10.0; Win64; x64) Chrome/91.0"
192.168.209.226 - - [28/Sep/2023:22:24:52 +0000] "PUT /products HTTP/2" 503 744 "-" "Mozilla/5.0 (Linux; Android 9) Firefox/80.0"
192.168.10.108 - - [21/Sep/2023:18:15:14 +0000] "GET /about HTTP/1.1" 400 4451 "-" "Mozilla/5.0 (Linux; Android 9) Firefox/80.0"
192.168.115.215 - - [26/Feb/2023:04:54:03 +0000] "DELETE /contact HTTP/1.1" 400 235 "-" "Mozilla/5.0 (Macintosh; Intel Mac OS X 10_15_7) Safari/537.36"
192.168.99.72 - - [01/Oct/2023:20:34:35 +0000] "PUT /login HTTP/1.0" 200 3223 "-" "Mozilla/5.0 (Windows NT 10.0; Win64; x64) Chrome/91.0"
192.168.29.108 - - [23/Nov/2023:10:06:26 +0000] "PUT /index.html HTTP/1.0" 401 4168 "-" "Mozilla/5.0 (iPhone; CPU iPhone OS 14_0 like Mac OS X)"
192.168.115.215 - - [23/Nov/2023:09:35:02 +0000] "GET /dashboard HTTP/1.1" 500 2742 "-" "Mozilla/5.0 (Linux; Android 9) Firefox/80.0"
192.168.165.55 - - [22/Jul/2023:15:11:41 +0000] "PUT /products HTTP/2" 201 4870 "-" "Mozilla/5.0 (Macintosh; Intel Mac OS X 10_15_7) Safari/537.36"
192.168.216.222 - - [14/Jan/2023:03:49:44 +0000] "DELETE /products HTTP/1.0" 503 2703 "-" "Mozilla/5.0 (Windows NT 10.0; WOW64; rv:45.0) Gecko/20100101 Firefox/45.0"
192.168.70.135 - - [29/Nov/2023:11:20:42 +0000] "DELETE /products HTTP/2" 302 1083 "-" "Mozilla/5.0 (Macintosh; Intel Mac OS X 10_15_7) Safari/537.36"
192.168.25.121 - - [16/Mar/2023:14:45:38 +0000] "DELETE /about HTTP/1.1" 201 2496 "-" "Mozilla/5.0 (Linux; Android 9) Firefox/80.0"
192.168.205.133 - - [09/Nov/2023:03:44:07 +0000] "POST /login HTTP/1.1" 200 2874 "-" "Mozilla/5.0 (Macintosh; Intel Mac OS X 10_15_7) Safari/537.36"
192.168.70.135 - - [27/Jan/2023:12:38:43 +0000] "GET /api/data HTTP/1.1" 302 1013 "-" "Mozilla/5.0 (Windows NT 10.0; Win64; x64) Chrome/91.0"
192.168.246.29 - - [14/Jan/2023:12:10:37 +0000] "DELETE /index.html HTTP/1.1" 500 3179 "-" "Mozilla/5.0 (Windows NT 10.0; Win64; x64) Chrome/91.0"
192.168.0.136 - - [05/Apr/2023:01:30:51 +0000] "DELETE /index.html HTTP/1.0" 401 2568 "-" "Mozilla/5.0 (Macintosh; Intel Mac OS X 10_15_7) Safari/537.36"
192.168.3.246 - - [10/Nov/2023:17:35:44 +0000] "PUT /api/data HTTP/1.0" 404 663 "-" "Mozilla/5.0 (iPhone; CPU iPhone OS 14_0 like Mac OS X)"
192.168.172.138 - - [25/Nov/2023:03:00:43 +0000] "DELETE /login HTTP/1.1" 400 1872 "-" "Mozilla/5.0 (Windows NT 10.0; Win64; x64) Chrome/91.0"
192.168.214.149 - - [24/Mar/2023:22:22:10 +0000] "POST /contact HTTP/1.1" 403 280 "-" "Mozilla/5.0 (iPhone; CPU iPhone OS 14_0 like Mac OS X)"
192.168.118.14 - - [08/Sep/2023:18:08:49 +0000] "POST /about HTTP/1.0" 400 2696 "-" "Mozilla/5.0 (iPhone; CPU iPhone OS 14_0 like Mac OS X)"
192.168.149.185 - - [09/Jul/2023:09:57:29 +0000] "PUT /about HTTP/1.1" 200 4537 "-" "Mozilla/5.0 (Macintosh; Intel Mac OS X 10_15_7) Safari/537.36"
192.168.149.185 - - [17/Mar/2023:02:39:53 +0000] "PUT /api/data HTTP/2" 401 2576 "-" "Mozilla/5.0 (Linux; Android 9) Firefox/80.0"
192.168.24.82 - - [07/Oct/2023:05:26:41 +0000] "DELETE /dashboard HTTP/2" 400 437 "-" "Mozilla/5.0 (Windows NT 10.0; Win64; x64) Chrome/91.0"
192.168.70.135 - - [13/Aug/2023:07:23:51 +0000] "GET /about HTTP/2" 201 4396 "-" "Mozilla/5.0 (Windows NT 10.0; WOW64; rv:45.0) Gecko/20100101 Firefox/45.0"
192.168.123.215 - - [02/Aug/2023:22:56:48 +0000] "GET /index.html HTTP/1.0" 201 380 "-" "Mozilla/5.0 (Windows NT 10.0; Win64; x64) Chrome/91.0"
192.168.50.210 - - [03/Apr/2023:17:56:46 +0000] "GET /api/data HTTP/1.1" 302 3925 "-" "Mozilla/5.0 (iPhone; CPU iPhone OS 14_0 like Mac OS X)"
192.168.0.136 - - [05/May/2023:11:44:24 +0000] "POST /api/data HTTP/1.0" 500 2160 "-" "Mozilla/5.0 (Linux; Android 9) Firefox/80.0"
192.168.189.131 - - [16/Oct/2023:13:29:08 +0000] "PUT /index.html HTTP/1.0" 201 1817 "-" "Mozilla/5.0 (iPhone; CPU iPhone OS 14_0 like Mac OS X)"
192.168.47.8 - - [01/May/2023:12:56:50 +0000] "POST /login HTTP/1.1" 503 3282 "-" "Mozilla/5.0 (Linux; Android 9) Firefox/80.0"
192.168.211.153 - - [03/Apr/2023:14:47:10 +0000] "GET /api/data HTTP/1.0" 301 995 "-" "Mozilla/5.0 (iPhone; CPU iPhone OS 14_0 like Mac OS X)"
192.168.185.193 - - [05/Feb/2023:16:05:08 +0000] "GET /login HTTP/2" 401 1871 "-" "Mozilla/5.0 (Linux; Android 9) Firefox/80.0"
192.168.70.135 - - [25/Jun/2023:06:54:17 +0000] "GET /api/data HTTP/1.1" 401 2368 "-" "Mozilla/5.0 (Windows NT 10.0; WOW64; rv:45.0) Gecko/20100101 Firefox/45.0"
192.168.242.80 - - [19/Jul/2023:20:25:37 +0000] "GET /about HTTP/1.1" 201 417 "-" "Mozilla/5.0 (Linux; Android 9) Firefox/80.0"
192.168.242.80 - - [13/Mar/2023:04:16:36 +0000] "GET /contact HTTP/1.1" 400 2776 "-" "Mozilla/5.0 (Macintosh; Intel Mac OS X 10_15_7) Safari/537.36"
192.168.118.218 - - [30/Sep/2023:07:54:20 +0000] "POST /products HTTP/2" 503 4277 "-" "Mozilla/5.0 (Macintosh; Intel Mac OS X 10_15_7) Safari/537.36"
192.168.130.67 - - [05/Dec/2023:00:42:10 +0000] "DELETE /about HTTP/2" 503 4278 "-" "Mozilla/5.0 (Windows NT 10.0; WOW64; rv:45.0) Gecko/20100101 Firefox/45.0"
192.168.251.168 - - [30/Jul/2023:23:51:02 +0000] "POST /index.html HTTP/2" 500 1533 "-" "Mozilla/5.0 (Linux; Android 9) Firefox/80.0"
192.168.194.242 - - [04/Jun/2023:13:29:53 +0000] "PUT /contact HTTP/1.0" 500 2915 "-" "Mozilla/5.0 (Windows NT 10.0; Win64; x64) Chrome/91.0"
192.168.107.74 - - [24/Jun/2023:16:09:59 +0000] "POST /api/data HTTP/1.0" 302 3630 "-" "Mozilla/5.0 (Windows NT 10.0; WOW64; rv:45.0) Gecko/20100101 Firefox/45.0"
192.168.124.42 - - [08/Dec/2023:06:14:54 +0000] "PUT /login HTTP/1.0" 401 1057 "-" "Mozilla/5.0 (Macintosh; Intel Mac OS X 10_15_7) Safari/537.36"
192.168.85.107 - - [05/Jan/2023:11:23:39 +0000] "DELETE /dashboard HTTP/2" 403 3262 "-" "Mozilla/5.0 (iPhone; CPU iPhone OS 14_0 like Mac OS X)"
192.168.123.215 - - [19/Apr/2023:19:41:16 +0000] "GET /index.html HTTP/1.1" 400 713 "-" "Mozilla/5.0 (Windows NT 10.0; Win64; x64) Chrome/91.0"
192.168.211.153 - - [13/Apr/2023:08:58:40 +0000] "PUT /dashboard HTTP/1.1" 500 4460 "-" "Mozilla/5.0 (Linux; Android 9) Firefox/80.0"
192.168.182.157 - - [06/May/2023:07:13:36 +0000] "POST /dashboard HTTP/1.1" 404 1558 "-" "Mozilla/5.0 (iPhone; CPU iPhone OS 14_0 like Mac OS X)"
192.168.109.1 - - [01/Jul/2023:23:58:16 +0000] "DELETE /dashboard HTTP/2" 200 2509 "-" "Mozilla/5.0 (Windows NT 10.0; WOW64; rv:45.0) Gecko/20100101 Firefox/45.0"
192.168.109.223 - - [11/Oct/2023:22:22:36 +0000] "POST /products HTTP/1.0" 401 3048 "-" "Mozilla/5.0 (Windows NT 10.0; Win64; x64) Chrome/91.0"
192.168.185.193 - - [22/Jun/2023:12:01:42 +0000] "POST /api/data HTTP/2" 200 1723 "-" "Mozilla/5.0 (Macintosh; Intel Mac OS X 10_15_7) Safari/537.36"
192.168.115.215 - - [08/Oct/2023:02:20:09 +0000] "DELETE /index.html HTTP/1.1" 500 4309 "-" "Mozilla/5.0 (iPhone; CPU iPhone OS 14_0 like Mac OS X)"
192.168.8.203 - - [02/Mar/2023:21:57:15 +0000] "POST /contact HTTP/1.1" 302 3773 "-" "Mozilla/5.0 (Windows NT 10.0; WOW64; rv:45.0) Gecko/20100101 Firefox/45.0"
192.168.2.85 - - [29/Aug/2023:23:19:53 +0000] "POST /products HTTP/2" 401 4894 "-" "Mozilla/5.0 (Macintosh; Intel Mac OS X 10_15_7) Safari/537.36"
192.168.58.231 - - [28/Dec/2023:19:24:34 +0000] "GET /about HTTP/2" 302 4344 "-" "Mozilla/5.0 (Macintosh; Intel Mac OS X 10_15_7) Safari/537.36"
192.168.50.26 - - [24/Sep/2023:13:55:36 +0000] "PUT /login HTTP/2" 200 2406 "-" "Mozilla/5.0 (iPhone; CPU iPhone OS 14_0 like Mac OS X)"
192.168.216.222 - - [13/Jan/2023:21:36:54 +0000] "PUT /api/data HTTP/2" 403 3655 "-" "Mozilla/5.0 (Windows NT 10.0; Win64; x64) Chrome/91.0"
192.168.216.222 - - [04/Dec/2023:15:00:04 +0000] "DELETE /api/data HTTP/2" 201 1556 "-" "Mozilla/5.0 (Windows NT 10.0; WOW64; rv:45.0) Gecko/20100101 Firefox/45.0"
192.168.125.108 - - [05/Feb/2023:18:27:29 +0000] "DELETE /login HTTP/1.0" 403 1294 "-" "Mozilla/5.0 (Linux; Android 9) Firefox/80.0"
192.168.0.136 - - [03/Sep/2023:03:45:00 +0000] "PUT /products HTTP/1.1" 404 198 "-" "Mozilla/5.0 (iPhone; CPU iPhone OS 14_0 like Mac OS X)"
192.168.49.60 - - [16/Dec/2023:08:29:36 +0000] "GET /contact HTTP/2" 400 2233 "-" "Mozilla/5.0 (Windows NT 10.0; WOW64; rv:45.0) Gecko/20100101 Firefox/45.0"
192.168.151.60 - - [17/Mar/2023:16:31:07 +0000] "GET /about HTTP/2" 301 4950 "-" "Mozilla/5.0 (Windows NT 10.0; Win64; x64) Chrome/91.0"
192.168.194.45 - - [19/Jun/2023:14:18:14 +0000] "DELETE /products HTTP/1.0" 200 54 "-" "Mozilla/5.0 (iPhone; CPU iPhone OS 14_0 like Mac OS X)"
192.168.124.42 - - [30/Mar/2023:05:24:12 +0000] "POST /products HTTP/1.0" 500 4890 "-" "Mozilla/5.0 (Windows NT 10.0; WOW64; rv:45.0) Gecko/20100101 Firefox/45.0"
192.168.130.104 - - [16/Jun/2023:22:49:05 +0000] "GET /contact HTTP/2" 200 1283 "-" "Mozilla/5.0 (Linux; Android 9) Firefox/80.0"
192.168.176.225 - - [15/Jan/2023:21:41:55 +0000] "PUT /about HTTP/1.1" 400 526 "-" "Mozilla/5.0 (Linux; Android 9) Firefox/80.0"
192.168.172.138 - - [09/Dec/2023:08:24:53 +0000] "PUT /api/data HTTP/1.0" 400 2462 "-" "Mozilla/5.0 (Windows NT 10.0; WOW64; rv:45.0) Gecko/20100101 Firefox/45.0"
192.168.123.54 - - [26/Apr/2023:23:38:41 +0000] "POST /api/data HTTP/1.0" 302 3524 "-" "Mozilla/5.0 (Windows NT 10.0; WOW64; rv:45.0) Gecko/20100101 Firefox/45.0"
192.168.58.231 - - [15/Aug/2023:18:03:59 +0000] "PUT /products HTTP/2" 503 3023 "-" "Mozilla/5.0 (Windows NT 10.0; Win64; x64) Chrome/91.0"
192.168.214.149 - - [08/Apr/2023:14:50:59 +0000] "POST /dashboard HTTP/1.1" 403 1420 "-" "Mozilla/5.0 (Linux; Android 9) Firefox/80.0"
192.168.108.134 - - [06/May/2023:05:07:02 +0000] "POST /api/data HTTP/2" 500 2406 "-" "Mozilla/5.0 (Windows NT 10.0; WOW64; rv:45.0) Gecko/20100101 Firefox/45.0"
192.168.102.89 - - [30/May/2023:22:05:36 +0000] "GET /index.html HTTP/2" 200 3238 "-" "Mozilla/5.0 (Macintosh; Intel Mac OS X 10_15_7) Safari/537.36"
192.168.50.210 - - [07/Aug/2023:04:16:27 +0000] "POST /index.html HTTP/2" 500 2235 "-" "Mozilla/5.0 (Windows NT 10.0; Win64; x64) Chrome/91.0"
192.168.165.55 - - [01/Jan/2023:21:19:35 +0000] "GET /index.html HTTP/2" 404 400 "-" "Mozilla/5.0 (Linux; Android 9) Firefox/80.0"
192.168.10.80 - - [14/Jul/2023:17:57:00 +0000] "DELETE /index.html HTTP/1.1" 400 2219 "-" "Mozilla/5.0 (iPhone; CPU iPhone OS 14_0 like Mac OS X)"
192.168.251.168 - - [07/Jun/2023:21:23:23 +0000] "GET /api/data HTTP/1.1" 201 578 "-" "Mozilla/5.0 (iPhone; CPU iPhone OS 14_0 like Mac OS X)"
192.168.50.26 - - [27/Jun/2023:10:49:10 +0000] "PUT /about HTTP/2" 503 2361 "-" "Mozilla/5.0 (Macintosh; Intel Mac OS X 10_15_7) Safari/537.36"
192.168.152.183 - - [21/May/2023:04:48:34 +0000] "PUT /login HTTP/2" 302 3508 "-" "Mozilla/5.0 (Windows NT 10.0; Win64; x64) Chrome/91.0"
192.168.110.93 - - [09/Dec/2023:12:12:35 +0000] "DELETE /api/data HTTP/1.1" 400 2782 "-" "Mozilla/5.0 (Macintosh; Intel Mac OS X 10_15_7) Safari/537.36"
192.168.124.42 - - [21/Apr/2023:06:31:59 +0000] "GET /login HTTP/1.1" 403 113 "-" "Mozilla/5.0 (Linux; Android 9) Firefox/80.0"
192.168.25.121 - - [04/Feb/2023:04:07:41 +0000] "GET /about HTTP/2" 301 4894 "-" "Mozilla/5.0 (Macintosh; Intel Mac OS X 10_15_7) Safari/537.36"
192.168.3.246 - - [05/Jul/2023:08:39:20 +0000] "GET /contact HTTP/1.0" 200 1 "-" "Mozilla/5.0 (Linux; Android 9) Firefox/80.0"
192.168.66.228 - - [23/Jun/2023:21:43:22 +0000] "DELETE /products HTTP/1.0" 201 3880 "-" "Mozilla/5.0 (Windows NT 10.0; WOW64; rv:45.0) Gecko/20100101 Firefox/45.0"
192.168.66.228 - - [20/Aug/2023:11:43:32 +0000] "PUT /api/data HTTP/2" 503 4415 "-" "Mozilla/5.0 (Windows NT 10.0; Win64; x64) Chrome/91.0"
192.168.36.9 - - [23/Jan/2023:12:58:44 +0000] "PUT /contact HTTP/1.1" 201 546 "-" "Mozilla/5.0 (Windows NT 10.0; WOW64; rv:45.0) Gecko/20100101 Firefox/45.0"
192.168.0.136 - - [25/Jul/2023:16:58:22 +0000] "GET /login HTTP/2" 403 3202 "-" "Mozilla/5.0 (Windows NT 10.0; WOW64; rv:45.0) Gecko/20100101 Firefox/45.0"
192.168.10.108 - - [12/Jan/2023:07:08:11 +0000] "GET /index.html HTTP/2" 500 650 "-" "Mozilla/5.0 (Windows NT 10.0; WOW64; rv:45.0) Gecko/20100101 Firefox/45.0"
192.168.109.223 - - [16/Jul/2023:00:22:50 +0000] "POST /products HTTP/2" 200 2225 "-" "Mozilla/5.0 (Windows NT 10.0; WOW64; rv:45.0) Gecko/20100101 Firefox/45.0"
192.168.198.70 - - [27/Jul/2023:02:15:02 +0000] "DELETE /dashboard HTTP/1.1" 401 2167 "-" "Mozilla/5.0 (Windows NT 10.0; Win64; x64) Chrome/91.0"
192.168.43.41 - - [12/Sep/2023:14:19:29 +0000] "POST /api/data HTTP/1.0" 201 3797 "-" "Mozilla/5.0 (iPhone; CPU iPhone OS 14_0 like Mac OS X)"
192.168.58.231 - - [26/Dec/2023:01:15:29 +0000] "DELETE /dashboard HTTP/1.0" 401 3571 "-" "Mozilla/5.0 (Linux; Android 9) Firefox/80.0"
