192.168.2.85 - - [19/Sep/2023:15:37:26 +0000] "POST /products HTTP/1.1" 400 1685 "-" "Mozilla/5.0 (Windows NT 10.0; WOW64; rv:45.0) Gecko/20100101 Firefox/45.0"
192.168.0.136 - - [06/May/2023:10:34:58 +0000] "POST /index.html HTTP/1.0" 302 811 "-" "Mozilla/5.0 (iPhone; CPU iPhone OS 14_0 like Mac OS X)"
192.168.215.3 - - [12/Jan/2023:03:09:51 +0000] "PUT /about HTTP/1.0" 500 1136 "-" "Mozilla/5.0 (Windows NT 10.0; WOW64; rv:45.0) Gecko/20100101 Firefox/45.0"
192.168.130.73 - - [14/Feb/2023:15:28:56 +0000] "POST /products HTTP/1.1" 404 2906 "-" "Mozilla/5.0 (Windows NT 10.0; Win64; x64) Chrome/91.0"
192.168.130.73 - - [27/Jul/2023:23:50:49 +0000] "GET /index.html HTTP/1.1" 401 938 "-" "Mozilla/5.0 (Windows NT 10.0; WOW64; rv:45.0) Gecko/20100101 Firefox/45.0"
192.168.211.153 - - [23/Sep/2023:19:16:58 +0000] "POST /products HTTP/2" 301 134 "-" "Mozilla/5.0 (Linux; Android 9) Firefox/80.0"
192.168.24.82 - - [21/Jul/2023:04:13:49 +0000] "DELETE /products HTTP/2" 400 3129 "-" "Mozilla/5.0 (Windows NT 10.0; Win64; x64) Chrome/91.0"
192.168.137.32 - - [06/Aug/2023:11:45:26 +0000] "DELETE /index.html HTTP/1.0" 302 877 "-" "Mozilla/5.0 (Windows NT 10.0; Win64; x64) Chrome/91.0"
192.168.150.205 - - [27/May/2023:23:22:42 +0000] "POST /login HTTP/1.0" 404 2227 "-" "Mozilla/5.0 (Linux; Android 9) Firefox/80.0"
192.168.29.135 - - [23/Sep/2023:13:47:07 +0000] "GET /api/data HTTP/1.1" 301 3652 "-" "Mozilla/5.0 (Macintosh; Intel Mac OS X 10_15_7) Safari/537.36"
192.168.109.1 - - [26/Sep/2023:22:31:00 +0000] "DELETE /contact HTTP/1.0" 403 3817 "-" "Mozilla/5.0 (iPhone; CPU iPhone OS 14_0 like Mac OS X)"
192.168.54.230 - - [25/Mar/2023:03:35:44 +0000] "DELETE /contact HTTP/1.1" 404 3439 "-" "Mozilla/5.0 (Linux; Android 9) Firefox/80.0"
192.168.185.95 - - [17/Nov/2023:04:14:15 +0000] "POST /index.html HTTP/2" 403 3660 "-" "Mozilla/5.0 (Windows NT 10.0; Win64; x64) Chrome/91.0"
192.168.118.14 - - [30/Jan/2023:16:36:10 +0000] "PUT /contact HTTP/2" 403 1495 "-" "Mozilla/5.0 (Windows NT 10.0; WOW64; rv:45.0) Gecko/20100101 Firefox/45.0"
192.168.133.18 - - [03/Aug/2023:21:40:19 +0000] "GET /login HTTP/1.1" 201 2947 "-" "Mozilla/5.0 (iPhone; CPU iPhone OS 14_0 like Mac OS X)"
192.168.189.131 - - [25/Apr/2023:16:56:53 +0000] "POST /products HTTP/2" 201 634 "-" "Mozilla/5.0 (iPhone; CPU iPhone OS 14_0 like Mac OS X)"
192.168.20.131 - - [11/Sep/2023:20:19:54 +0000] "PUT /products HTTP/1.1" 400 4385 "-" "Mozilla/5.0 (Macintosh; Intel Mac OS X 10_15_7) Safari/537.36"
192.168.109.223 - - [03/Nov/2023:23:07:30 +0000] "DELETE /contact HTTP/1.0" 500 461 "-" "Mozilla/5.0 (Windows NT 10.0; WOW64; rv:45.0) Gecko/20100101 Firefox/45.0"
192.168.54.230 - - [08/May/2023:16:16:07 +0000] "PUT /api/data HTTP/1.0" 500 230 "-" "Mozilla/5.0 (Windows NT 10.0; Win64; x64) Chrome/91.0"
192.168.53.91 - - [22/Mar/2023:08:11:09 +0000] "PUT /about HTTP/1.1" 503 1723 "-" "Mozilla/5.0 (iPhone; CPU iPhone OS 14_0 like Mac OS X)"
192.168.251.168 - - [05/Sep/2023:02:28:52 +0000] "DELETE /login HTTP/2" 400 2003 "-" "Mozilla/5.0 (Windows NT 10.0; WOW64; rv:45.0) Gecko/20100101 Firefox/45.0"
192.168.205.133 - - [14/Feb/2023:04:05:29 +0000] "DELETE /login HTTP/1.0" 503 206 "-" "Mozilla/5.0 (Macintosh; Intel Mac OS X 10_15_7) Safari/537.36"
192.168.149.185 - - [10/Dec/2023:11:49:25 +0000] "POST /about HTTP/1.0" 301 1895 "-" "Mozilla/5.0 (Linux; Android 9) Firefox/80.0"
192.168.115.215 - - [09/Jan/2023:20:32:04 +0000] "GET /products HTTP/1.0" 404 4323 "-" "Mozilla/5.0 (Windows NT 10.0; Win64; x64) Chrome/91.0"
192.168.23.28 - - [01/Nov/2023:20:12:20 +0000] "POST /products HTTP/1.1" 201 4493 "-" "Mozilla/5.0 (iPhone; CPU iPhone OS 14_0 like Mac OS X)"
192.168.153.110 - - [29/Oct/2023:20:32:37 +0000] "POST /login HTTP/2" 201 941 "-" "Mozilla/5.0 (iPhone; CPU iPhone OS 14_0 like Mac OS X)"
192.168.122.148 - - [23/Jun/2023:00:31:07 +0000] "PUT /about HTTP/2" 301 3200 "-" "Mozilla/5.0 (Windows NT 10.0; Win64; x64) Chrome/91.0"
192.168.0.23 - - [08/Dec/2023:05:40:02 +0000] "DELETE /products HTTP/1.0" 200 4776 "-" "Mozilla/5.0 (Windows NT 10.0; WOW64; rv:45.0) Gecko/20100101 Firefox/45.0"
192.168.130.73 - - [16/May/2023:19:55:39 +0000] "POST /products HTTP/2" 401 2784 "-" "Mozilla/5.0 (Windows NT 10.0; WOW64; rv:45.0) Gecko/20100101 Firefox/45.0"
192.168.4.217 - - [04/Dec/2023:05:02:46 +0000] "DELETE /api/data HTTP/1.1" 200 3036 "-" "Mozilla/5.0 (Windows NT 10.0; Win64; x64) Chrome/91.0"
192.168.207.145 - - [10/Mar/2023:12:47:58 +0000] "PUT /contact HTTP/2" 401 3829 "-" "Mozilla/5.0 (iPhone; CPU iPhone OS 14_0 like Mac OS X)"
192.168.82.40 - - [31/Jan/2023:05:54:02 +0000] "GET /dashboard HTTP/1.1" 302 2665 "-" "Mozilla/5.0 (Windows NT 10.0; WOW64; rv:45.0) Gecko/20100101 Firefox/45.0"
192.168.110.93 - - [14/Jun/2023:20:25:35 +0000] "POST /index.html HTTP/2" 201 3495 "-" "Mozilla/5.0 (Linux; Android 9) Firefox/80.0"
192.168.197.68 - - [27/Apr/2023:16:34:00 +0000] "POST /api/data HTTP/1.1" 404 3788 "-" "Mozilla/5.0 (Macintosh; Intel Mac OS X 10_15_7) Safari/537.36"
192.168.185.95 - - [23/Feb/2023:14:42:13 +0000] "PUT /contact HTTP/1.0" 403 4044 "-" "Mozilla/5.0 (Macintosh; Intel Mac OS X 10_15_7) Safari/537.36"
192.168.194.45 - - [03/Sep/2023:19:53:22 +0000] "POST /contact HTTP/1.1" 401 484 "-" "Mozilla/5.0 (Windows NT 10.0; Win64; x64) Chrome/91.0"
192.168.93.1 - - [08/Nov/2023:09:45:38 +0000] "DELETE /contact HTTP/1.0" 401 1204 "-" "Mozilla/5.0 (iPhone; CPU iPhone OS 14_0 like Mac OS X)"
192.168.58.231 - - [20/Jan/2023:08:24:17 +0000] "POST /dashboard HTTP/1.1" 201 2190 "-" "Mozilla/5.0 (Windows NT 10.0; Win64; x64) Chrome/91.0"
192.168.108.134 - - [16/Jul/2023:03:41:48 +0000] "POST /api/data HTTP/1.0" 200 4809 "-" "Mozilla/5.0 (Macintosh; Intel Mac OS X 10_15_7) Safari/537.36"
192.168.23.28 - - [06/Dec/2023:11:35:39 +0000] "POST /dashboard HTTP/1.0" 200 2751 "-" "Mozilla/5.0 (Macintosh; Intel Mac OS X 10_15_7) Safari/537.36"
192.168.43.41 - - [24/May/2023:11:09:35 +0000] "PUT /products HTTP/2" 403 4820 "-" "Mozilla/5.0 (iPhone; CPU iPhone OS 14_0 like Mac OS X)"
192.168.150.205 - - [30/Jun/2023:18:06:35 +0000] "PUT /api/data HTTP/1.1" 404 2004 "-" "Mozilla/5.0 (Macintosh; Intel Mac OS X 10_15_7) Safari/537.36"
192.168.186.82 - - [16/Jun/2023:05:10:23 +0000] "POST /about HTTP/2" 201 1620 "-" "Mozilla/5.0 (iPhone; CPU iPhone OS 14_0 like Mac OS X)"
192.168.115.215 - - [17/Aug/2023:03:12:46 +0000] "GET /about HTTP/2" 400 4779 "-" "Mozilla/5.0 (iPhone; CPU iPhone OS 14_0 like Mac OS X)"
192.168.231.76 - - [20/Jul/2023:10:35:47 +0000] "DELETE /products HTTP/2" 301 4426 "-" "Mozilla/5.0 (Windows NT 10.0; WOW64; rv:45.0) Gecko/20100101 Firefox/45.0"
192.168.123.215 - - [18/Jan/2023:02:22:24 +0000] "GET /login HTTP/2" 301 2560 "-" "Mozilla/5.0 (Windows NT 10.0; Win64; x64) Chrome/91.0"
192.168.242.80 - - [06/May/2023:17:29:56 +0000] "PUT /products HTTP/1.0" 201 35 "-" "Mozilla/5.0 (Windows NT 10.0; WOW64; rv:45.0) Gecko/20100101 Firefox/45.0"
192.168.60.237 - - [07/Aug/2023:16:36:26 +0000] "POST /dashboard HTTP/2" 201 800 "-" "Mozilla/5.0 (iPhone; CPU iPhone OS 14_0 like Mac OS X)"
192.168.153.110 - - [06/Oct/2023:07:36:02 +0000] "PUT /api/data HTTP/1.1" 500 3542 "-" "Mozilla/5.0 (iPhone; CPU iPhone OS 14_0 like Mac OS X)"
192.168.58.231 - - [28/Jan/2023:00:02:30 +0000] "GET /dashboard HTTP/2" 503 1686 "-" "Mozilla/5.0 (Windows NT 10.0; Win64; x64) Chrome/91.0"
192.168.192.205 - - [30/Jun/2023:06:09:46 +0000] "PUT /products HTTP/2" 401 4919 "-" "Mozilla/5.0 (iPhone; CPU iPhone OS 14_0 like Mac OS X)"
192.168.242.80 - - [05/Apr/2023:01:04:36 +0000] "PUT /api/data HTTP/1.1" 403 3170 "-" "Mozilla/5.0 (Windows NT 10.0; Win64; x64) Chrome/91.0"
192.168.49.60 - - [20/Jun/2023:22:46:52 +0000] "POST /api/data HTTP/2" 401 3687 "-" "Mozilla/5.0 (iPhone; CPU iPhone OS 14_0 like Mac OS X)"
192.168.99.72 - - [04/Nov/2023:01:05:42 +0000] "POST /dashboard HTTP/1.0" 503 2499 "-" "Mozilla/5.0 (Windows NT 10.0; WOW64; rv:45.0) Gecko/20100101 Firefox/45.0"
192.168.49.60 - - [06/Dec/2023:00:18:44 +0000] "POST /products HTTP/1.1" 301 2436 "-" "Mozilla/5.0 (Windows NT 10.0; WOW64; rv:45.0) Gecko/20100101 Firefox/45.0"
192.168.214.149 - - [04/Jan/2023:16:49:16 +0000] "DELETE /index.html HTTP/2" 201 3563 "-" "Mozilla/5.0 (Macintosh; Intel Mac OS X 10_15_7) Safari/537.36"
192.168.230.27 - - [11/Jul/2023:01:19:02 +0000] "DELETE /products HTTP/2" 403 2668 "-" "Mozilla/5.0 (Windows NT 10.0; WOW64; rv:45.0) Gecko/20100101 Firefox/45.0"
192.168.24.82 - - [25/Aug/2023:18:43:40 +0000] "GET /products HTTP/1.0" 401 2012 "-" "Mozilla/5.0 (Linux; Android 9) Firefox/80.0"
192.168.125.108 - - [07/Jun/2023:17:53:56 +0000] "POST /login HTTP/2" 401 1769 "-" "Mozilla/5.0 (Macintosh; Intel Mac OS X 10_15_7) Safari/537.36"
192.168.230.27 - - [30/Oct/2023:19:11:44 +0000] "PUT /login HTTP/1.0" 400 1873 "-" "Mozilla/5.0 (Linux; Android 9) Firefox/80.0"
192.168.72.105 - - [11/Nov/2023:19:01:59 +0000] "POST /index.html HTTP/1.1" 403 3296 "-" "Mozilla/5.0 (Linux; Android 9) Firefox/80.0"
192.168.53.91 - - [04/Jun/2023:23:33:34 +0000] "GET /about HTTP/1.0" 301 1965 "-" "Mozilla/5.0 (Linux; Android 9) Firefox/80.0"
192.168.197.68 - - [18/Jul/2023:08:37:57 +0000] "PUT /about HTTP/1.1" 503 4213 "-" "Mozilla/5.0 (Windows NT 10.0; WOW64; rv:45.0) Gecko/20100101 Firefox/45.0"
192.168.194.45 - - [05/Jul/2023:17:48:41 +0000] "DELETE /index.html HTTP/2" 403 1068 "-" "Mozilla/5.0 (iPhone; CPU iPhone OS 14_0 like Mac OS X)"
192.168.165.198 - - [06/Mar/2023:19:22:12 +0000] "GET /contact HTTP/1.1" 401 417 "-" "Mozilla/5.0 (iPhone; CPU iPhone OS 14_0 like Mac OS X)"
192.168.107.74 - - [28/Feb/2023:12:10:17 +0000] "POST /api/data HTTP/1.0" 302 3862 "-" "Mozilla/5.0 (iPhone; CPU iPhone OS 14_0 like Mac OS X)"
192.168.29.135 - - [11/Jan/2023:05:11:59 +0000] "PUT /api/data HTTP/1.0" 401 2819 "-" "Mozilla/5.0 (Linux; Android 9) Firefox/80.0"
192.168.133.18 - - [03/Jul/2023:19:30:36 +0000] "DELETE /contact HTTP/1.0" 302 4933 "-" "Mozilla/5.0 (Linux; Android 9) Firefox/80.0"
192.168.136.141 - - [14/Sep/2023:08:55:22 +0000] "POST /contact HTTP/1.0" 401 3574 "-" "Mozilla/5.0 (Windows NT 10.0; Win64; x64) Chrome/91.0"
192.168.130.67 - - [11/Jan/2023:00:54:59 +0000] "POST /index.html HTTP/1.0" 200 3516 "-" "Mozilla/5.0 (Windows NT 10.0; Win64; x64) Chrome/91.0"
192.168.211.153 - - [17/Sep/2023:06:03:24 +0000] "PUT /index.html HTTP/1.1" 403 2380 "-" "Mozilla/5.0 (Macintosh; Intel Mac OS X 10_15_7) Safari/537.36"
192.168.172.138 - - [05/Oct/2023:04:15:56 +0000] "GET /index.html HTTP/1.0" 400 4142 "-" "Mozilla/5.0 (iPhone; CPU iPhone OS 14_0 like Mac OS X)"
192.168.1.25 - - [23/Aug/2023:08:43:06 +0000] "PUT /api/data HTTP/1.1" 503 4109 "-" "Mozilla/5.0 (Windows NT 10.0; WOW64; rv:45.0) Gecko/20100101 Firefox/45.0"
192.168.20.131 - - [10/Oct/2023:02:24:33 +0000] "DELETE /products HTTP/1.1" 403 2760 "-" "Mozilla/5.0 (Macintosh; Intel Mac OS X 10_15_7) Safari/537.36"
192.168.118.14 - - [20/Mar/2023:16:16:09 +0000] "POST /api/data HTTP/2" 403 4369 "-" "Mozilla/5.0 (iPhone; CPU iPhone OS 14_0 like Mac OS X)"
192.168.110.93 - - [26/Feb/2023:20:34:22 +0000] "GET /index.html HTTP/1.0" 301 3766 "-" "Mozilla/5.0 (Linux; Android 9) Firefox/80.0"
192.168.4.217 - - [11/May/2023:09:29:27 +0000] "DELETE /index.html HTTP/1.0" 400 176 "-" "Mozilla/5.0 (iPhone; CPU iPhone OS 14_0 like Mac OS X)"
192.168.107.74 - - [27/Jun/2023:20:33:53 +0000] "GET /contact HTTP/1.0" 302 1265 "-" "Mozilla/5.0 (Linux; Android 9) Firefox/80.0"
192.168.209.226 - - [02/Apr/2023:05:41:28 +0000] "POST /dashboard HTTP/1.1" 503 881 "-" "Mozilla/5.0 (Windows NT 10.0; Win64; x64) Chrome/91.0"
192.168.231.171 - - [31/Jan/2023:10:20:10 +0000] "PUT /login HTTP/1.0" 503 3392 "-" "Mozilla/5.0 (Windows NT 10.0; WOW64; rv:45.0) Gecko/20100101 Firefox/45.0"
192.168.0.136 - - [04/Mar/2023:11:46:20 +0000] "DELETE /index.html HTTP/2" 503 2067 "-" "Mozilla/5.0 (Windows NT 10.0; WOW64; rv:45.0) Gecko/20100101 Firefox/45.0"
192.168.125.108 - - [24/Mar/2023:13:45:03 +0000] "DELETE /dashboard HTTP/1.0" 201 4631 "-" "Mozilla/5.0 (Linux; Android 9) Firefox/80.0"
192.168.36.9 - - [30/Mar/2023:06:28:11 +0000] "PUT /login HTTP/1.0" 301 2911 "-" "Mozilla/5.0 (Windows NT 10.0; Win64; x64) Chrome/91.0"
192.168.47.8 - - [28/Jul/2023:18:19:37 +0000] "GET /contact HTTP/1.1" 500 3300 "-" "Mozilla/5.0 (iPhone; CPU iPhone OS 14_0 like Mac OS X)"
192.168.130.73 - - [10/Sep/2023:15:03:09 +0000] "DELETE /dashboard HTTP/1.1" 201 4065 "-" "Mozilla/5.0 (iPhone; CPU iPhone OS 14_0 like Mac OS X)"
192.168.36.9 - - [04/Jan/2023:10:23:11 +0000] "PUT /api/data HTTP/2" 401 746 "-" "Mozilla/5.0 (Windows NT 10.0; Win64; x64) Chrome/91.0"
192.168.192.205 - - [05/Jan/2023:08:28:53 +0000] "DELETE /contact HTTP/2" 200 1467 "-" "Mozilla/5.0 (iPhone; CPU iPhone OS 14_0 like Mac OS X)"
192.168.10.108 - - [02/Dec/2023:10:54:46 +0000] "DELETE /about HTTP/1.1" 302 883 "-" "Mozilla/5.0 (Windows NT 10.0; WOW64; rv:45.0) Gecko/20100101 Firefox/45.0"
192.168.153.110 - - [11/Dec/2023:06:23:14 +0000] "POST /contact HTTP/1.0" 302 538 "-" "Mozilla/5.0 (Windows NT 10.0; WOW64; rv:45.0) Gecko/20100101 Firefox/45.0"
192.168.10.108 - - [05/Jun/2023:06:23:18 +0000] "PUT /contact HTTP/1.0" 503 3539 "-" "Mozilla/5.0 (Windows NT 10.0; Win64; x64) Chrome/91.0"
192.168.107.74 - - [05/Jul/2023:11:06:59 +0000] "DELETE /api/data HTTP/2" 404 1843 "-" "Mozilla/5.0 (Windows NT 10.0; WOW64; rv:45.0) Gecko/20100101 Firefox/45.0"
192.168.176.225 - - [04/Mar/2023:18:45:24 +0000] "GET /products HTTP/1.1" 201 4550 "-" "Mozilla/5.0 (Windows NT 10.0; WOW64; rv:45.0) Gecko/20100101 Firefox/45.0"
192.168.4.217 - - [22/Apr/2023:13:15:23 +0000] "POST /index.html HTTP/2" 500 3998 "-" "Mozilla/5.0 (Windows NT 10.0; Win64; x64) Chrome/91.0"
192.168.194.242 - - [09/May/2023:02:41:15 +0000] "POST /about HTTP/2" 404 4677 "-" "Mozilla/5.0 (Windows NT 10.0; Win64; x64) Chrome/91.0"
192.168.221.12 - - [23/May/2023:01:20:18 +0000] "PUT /contact HTTP/1.1" 401 3688 "-" "Mozilla/5.0 (Windows NT 10.0; WOW64; rv:45.0) Gecko/20100101 Firefox/45.0"
192.168.105.149 - - [09/Nov/2023:13:24:32 +0000] "GET /api/data HTTP/1.1" 503 276 "-" "Mozilla/5.0 (Linux; Android 9) Firefox/80.0"
192.168.25.121 - - [27/Sep/2023:18:52:16 +0000] "POST /index.html HTTP/1.0" 301 2719 "-" "Mozilla/5.0 (Macintosh; Intel Mac OS X 10_15_7) Safari/537.36"
192.168.50.210 - - [06/Dec/2023:03:59:58 +0000] "POST /about HTTP/1.1" 404 461 "-" "Mozilla/5.0 (Macintosh; Intel Mac OS X 10_15_7) Safari/537.36"
192.168.3.246 - - [01/May/2023:08:51:15 +0000] "PUT /products HTTP/2" 500 3067 "-" "Mozilla/5.0 (Windows NT 10.0; WOW64; rv:45.0) Gecko/20100101 Firefox/45.0"
192.168.49.60 - - [01/Jan/2023:05:27:06 +0000] "DELETE /login HTTP/2" 200 4486 "-" "Mozilla/5.0 (Windows NT 10.0; WOW64; rv:45.0) Gecko/20100101 Firefox/45.0"
192.168.153.110 - - [14/Jun/2023:19:34:41 +0000] "PUT /products HTTP/2" 401 4308 "-" "Mozilla/5.0 (Macintosh; Intel Mac OS X 10_15_7) Safari/537.36"
192.168.194.45 - - [26/Sep/2023:02:37:38 +0000] "GET /api/data HTTP/1.1" 200 3820 "-" "Mozilla/5.0 (iPhone; CPU iPhone OS 14_0 like Mac OS X)"
192.168.130.73 - - [27/Nov/2023:17:31:17 +0000] "PUT /products HTTP/1.1" 503 155 "-" "Mozilla/5.0 (Windows NT 10.0; Win64; x64) Chrome/91.0"
192.168.231.76 - - [07/Sep/2023:09:18:38 +0000] "POST /api/data HTTP/2" 404 3201 "-" "Mozilla/5.0 (Linux; Android 9) Firefox/80.0"
192.168.125.108 - - [15/Dec/2023:16:07:15 +0000] "PUT /products HTTP/1.0" 200 791 "-" "Mozilla/5.0 (iPhone; CPU iPhone OS 14_0 like Mac OS X)"
192.168.198.70 - - [16/May/2023:13:02:42 +0000] "POST /dashboard HTTP/2" 404 1009 "-" "Mozilla/5.0 (Macintosh; Intel Mac OS X 10_15_7) Safari/537.36"
192.168.123.54 - - [14/Dec/2023:01:42:42 +0000] "DELETE /products HTTP/1.0" 302 2471 "-" "Mozilla/5.0 (Linux; Android 9) Firefox/80.0"
192.168.60.237 - - [05/Oct/2023:14:44:03 +0000] "GET /contact HTTP/1.1" 401 4563 "-" "Mozilla/5.0 (Windows NT 10.0; WOW64; rv:45.0) Gecko/20100101 Firefox/45.0"
192.168.25.121 - - [30/May/2023:19:40:40 +0000] "GET /login HTTP/2" 401 67 "-" "Mozilla/5.0 (Windows NT 10.0; WOW64; rv:45.0) Gecko/20100101 Firefox/45.0"
192.168.221.12 - - [19/Oct/2023:17:58:17 +0000] "DELETE /login HTTP/1.0" 400 1138 "-" "Mozilla/5.0 (Macintosh; Intel Mac OS X 10_15_7) Safari/537.36"
192.168.253.66 - - [11/Jan/2023:02:12:30 +0000] "DELETE /contact HTTP/1.1" 500 129 "-" "Mozilla/5.0 (Macintosh; Intel Mac OS X 10_15_7) Safari/537.36"
192.168.57.68 - - [28/Nov/2023:09:37:24 +0000] "DELETE /login HTTP/1.0" 500 2221 "-" "Mozilla/5.0 (Macintosh; Intel Mac OS X 10_15_7) Safari/537.36"
192.168.152.183 - - [29/Oct/2023:05:23:20 +0000] "PUT /products HTTP/1.1" 400 4710 "-" "Mozilla/5.0 (iPhone; CPU iPhone OS 14_0 like Mac OS X)"
192.168.58.231 - - [30/Aug/2023:18:11:00 +0000] "POST /dashboard HTTP/2" 401 4444 "-" "Mozilla/5.0 (Macintosh; Intel Mac OS X 10_15_7) Safari/537.36"
192.168.209.226 - - [03/May/2023:20:45:50 +0000] "POST /index.html HTTP/1.0" 503 2217 "-" "Mozilla/5.0 (iPhone; CPU iPhone OS 14_0 like Mac OS X)"
192.168.118.14 - - [04/Feb/2023:18:50:16 +0000] "PUT /contact HTTP/2" 201 1816 "-" "Mozilla/5.0 (Windows NT 10.0; Win64; x64) Chrome/91.0"
192.168.107.74 - - [24/Dec/2023:17:58:39 +0000] "DELETE /index.html HTTP/1.1" 201 1270 "-" "Mozilla/5.0 (Windows NT 10.0; WOW64; rv:45.0) Gecko/20100101 Firefox/45.0"
192.168.153.110 - - [25/Dec/2023:01:10:03 +0000] "DELETE /dashboard HTTP/2" 201 2249 "-" "Mozilla/5.0 (iPhone; CPU iPhone OS 14_0 like Mac OS X)"
192.168.36.9 - - [08/May/2023:09:20:46 +0000] "GET /products HTTP/2" 200 2767 "-" "Mozilla/5.0 (Macintosh; Intel Mac OS X 10_15_7) Safari/537.36"
192.168.118.218 - - [05/Feb/2023:05:59:34 +0000] "GET /about HTTP/1.0" 200 4451 "-" "Mozilla/5.0 (Linux; Android 9) Firefox/80.0"
192.168.2.85 - - [15/Apr/2023:10:17:59 +0000] "DELETE /api/data HTTP/2" 401 2784 "-" "Mozilla/5.0 (iPhone; CPU iPhone OS 14_0 like Mac OS X)"
192.168.1.25 - - [23/Nov/2023:06:24:23 +0000] "DELETE /login HTTP/2" 302 4148 "-" "Mozilla/5.0 (Windows NT 10.0; WOW64; rv:45.0) Gecko/20100101 Firefox/45.0"
192.168.29.135 - - [12/Sep/2023:03:34:41 +0000] "PUT /api/data HTTP/1.0" 404 4763 "-" "Mozilla/5.0 (Macintosh; Intel Mac OS X 10_15_7) Safari/537.36"
192.168.25.121 - - [21/Nov/2023:07:13:24 +0000] "DELETE /about HTTP/1.1" 301 2272 "-" "Mozilla/5.0 (Windows NT 10.0; Win64; x64) Chrome/91.0"
192.168.0.136 - - [21/Oct/2023:21:08:05 +0000] "GET /dashboard HTTP/2" 401 730 "-" "Mozilla/5.0 (Macintosh; Intel Mac OS X 10_15_7) Safari/537.36"
192.168.230.27 - - [22/Oct/2023:00:01:52 +0000] "DELETE /contact HTTP/1.0" 401 2439 "-" "Mozilla/5.0 (Windows NT 10.0; WOW64; rv:45.0) Gecko/20100101 Firefox/45.0"
192.168.152.183 - - [15/Mar/2023:02:43:09 +0000] "GET /dashboard HTTP/1.0" 503 4532 "-" "Mozilla/5.0 (Macintosh; Intel Mac OS X 10_15_7) Safari/537.36"
192.168.110.93 - - [16/Sep/2023:08:42:12 +0000] "DELETE /contact HTTP/1.0" 400 2416 "-" "Mozilla/5.0 (Windows NT 10.0; WOW64; rv:45.0) Gecko/20100101 Firefox/45.0"
192.168.82.40 - - [11/Sep/2023:18:20:57 +0000] "PUT /login HTTP/1.0" 503 3080 "-" "Mozilla/5.0 (Linux; Android 9) Firefox/80.0"
192.168.176.225 - - [07/Sep/2023:03:00:31 +0000] "POST /index.html HTTP/1.1" 201 1971 "-" "Mozilla/5.0 (Windows NT 10.0; WOW64; rv:45.0) Gecko/20100101 Firefox/45.0"
192.168.172.138 - - [02/Jan/2023:05:08:28 +0000] "GET /dashboard HTTP/2" 400 2341 "-" "Mozilla/5.0 (iPhone; CPU iPhone OS 14_0 like Mac OS X)"
192.168.95.251 - - [05/Jun/2023:09:13:58 +0000] "GET /products HTTP/1.1" 403 2636 "-" "Mozilla/5.0 (Linux; Android 9) Firefox/80.0"
192.168.25.121 - - [21/Jan/2023:17:52:48 +0000] "DELETE /about HTTP/1.0" 302 2573 "-" "Mozilla/5.0 (Windows NT 10.0; WOW64; rv:45.0) Gecko/20100101 Firefox/45.0"
192.168.118.115 - - [12/Apr/2023:13:48:27 +0000] "DELETE /api/data HTTP/1.1" 404 4989 "-" "Mozilla/5.0 (Windows NT 10.0; WOW64; rv:45.0) Gecko/20100101 Firefox/45.0"
192.168.70.135 - - [15/May/2023:07:00:03 +0000] "PUT /dashboard HTTP/2" 401 4080 "-" "Mozilla/5.0 (Windows NT 10.0; Win64; x64) Chrome/91.0"
192.168.73.207 - - [12/Feb/2023:07:03:05 +0000] "PUT /api/data HTTP/2" 500 4619 "-" "Mozilla/5.0 (Windows NT 10.0; WOW64; rv:45.0) Gecko/20100101 Firefox/45.0"
192.168.47.8 - - [03/May/2023:00:08:20 +0000] "POST /api/data HTTP/2" 200 1165 "-" "Mozilla/5.0 (Windows NT 10.0; WOW64; rv:45.0) Gecko/20100101 Firefox/45.0"
192.168.2.85 - - [26/Nov/2023:12:19:12 +0000] "DELETE /api/data HTTP/2" 301 2054 "-" "Mozilla/5.0 (Linux; Android 9) Firefox/80.0"
192.168.4.217 - - [13/Mar/2023:18:30:22 +0000] "GET /about HTTP/2" 503 2472 "-" "Mozilla/5.0 (iPhone; CPU iPhone OS 14_0 like Mac OS X)"
192.168.205.133 - - [17/Jul/2023:20:16:47 +0000] "PUT /contact HTTP/2" 301 2869 "-" "Mozilla/5.0 (Windows NT 10.0; Win64; x64) Chrome/91.0"
192.168.215.3 - - [05/Jul/2023:02:03:04 +0000] "GET /api/data HTTP/2" 503 244 "-" "Mozilla/5.0 (Macintosh; Intel Mac OS X 10_15_7) Safari/537.36"
192.168.186.82 - - [30/Jun/2023:22:51:27 +0000] "PUT /index.html HTTP/1.1" 404 3038 "-" "Mozilla/5.0 (iPhone; CPU iPhone OS 14_0 like Mac OS X)"
192.168.214.149 - - [30/Sep/2023:02:56:01 +0000] "DELETE /api/data HTTP/1.1" 201 84 "-" "Mozilla/5.0 (Windows NT 10.0; WOW64; rv:45.0) Gecko/20100101 Firefox/45.0"
192.168.152.183 - - [26/Dec/2023:00:49:36 +0000] "PUT /dashboard HTTP/1.1" 201 2168 "-" "Mozilla/5.0 (Macintosh; Intel Mac OS X 10_15_7) Safari/537.36"
192.168.130.67 - - [17/Oct/2023:19:54:20 +0000] "GET /login HTTP/2" 401 3614 "-" "Mozilla/5.0 (Windows NT 10.0; WOW64; rv:45.0) Gecko/20100101 Firefox/45.0"
192.168.130.104 - - [13/Oct/2023:22:55:39 +0000] "GET /index.html HTTP/1.1" 500 3879 "-" "Mozilla/5.0 (Macintosh; Intel Mac OS X 10_15_7) Safari/537.36"
192.168.165.55 - - [10/Jul/2023:13:44:08 +0000] "GET /contact HTTP/1.0" 404 3720 "-" "Mozilla/5.0 (Macintosh; Intel Mac OS X 10_15_7) Safari/537.36"
192.168.230.27 - - [10/Jan/2023:21:11:57 +0000] "DELETE /login HTTP/2" 503 2892 "-" "Mozilla/5.0 (Linux; Android 9) Firefox/80.0"
192.168.24.82 - - [29/Nov/2023:02:39:39 +0000] "POST /index.html HTTP/2" 403 1867 "-" "Mozilla/5.0 (Windows NT 10.0; WOW64; rv:45.0) Gecko/20100101 Firefox/45.0"
192.168.118.218 - - [16/Nov/2023:05:51:11 +0000] "GET /products HTTP/1.1" 500 3063 "-" "Mozilla/5.0 (Macintosh; Intel Mac OS X 10_15_7) Safari/537.36"
192.168.20.131 - - [25/Nov/2023:06:51:43 +0000] "GET /index.html HTTP/1.0" 400 457 "-" "Mozilla/5.0 (Linux; Android 9) Firefox/80.0"
192.168.70.135 - - [24/Jul/2023:01:59:37 +0000] "POST /login HTTP/1.0" 400 940 "-" "Mozilla/5.0 (Windows NT 10.0; Win64; x64) Chrome/91.0"
192.168.3.246 - - [19/Jan/2023:08:05:08 +0000] "DELETE /api/data HTTP/1.0" 201 4991 "-" "Mozilla/5.0 (Windows NT 10.0; WOW64; rv:45.0) Gecko/20100101 Firefox/45.0"
192.168.150.205 - - [18/Apr/2023:15:50:03 +0000] "GET /api/data HTTP/1.1" 500 4687 "-" "Mozilla/5.0 (Macintosh; Intel Mac OS X 10_15_7) Safari/537.36"
192.168.24.82 - - [21/Sep/2023:12:18:09 +0000] "GET /about HTTP/1.0" 400 2016 "-" "Mozilla/5.0 (Windows NT 10.0; WOW64; rv:45.0) Gecko/20100101 Firefox/45.0"
192.168.130.104 - - [23/Jun/2023:21:33:23 +0000] "GET /about HTTP/1.1" 400 1989 "-" "Mozilla/5.0 (iPhone; CPU iPhone OS 14_0 like Mac OS X)"
192.168.110.93 - - [12/Jun/2023:02:03:41 +0000] "DELETE /products HTTP/1.1" 401 559 "-" "Mozilla/5.0 (Macintosh; Intel Mac OS X 10_15_7) Safari/537.36"
192.168.118.14 - - [07/Nov/2023:15:59:15 +0000] "PUT /products HTTP/1.1" 503 4425 "-" "Mozilla/5.0 (Windows NT 10.0; WOW64; rv:45.0) Gecko/20100101 Firefox/45.0"
192.168.4.217 - - [30/Nov/2023:19:09:02 +0000] "DELETE /dashboard HTTP/1.1" 301 2983 "-" "Mozilla/5.0 (Windows NT 10.0; WOW64; rv:45.0) Gecko/20100101 Firefox/45.0"
192.168.123.215 - - [29/Jun/2023:01:08:52 +0000] "DELETE /api/data HTTP/2" 201 590 "-" "Mozilla/5.0 (Linux; Android 9) Firefox/80.0"
192.168.26.171 - - [04/May/2023:00:08:06 +0000] "PUT /login HTTP/1.0" 200 3002 "-" "Mozilla/5.0 (Windows NT 10.0; Win64; x64) Chrome/91.0"
192.168.151.60 - - [15/Aug/2023:11:58:26 +0000] "POST /contact HTTP/1.1" 503 2734 "-" "Mozilla/5.0 (Macintosh; Intel Mac OS X 10_15_7) Safari/537.36"
192.168.110.93 - - [27/Sep/2023:06:13:09 +0000] "GET /index.html HTTP/1.1" 301 4233 "-" "Mozilla/5.0 (Linux; Android 9) Firefox/80.0"
192.168.123.54 - - [18/Jul/2023:03:01:38 +0000] "PUT /login HTTP/1.1" 503 153 "-" "Mozilla/5.0 (Macintosh; Intel Mac OS X 10_15_7) Safari/537.36"
192.168.29.135 - - [18/Feb/2023:14:38:34 +0000] "POST /login HTTP/2" 503 2649 "-" "Mozilla/5.0 (Windows NT 10.0; Win64; x64) Chrome/91.0"
192.168.122.148 - - [22/Jun/2023:20:53:27 +0000] "GET /contact HTTP/1.1" 400 1573 "-" "Mozilla/5.0 (Windows NT 10.0; Win64; x64) Chrome/91.0"
192.168.149.185 - - [21/Jun/2023:14:13:01 +0000] "DELETE /about HTTP/2" 503 1348 "-" "Mozilla/5.0 (Linux; Android 9) Firefox/80.0"
192.168.122.148 - - [25/Dec/2023:11:39:42 +0000] "DELETE /dashboard HTTP/1.0" 200 2148 "-" "Mozilla/5.0 (Macintosh; Intel Mac OS X 10_15_7) Safari/537.36"
192.168.2.85 - - [09/Nov/2023:20:05:26 +0000] "POST /login HTTP/1.0" 404 1059 "-" "Mozilla/5.0 (Windows NT 10.0; Win64; x64) Chrome/91.0"
192.168.110.93 - - [25/Mar/2023:11:35:54 +0000] "PUT /api/data HTTP/2" 201 576 "-" "Mozilla/5.0 (Windows NT 10.0; WOW64; rv:45.0) Gecko/20100101 Firefox/45.0"
192.168.29.108 - - [04/Jan/2023:21:18:55 +0000] "DELETE /contact HTTP/1.0" 302 1311 "-" "Mozilla/5.0 (Macintosh; Intel Mac OS X 10_15_7) Safari/537.36"
192.168.10.108 - - [02/Jan/2023:21:46:40 +0000] "GET /dashboard HTTP/2" 403 1379 "-" "Mozilla/5.0 (Linux; Android 9) Firefox/80.0"
192.168.139.31 - - [03/Nov/2023:14:20:47 +0000] "DELETE /api/data HTTP/1.1" 200 1527 "-" "Mozilla/5.0 (Macintosh; Intel Mac OS X 10_15_7) Safari/537.36"
192.168.253.66 - - [19/May/2023:17:00:55 +0000] "DELETE /login HTTP/1.0" 404 4296 "-" "Mozilla/5.0 (Linux; Android 9) Firefox/80.0"
192.168.130.67 - - [06/Dec/2023:18:46:29 +0000] "PUT /about HTTP/2" 500 3176 "-" "Mozilla/5.0 (Linux; Android 9) Firefox/80.0"
192.168.36.9 - - [06/Sep/2023:21:49:56 +0000] "PUT /login HTTP/2" 200 3110 "-" "Mozilla/5.0 (Windows NT 10.0; Win64; x64) Chrome/91.0"
192.168.10.80 - - [30/Oct/2023:01:02:38 +0000] "POST /login HTTP/1.1" 201 917 "-" "Mozilla/5.0 (Linux; Android 9) Firefox/80.0"
192.168.10.80 - - [10/Apr/2023:17:38:18 +0000] "DELETE /contact HTTP/2" 403 472 "-" "Mozilla/5.0 (Macintosh; Intel Mac OS X 10_15_7) Safari/537.36"
192.168.10.108 - - [10/Aug/2023:03:50:51 +0000] "DELETE /dashboard HTTP/2" 301 229 "-" "Mozilla/5.0 (Windows NT 10.0; WOW64; rv:45.0) Gecko/20100101 Firefox/45.0"
192.168.32.227 - - [13/Jan/2023:14:05:07 +0000] "DELETE /contact HTTP/2" 302 617 "-" "Mozilla/5.0 (iPhone; CPU iPhone OS 14_0 like Mac OS X)"
192.168.105.149 - - [21/May/2023:06:18:49 +0000] "PUT /contact HTTP/1.1" 500 1144 "-" "Mozilla/5.0 (Windows NT 10.0; WOW64; rv:45.0) Gecko/20100101 Firefox/45.0"
192.168.230.27 - - [27/Feb/2023:10:25:16 +0000] "PUT /api/data HTTP/1.0" 302 1208 "-" "Mozilla/5.0 (Windows NT 10.0; Win64; x64) Chrome/91.0"
192.168.215.3 - - [20/Apr/2023:20:21:50 +0000] "PUT /contact HTTP/1.0" 200 1205 "-" "Mozilla/5.0 (iPhone; CPU iPhone OS 14_0 like Mac OS X)"
192.168.3.246 - - [30/Nov/2023:12:58:05 +0000] "POST /products HTTP/2" 400 2205 "-" "Mozilla/5.0 (Macintosh; Intel Mac OS X 10_15_7) Safari/537.36"
192.168.99.72 - - [07/Jan/2023:17:01:48 +0000] "DELETE /dashboard HTTP/1.0" 400 2111 "-" "Mozilla/5.0 (Windows NT 10.0; Win64; x64) Chrome/91.0"
192.168.194.242 - - [31/Jul/2023:16:52:52 +0000] "GET /contact HTTP/1.0" 404 909 "-" "Mozilla/5.0 (Linux; Android 9) Firefox/80.0"
192.168.253.66 - - [10/Apr/2023:21:00:40 +0000] "GET /contact HTTP/2" 404 1030 "-" "Mozilla/5.0 (Windows NT 10.0; Win64; x64) Chrome/91.0"
192.168.124.42 - - [06/Apr/2023:05:04:55 +0000] "DELETE /contact HTTP/2" 302 2389 "-" "Mozilla/5.0 (iPhone; CPU iPhone OS 14_0 like Mac OS X)"
192.168.43.41 - - [17/Jun/2023:18:11:44 +0000] "DELETE /api/data HTTP/1.1" 200 1884 "-" "Mozilla/5.0 (Macintosh; Intel Mac OS X 10_15_7) Safari/537.36"
192.168.211.153 - - [13/Oct/2023:07:45:58 +0000] "POST /dashboard HTTP/2" 403 286 "-" "Mozilla/5.0 (iPhone; CPU iPhone OS 14_0 like Mac OS X)"
192.168.109.1 - - [16/Apr/2023:12:04:49 +0000] "PUT /dashboard HTTP/1.1" 301 1104 "-" "Mozilla/5.0 (Macintosh; Intel Mac OS X 10_15_7) Safari/537.36"
192.168.73.207 - - [30/Nov/2023:07:51:26 +0000] "DELETE /about HTTP/2" 401 2759 "-" "Mozilla/5.0 (Windows NT 10.0; Win64; x64) Chrome/91.0"
192.168.231.171 - - [08/Sep/2023:07:53:14 +0000] "GET /about HTTP/2" 400 1665 "-" "Mozilla/5.0 (Macintosh; Intel Mac OS X 10_15_7) Safari/537.36"
192.168.85.107 - - [09/Nov/2023:05:07:53 +0000] "PUT /index.html HTTP/1.1" 302 2518 "-" "Mozilla/5.0 (Windows NT 10.0; WOW64; rv:45.0) Gecko/20100101 Firefox/45.0"
192.168.50.26 - - [25/Jul/2023:10:43:59 +0000] "PUT /dashboard HTTP/1.0" 400 2351 "-" "Mozilla/5.0 (Windows NT 10.0; WOW64; rv:45.0) Gecko/20100101 Firefox/45.0"
192.168.50.26 - - [28/Dec/2023:18:15:27 +0000] "POST /dashboard HTTP/1.1" 200 2651 "-" "Mozilla/5.0 (Windows NT 10.0; WOW64; rv:45.0) Gecko/20100101 Firefox/45.0"
192.168.43.41 - - [11/Nov/2023:10:25:39 +0000] "DELETE /api/data HTTP/2" 403 2769 "-" "Mozilla/5.0 (Macintosh; Intel Mac OS X 10_15_7) Safari/537.36"
192.168.151.60 - - [26/May/2023:12:38:01 +0000] "GET /products HTTP/2" 401 2413 "-" "Mozilla/5.0 (Windows NT 10.0; Win64; x64) Chrome/91.0"
192.168.216.222 - - [26/Jun/2023:07:13:33 +0000] "PUT /index.html HTTP/1.0" 503 2517 "-" "Mozilla/5.0 (iPhone; CPU iPhone OS 14_0 like Mac OS X)"
192.168.49.60 - - [12/Apr/2023:21:09:31 +0000] "PUT /index.html HTTP/2" 401 244 "-" "Mozilla/5.0 (iPhone; CPU iPhone OS 14_0 like Mac OS X)"
192.168.82.40 - - [21/May/2023:09:40:01 +0000] "PUT /products HTTP/1.0" 301 3882 "-" "Mozilla/5.0 (Windows NT 10.0; WOW64; rv:45.0) Gecko/20100101 Firefox/45.0"
192.168.205.133 - - [15/Apr/2023:23:57:50 +0000] "POST /contact HTTP/1.0" 200 4035 "-" "Mozilla/5.0 (Windows NT 10.0; Win64; x64) Chrome/91.0"
192.168.102.89 - - [14/Apr/2023:08:11:23 +0000] "GET /api/data HTTP/2" 404 3159 "-" "Mozilla/5.0 (iPhone; CPU iPhone OS 14_0 like Mac OS X)"
192.168.4.217 - - [12/Mar/2023:17:32:55 +0000] "DELETE /api/data HTTP/1.0" 302 162 "-" "Mozilla/5.0 (Windows NT 10.0; WOW64; rv:45.0) Gecko/20100101 Firefox/45.0"
192.168.109.1 - - [30/Jan/2023:18:19:59 +0000] "POST /products HTTP/1.1" 400 4752 "-" "Mozilla/5.0 (iPhone; CPU iPhone OS 14_0 like Mac OS X)"
192.168.211.153 - - [03/Feb/2023:12:53:59 +0000] "PUT /contact HTTP/2" 302 2089 "-" "Mozilla/5.0 (Macintosh; Intel Mac OS X 10_15_7) Safari/537.36"
192.168.95.251 - - [22/Apr/2023:22:43:01 +0000] "PUT /contact HTTP/1.1" 400 1272 "-" "Mozilla/5.0 (Linux; Android 9) Firefox/80.0"
192.168.85.107 - - [07/Jul/2023:05:57:14 +0000] "POST /contact HTTP/2" 503 617 "-" "Mozilla/5.0 (Windows NT 10.0; Win64; x64) Chrome/91.0"
192.168.10.108 - - [07/Jun/2023:14:36:44 +0000] "PUT /about HTTP/1.0" 301 500 "-" "Mozilla/5.0 (iPhone; CPU iPhone OS 14_0 like Mac OS X)"
192.168.192.205 - - [03/Oct/2023:02:15:04 +0000] "GET /dashboard HTTP/1.1" 503 1220 "-" "Mozilla/5.0 (Windows NT 10.0; WOW64; rv:45.0) Gecko/20100101 Firefox/45.0"
192.168.130.104 - - [08/Sep/2023:03:08:59 +0000] "PUT /about HTTP/1.0" 301 3960 "-" "Mozilla/5.0 (Linux; Android 9) Firefox/80.0"
192.168.221.12 - - [01/Feb/2023:02:17:02 +0000] "GET /api/data HTTP/1.1" 302 65 "-" "Mozilla/5.0 (Linux; Android 9) Firefox/80.0"
192.168.109.1 - - [12/Jun/2023:03:49:18 +0000] "PUT /login HTTP/2" 503 2428 "-" "Mozilla/5.0 (Windows NT 10.0; WOW64; rv:45.0) Gecko/20100101 Firefox/45.0"
192.168.124.42 - - [06/Sep/2023:18:06:48 +0000] "DELETE /contact HTTP/1.0" 401 590 "-" "Mozilla/5.0 (Windows NT 10.0; Win64; x64) Chrome/91.0"
192.168.108.134 - - [14/May/2023:23:36:09 +0000] "PUT /api/data HTTP/1.0" 201 3409 "-" "Mozilla/5.0 (Windows NT 10.0; WOW64; rv:45.0) Gecko/20100101 Firefox/45.0"
192.168.136.141 - - [28/Mar/2023:03:00:47 +0000] "DELETE /index.html HTTP/2" 302 284 "-" "Mozilla/5.0 (Windows NT 10.0; Win64; x64) Chrome/91.0"
192.168.0.136 - - [07/May/2023:22:28:37 +0000] "PUT /about HTTP/1.0" 201 780 "-" "Mozilla/5.0 (Macintosh; Intel Mac OS X 10_15_7) Safari/537.36"
192.168.49.60 - - [22/Nov/2023:00:25:12 +0000] "POST /api/data HTTP/1.0" 500 4552 "-" "Mozilla/5.0 (Macintosh; Intel Mac OS X 10_15_7) Safari/537.36"
192.168.138.223 - - [14/Apr/2023:21:19:34 +0000] "PUT /login HTTP/1.1" 503 2414 "-" "Mozilla/5.0 (Linux; Android 9) Firefox/80.0"
192.168.221.12 - - [28/Apr/2023:15:33:50 +0000] "POST /api/data HTTP/1.1" 200 2203 "-" "Mozilla/5.0 (Windows NT 10.0; WOW64; rv:45.0) Gecko/20100101 Firefox/45.0"
192.168.150.205 - - [17/Oct/2023:02:39:50 +0000] "GET /index.html HTTP/1.0" 201 3773 "-" "Mozilla/5.0 (Windows NT 10.0; WOW64; rv:45.0) Gecko/20100101 Firefox/45.0"
192.168.242.80 - - [06/Jan/2023:11:24:45 +0000] "POST /dashboard HTTP/1.0" 302 4269 "-" "Mozilla/5.0 (iPhone; CPU iPhone OS 14_0 like Mac OS X)"
192.168.136.141 - - [23/Jul/2023:17:15:06 +0000] "GET /index.html HTTP/1.1" 404 255 "-" "Mozilla/5.0 (Windows NT 10.0; WOW64; rv:45.0) Gecko/20100101 Firefox/45.0"
192.168.93.1 - - [08/Feb/2023:03:25:22 +0000] "GET /login HTTP/2" 401 4785 "-" "Mozilla/5.0 (Linux; Android 9) Firefox/80.0"
192.168.29.135 - - [12/Aug/2023:01:43:56 +0000] "DELETE /login HTTP/2" 302 2448 "-" "Mozilla/5.0 (Windows NT 10.0; Win64; x64) Chrome/91.0"
192.168.246.29 - - [30/Jan/2023:20:10:59 +0000] "DELETE /about HTTP/2" 302 4815 "-" "Mozilla/5.0 (iPhone; CPU iPhone OS 14_0 like Mac OS X)"
192.168.10.80 - - [18/Jun/2023:11:18:56 +0000] "DELETE /dashboard HTTP/1.1" 200 1791 "-" "Mozilla/5.0 (Windows NT 10.0; WOW64; rv:45.0) Gecko/20100101 Firefox/45.0"
192.168.133.18 - - [15/Oct/2023:03:12:15 +0000] "GET /login HTTP/1.0" 201 4870 "-" "Mozilla/5.0 (Linux; Android 9) Firefox/80.0"
192.168.66.228 - - [01/Feb/2023:10:55:03 +0000] "POST /dashboard HTTP/2" 404 2410 "-" "Mozilla/5.0 (Linux; Android 9) Firefox/80.0"
192.168.231.76 - - [23/Nov/2023:05:57:02 +0000] "DELETE /login HTTP/1.0" 401 2677 "-" "Mozilla/5.0 (Windows NT 10.0; Win64; x64) Chrome/91.0"
192.168.165.55 - - [09/Nov/2023:11:00:04 +0000] "PUT /dashboard HTTP/1.1" 404 2657 "-" "Mozilla/5.0 (iPhone; CPU iPhone OS 14_0 like Mac OS X)"
192.168.93.1 - - [08/Feb/2023:05:38:50 +0000] "PUT /index.html HTTP/2" 201 4912 "-" "Mozilla/5.0 (Windows NT 10.0; WOW64; rv:45.0) Gecko/20100101 Firefox/45.0"
192.168.251.168 - - [07/Apr/2023:14:31:35 +0000] "POST /about HTTP/1.1" 401 380 "-" "Mozilla/5.0 (Macintosh; Intel Mac OS X 10_15_7) Safari/537.36"
192.168.125.108 - - [15/Apr/2023:18:18:53 +0000] "DELETE /index.html HTTP/1.0" 301 264 "-" "Mozilla/5.0 (Windows NT 10.0; WOW64; rv:45.0) Gecko/20100101 Firefox/45.0"
192.168.124.42 - - [09/Jun/2023:10:25:24 +0000] "POST /api/data HTTP/1.0" 404 4805 "-" "Mozilla/5.0 (Windows NT 10.0; Win64; x64) Chrome/91.0"
192.168.131.166 - - [27/Feb/2023:10:52:19 +0000] "GET /index.html HTTP/1.1" 400 2671 "-" "Mozilla/5.0 (Windows NT 10.0; Win64; x64) Chrome/91.0"
192.168.130.73 - - [21/Feb/2023:14:02:23 +0000] "DELETE /products HTTP/1.1" 201 2941 "-" "Mozilla/5.0 (Linux; Android 9) Firefox/80.0"
192.168.1.25 - - [13/May/2023:13:09:12 +0000] "POST /login HTTP/1.1" 400 171 "-" "Mozilla/5.0 (iPhone; CPU iPhone OS 14_0 like Mac OS X)"
192.168.246.29 - - [04/Mar/2023:08:21:31 +0000] "PUT /api/data HTTP/2" 200 2365 "-" "Mozilla/5.0 (Macintosh; Intel Mac OS X 10_15_7) Safari/537.36"
192.168.185.193 - - [09/Sep/2023:11:08:33 +0000] "GET /index.html HTTP/2" 302 2749 "-" "Mozilla/5.0 (Windows NT 10.0; WOW64; rv:45.0) Gecko/20100101 Firefox/45.0"
192.168.109.223 - - [10/May/2023:02:16:55 +0000] "PUT /dashboard HTTP/1.0" 301 1309 "-" "Mozilla/5.0 (Macintosh; Intel Mac OS X 10_15_7) Safari/537.36"
192.168.0.136 - - [24/May/2023:01:27:43 +0000] "PUT /login HTTP/1.1" 200 3215 "-" "Mozilla/5.0 (Macintosh; Intel Mac OS X 10_15_7) Safari/537.36"
192.168.209.226 - - [10/Oct/2023:02:18:04 +0000] "GET /index.html HTTP/1.1" 201 3361 "-" "Mozilla/5.0 (iPhone; CPU iPhone OS 14_0 like Mac OS X)"
192.168.2.85 - - [08/Feb/2023:23:44:16 +0000] "PUT /index.html HTTP/2" 302 1054 "-" "Mozilla/5.0 (Linux; Android 9) Firefox/80.0"
192.168.130.104 - - [07/Sep/2023:18:10:44 +0000] "POST /contact HTTP/2" 500 2338 "-" "Mozilla/5.0 (Windows NT 10.0; WOW64; rv:45.0) Gecko/20100101 Firefox/45.0"
192.168.70.135 - - [16/Apr/2023:03:26:25 +0000] "DELETE /contact HTTP/1.0" 404 3671 "-" "Mozilla/5.0 (iPhone; CPU iPhone OS 14_0 like Mac OS X)"
192.168.176.225 - - [20/Feb/2023:03:57:38 +0000] "DELETE /products HTTP/1.0" 401 3100 "-" "Mozilla/5.0 (Linux; Android 9) Firefox/80.0"
192.168.231.171 - - [07/Nov/2023:20:42:39 +0000] "POST /products HTTP/1.0" 404 2818 "-" "Mozilla/5.0 (Windows NT 10.0; Win64; x64) Chrome/91.0"
192.168.198.70 - - [09/Jun/2023:09:53:09 +0000] "DELETE /about HTTP/1.0" 200 1313 "-" "Mozilla/5.0 (Linux; Android 9) Firefox/80.0"
192.168.231.171 - - [21/Mar/2023:07:30:44 +0000] "DELETE /login HTTP/2" 503 4273 "-" "Mozilla/5.0 (Windows NT 10.0; Win64; x64) Chrome/91.0"
192.168.142.40 - - [08/Feb/2023:19:01:31 +0000] "PUT /api/data HTTP/1.0" 401 2415 "-" "Mozilla/5.0 (Windows NT 10.0; Win64; x64) Chrome/91.0"
192.168.49.60 - - [13/Feb/2023:05:50:16 +0000] "PUT /dashboard HTTP/2" 403 2304 "-" "Mozilla/5.0 (Windows NT 10.0; Win64; x64) Chrome/91.0"
192.168.246.29 - - [30/Jun/2023:22:48:26 +0000] "PUT /dashboard HTTP/2" 404 1639 "-" "Mozilla/5.0 (Windows NT 10.0; Win64; x64) Chrome/91.0"
192.168.2.85 - - [13/Oct/2023:23:13:25 +0000] "DELETE /about HTTP/1.0" 200 469 "-" "Mozilla/5.0 (iPhone; CPU iPhone OS 14_0 like Mac OS X)"
192.168.23.28 - - [25/Feb/2023:19:20:53 +0000] "PUT /about HTTP/1.1" 201 1726 "-" "Mozilla/5.0 (Windows NT 10.0; WOW64; rv:45.0) Gecko/20100101 Firefox/45.0"
192.168.246.29 - - [08/Dec/2023:00:15:56 +0000] "GET /about HTTP/1.0" 400 881 "-" "Mozilla/5.0 (Macintosh; Intel Mac OS X 10_15_7) Safari/537.36"
192.168.72.105 - - [06/Nov/2023:23:28:38 +0000] "PUT /dashboard HTTP/2" 201 1138 "-" "Mozilla/5.0 (Macintosh; Intel Mac OS X 10_15_7) Safari/537.36"
192.168.242.80 - - [19/May/2023:16:39:20 +0000] "DELETE /about HTTP/2" 200 1340 "-" "Mozilla/5.0 (Macintosh; Intel Mac OS X 10_15_7) Safari/537.36"
192.168.2.85 - - [09/Feb/2023:06:00:16 +0000] "PUT /products HTTP/1.0" 302 2816 "-" "Mozilla/5.0 (Linux; Android 9) Firefox/80.0"
192.168.73.207 - - [13/Oct/2023:21:19:57 +0000] "DELETE /api/data HTTP/1.0" 200 3203 "-" "Mozilla/5.0 (iPhone; CPU iPhone OS 14_0 like Mac OS X)"
192.168.253.66 - - [23/Feb/2023:06:07:49 +0000] "DELETE /products HTTP/1.0" 403 3887 "-" "Mozilla/5.0 (Windows NT 10.0; Win64; x64) Chrome/91.0"
192.168.182.157 - - [21/Aug/2023:04:17:40 +0000] "PUT /api/data HTTP/1.1" 301 3856 "-" "Mozilla/5.0 (Windows NT 10.0; Win64; x64) Chrome/91.0"
192.168.66.228 - - [21/Aug/2023:02:40:51 +0000] "POST /about HTTP/1.1" 401 1577 "-" "Mozilla/5.0 (Macintosh; Intel Mac OS X 10_15_7) Safari/537.36"
192.168.231.76 - - [22/Aug/2023:11:05:55 +0000] "DELETE /index.html HTTP/1.1" 403 2902 "-" "Mozilla/5.0 (iPhone; CPU iPhone OS 14_0 like Mac OS X)"
192.168.66.228 - - [04/Aug/2023:07:06:12 +0000] "PUT /login HTTP/2" 301 4474 "-" "Mozilla/5.0 (Windows NT 10.0; Win64; x64) Chrome/91.0"
192.168.108.134 - - [03/Oct/2023:06:40:38 +0000] "GET /index.html HTTP/1.1" 302 3585 "-" "Mozilla/5.0 (Linux; Android 9) Firefox/80.0"
192.168.221.12 - - [10/Sep/2023:22:26:01 +0000] "DELETE /about HTTP/1.1" 403 2750 "-" "Mozilla/5.0 (Windows NT 10.0; WOW64; rv:45.0) Gecko/20100101 Firefox/45.0"
192.168.43.41 - - [14/Sep/2023:23:48:43 +0000] "GET /products HTTP/1.1" 302 552 "-" "Mozilla/5.0 (Windows NT 10.0; WOW64; rv:45.0) Gecko/20100101 Firefox/45.0"
192.168.29.108 - - [18/May/2023:01:29:54 +0000] "DELETE /api/data HTTP/1.0" 200 3126 "-" "Mozilla/5.0 (iPhone; CPU iPhone OS 14_0 like Mac OS X)"
192.168.8.203 - - [09/Sep/2023:16:15:04 +0000] "GET /index.html HTTP/1.1" 400 1972 "-" "Mozilla/5.0 (iPhone; CPU iPhone OS 14_0 like Mac OS X)"
192.168.109.223 - - [12/Mar/2023:16:02:46 +0000] "DELETE /index.html HTTP/2" 500 1641 "-" "Mozilla/5.0 (Macintosh; Intel Mac OS X 10_15_7) Safari/537.36"
192.168.85.107 - - [19/Nov/2023:04:13:58 +0000] "POST /index.html HTTP/1.0" 301 2203 "-" "Mozilla/5.0 (Windows NT 10.0; WOW64; rv:45.0) Gecko/20100101 Firefox/45.0"
192.168.26.171 - - [03/Jul/2023:19:06:45 +0000] "POST /about HTTP/2" 404 11 "-" "Mozilla/5.0 (Macintosh; Intel Mac OS X 10_15_7) Safari/537.36"
192.168.60.237 - - [06/Jun/2023:19:50:11 +0000] "POST /api/data HTTP/1.0" 500 719 "-" "Mozilla/5.0 (Macintosh; Intel Mac OS X 10_15_7) Safari/537.36"
192.168.151.60 - - [19/Aug/2023:03:55:41 +0000] "PUT /index.html HTTP/1.0" 400 3500 "-" "Mozilla/5.0 (Windows NT 10.0; Win64; x64) Chrome/91.0"
192.168.230.27 - - [23/Jan/2023:12:47:29 +0000] "PUT /api/data HTTP/1.0" 201 51 "-" "Mozilla/5.0 (Macintosh; Intel Mac OS X 10_15_7) Safari/537.36"
192.168.56.75 - - [05/Mar/2023:03:49:00 +0000] "DELETE /products HTTP/2" 403 4827 "-" "Mozilla/5.0 (Windows NT 10.0; WOW64; rv:45.0) Gecko/20100101 Firefox/45.0"
192.168.152.183 - - [23/Jul/2023:09:00:35 +0000] "PUT /contact HTTP/1.0" 201 2270 "-" "Mozilla/5.0 (Macintosh; Intel Mac OS X 10_15_7) Safari/537.36"
192.168.205.133 - - [25/Apr/2023:06:18:32 +0000] "DELETE /login HTTP/1.0" 503 3389 "-" "Mozilla/5.0 (Windows NT 10.0; WOW64; rv:45.0) Gecko/20100101 Firefox/45.0"
192.168.110.185 - - [26/Jan/2023:04:03:53 +0000] "PUT /about HTTP/1.0" 200 4507 "-" "Mozilla/5.0 (iPhone; CPU iPhone OS 14_0 like Mac OS X)"
192.168.29.108 - - [01/Oct/2023:07:29:53 +0000] "DELETE /api/data HTTP/1.1" 201 1316 "-" "Mozilla/5.0 (Macintosh; Intel Mac OS X 10_15_7) Safari/537.36"
192.168.26.171 - - [10/Nov/2023:09:26:04 +0000] "PUT /contact HTTP/1.0" 401 4656 "-" "Mozilla/5.0 (Macintosh; Intel Mac OS X 10_15_7) Safari/537.36"
192.168.60.237 - - [06/Mar/2023:17:16:00 +0000] "PUT /dashboard HTTP/1.0" 400 3862 "-" "Mozilla/5.0 (Windows NT 10.0; Win64; x64) Chrome/91.0"
192.168.57.68 - - [13/Jul/2023:04:35:33 +0000] "GET /dashboard HTTP/1.0" 301 19 "-" "Mozilla/5.0 (Macintosh; Intel Mac OS X 10_15_7) Safari/537.36"
192.168.151.60 - - [10/Jan/2023:09:31:02 +0000] "GET /about HTTP/2" 503 3038 "-" "Mozilla/5.0 (Windows NT 10.0; Win64; x64) Chrome/91.0"
192.168.54.230 - - [28/Oct/2023:21:27:00 +0000] "GET /dashboard HTTP/1.0" 503 2692 "-" "Mozilla/5.0 (iPhone; CPU iPhone OS 14_0 like Mac OS X)"
192.168.130.67 - - [19/Apr/2023:18:14:41 +0000] "POST /dashboard HTTP/1.0" 302 3778 "-" "Mozilla/5.0 (Windows NT 10.0; Win64; x64) Chrome/91.0"
192.168.23.28 - - [17/Aug/2023:19:29:31 +0000] "DELETE /dashboard HTTP/1.1" 403 2558 "-" "Mozilla/5.0 (Windows NT 10.0; Win64; x64) Chrome/91.0"
192.168.50.26 - - [11/Apr/2023:03:39:54 +0000] "PUT /login HTTP/1.0" 403 3354 "-" "Mozilla/5.0 (Windows NT 10.0; Win64; x64) Chrome/91.0"
192.168.142.40 - - [02/Feb/2023:05:09:39 +0000] "GET /products HTTP/1.0" 403 3079 "-" "Mozilla/5.0 (Windows NT 10.0; WOW64; rv:45.0) Gecko/20100101 Firefox/45.0"
192.168.123.215 - - [10/Jul/2023:02:09:25 +0000] "PUT /contact HTTP/1.0" 404 3285 "-" "Mozilla/5.0 (iPhone; CPU iPhone OS 14_0 like Mac OS X)"
192.168.182.157 - - [10/Jun/2023:02:46:45 +0000] "DELETE /contact HTTP/1.0" 401 4352 "-" "Mozilla/5.0 (Windows NT 10.0; Win64; x64) Chrome/91.0"
192.168.194.45 - - [26/Jan/2023:09:55:39 +0000] "DELETE /contact HTTP/2" 200 3905 "-" "Mozilla/5.0 (Windows NT 10.0; Win64; x64) Chrome/91.0"
192.168.138.223 - - [26/Jan/2023:06:30:16 +0000] "PUT /index.html HTTP/1.1" 201 4441 "-" "Mozilla/5.0 (Windows NT 10.0; WOW64; rv:45.0) Gecko/20100101 Firefox/45.0"
192.168.253.66 - - [13/Aug/2023:22:34:20 +0000] "GET /login HTTP/1.1" 301 3402 "-" "Mozilla/5.0 (Windows NT 10.0; Win64; x64) Chrome/91.0"
192.168.108.134 - - [14/Mar/2023:08:16:54 +0000] "GET /index.html HTTP/1.0" 200 3065 "-" "Mozilla/5.0 (Windows NT 10.0; WOW64; rv:45.0) Gecko/20100101 Firefox/45.0"
192.168.137.32 - - [18/Jun/2023:17:51:53 +0000] "GET /index.html HTTP/2" 302 2352 "-" "Mozilla/5.0 (Macintosh; Intel Mac OS X 10_15_7) Safari/537.36"
192.168.49.60 - - [24/Jan/2023:13:21:02 +0000] "DELETE /about HTTP/1.1" 500 4526 "-" "Mozilla/5.0 (Linux; Android 9) Firefox/80.0"
192.168.214.149 - - [06/Nov/2023:13:30:39 +0000] "GET /contact HTTP/2" 200 3745 "-" "Mozilla/5.0 (Windows NT 10.0; WOW64; rv:45.0) Gecko/20100101 Firefox/45.0"
192.168.159.7 - - [05/Apr/2023:11:57:43 +0000] "POST /products HTTP/1.0" 500 2584 "-" "Mozilla/5.0 (Windows NT 10.0; Win64; x64) Chrome/91.0"
192.168.36.9 - - [21/Nov/2023:18:32:46 +0000] "DELETE /login HTTP/1.1" 403 2903 "-" "Mozilla/5.0 (Linux; Android 9) Firefox/80.0"
192.168.36.9 - - [01/Feb/2023:03:19:53 +0000] "PUT /login HTTP/1.1" 201 4696 "-" "Mozilla/5.0 (Windows NT 10.0; Win64; x64) Chrome/91.0"
192.168.165.55 - - [16/Feb/2023:11:56:17 +0000] "GET /api/data HTTP/1.0" 200 4940 "-" "Mozilla/5.0 (Macintosh; Intel Mac OS X 10_15_7) Safari/537.36"
192.168.209.226 - - [09/Jan/2023:15:07:28 +0000] "GET /contact HTTP/1.0" 201 2456 "-" "Mozilla/5.0 (Macintosh; Intel Mac OS X 10_15_7) Safari/537.36"
192.168.8.203 - - [13/Jan/2023:18:29:08 +0000] "POST /api/data HTTP/1.0" 404 1471 "-" "Mozilla/5.0 (Windows NT 10.0; WOW64; rv:45.0) Gecko/20100101 Firefox/45.0"
192.168.109.223 - - [07/Nov/2023:21:59:48 +0000] "PUT /login HTTP/2" 301 772 "-" "Mozilla/5.0 (Linux; Android 9) Firefox/80.0"
192.168.108.134 - - [09/Oct/2023:10:57:22 +0000] "GET /login HTTP/1.0" 403 3873 "-" "Mozilla/5.0 (Windows NT 10.0; WOW64; rv:45.0) Gecko/20100101 Firefox/45.0"
192.168.123.215 - - [16/Jan/2023:04:27:57 +0000] "GET /contact HTTP/1.1" 403 4800 "-" "Mozilla/5.0 (Windows NT 10.0; WOW64; rv:45.0) Gecko/20100101 Firefox/45.0"
192.168.215.3 - - [26/Sep/2023:18:12:52 +0000] "POST /login HTTP/2" 200 3907 "-" "Mozilla/5.0 (Windows NT 10.0; WOW64; rv:45.0) Gecko/20100101 Firefox/45.0"
192.168.109.1 - - [22/Aug/2023:19:27:33 +0000] "DELETE /contact HTTP/2" 400 58 "-" "Mozilla/5.0 (iPhone; CPU iPhone OS 14_0 like Mac OS X)"
192.168.130.67 - - [03/May/2023:01:55:58 +0000] "GET /api/data HTTP/1.0" 403 1005 "-" "Mozilla/5.0 (Linux; Android 9) Firefox/80.0"
192.168.73.207 - - [15/Jun/2023:15:06:22 +0000] "POST /login HTTP/2" 401 723 "-" "Mozilla/5.0 (iPhone; CPU iPhone OS 14_0 like Mac OS X)"
192.168.47.8 - - [14/Oct/2023:12:20:27 +0000] "POST /index.html HTTP/1.1" 201 2157 "-" "Mozilla/5.0 (iPhone; CPU iPhone OS 14_0 like Mac OS X)"
192.168.130.73 - - [09/Aug/2023:12:44:28 +0000] "GET /index.html HTTP/1.0" 403 3992 "-" "Mozilla/5.0 (Windows NT 10.0; WOW64; rv:45.0) Gecko/20100101 Firefox/45.0"
192.168.251.168 - - [17/Oct/2023:23:50:47 +0000] "DELETE /login HTTP/1.0" 200 4916 "-" "Mozilla/5.0 (Windows NT 10.0; Win64; x64) Chrome/91.0"
192.168.151.60 - - [12/May/2023:15:14:05 +0000] "POST /about HTTP/1.0" 200 1469 "-" "Mozilla/5.0 (Windows NT 10.0; Win64; x64) Chrome/91.0"
192.168.56.75 - - [16/Dec/2023:21:05:49 +0000] "GET /dashboard HTTP/2" 503 1897 "-" "Mozilla/5.0 (Linux; Android 9) Firefox/80.0"
192.168.58.231 - - [23/May/2023:23:25:05 +0000] "DELETE /products HTTP/2" 404 715 "-" "Mozilla/5.0 (Windows NT 10.0; WOW64; rv:45.0) Gecko/20100101 Firefox/45.0"
192.168.231.76 - - [24/Nov/2023:03:27:02 +0000] "POST /dashboard HTTP/2" 400 4648 "-" "Mozilla/5.0 (iPhone; CPU iPhone OS 14_0 like Mac OS X)"
192.168.176.225 - - [02/Jan/2023:09:48:19 +0000] "POST /index.html HTTP/1.0" 404 4888 "-" "Mozilla/5.0 (Linux; Android 9) Firefox/80.0"
192.168.20.131 - - [01/Dec/2023:04:39:38 +0000] "GET /index.html HTTP/1.1" 400 2732 "-" "Mozilla/5.0 (Windows NT 10.0; Win64; x64) Chrome/91.0"
192.168.66.228 - - [05/Jan/2023:10:13:38 +0000] "DELETE /api/data HTTP/1.1" 301 1030 "-" "Mozilla/5.0 (Windows NT 10.0; WOW64; rv:45.0) Gecko/20100101 Firefox/45.0"
192.168.50.26 - - [14/Aug/2023:02:52:38 +0000] "GET /api/data HTTP/2" 200 1524 "-" "Mozilla/5.0 (Macintosh; Intel Mac OS X 10_15_7) Safari/537.36"
192.168.24.82 - - [06/Nov/2023:00:05:41 +0000] "GET /dashboard HTTP/2" 201 2792 "-" "Mozilla/5.0 (Windows NT 10.0; WOW64; rv:45.0) Gecko/20100101 Firefox/45.0"
192.168.209.226 - - [29/Oct/2023:05:28:39 +0000] "DELETE /index.html HTTP/2" 200 3153 "-" "Mozilla/5.0 (iPhone; CPU iPhone OS 14_0 like Mac OS X)"
192.168.150.205 - - [09/Jun/2023:18:56:55 +0000] "PUT /index.html HTTP/1.0" 503 229 "-" "Mozilla/5.0 (Windows NT 10.0; WOW64; rv:45.0) Gecko/20100101 Firefox/45.0"
192.168.1.25 - - [26/Jun/2023:15:19:59 +0000] "PUT /products HTTP/2" 301 4081 "-" "Mozilla/5.0 (Windows NT 10.0; Win64; x64) Chrome/91.0"
192.168.231.76 - - [28/Jul/2023:20:21:18 +0000] "GET /index.html HTTP/2" 500 4512 "-" "Mozilla/5.0 (Windows NT 10.0; Win64; x64) Chrome/91.0"
192.168.115.215 - - [10/Jun/2023:04:11:41 +0000] "DELETE /api/data HTTP/1.0" 201 2822 "-" "Mozilla/5.0 (Linux; Android 9) Firefox/80.0"
192.168.133.18 - - [13/Feb/2023:05:02:20 +0000] "DELETE /index.html HTTP/1.1" 302 4416 "-" "Mozilla/5.0 (Windows NT 10.0; Win64; x64) Chrome/91.0"
192.168.49.60 - - [23/Oct/2023:10:22:17 +0000] "GET /login HTTP/2" 201 4377 "-" "Mozilla/5.0 (Macintosh; Intel Mac OS X 10_15_7) Safari/537.36"
192.168.214.149 - - [21/Dec/2023:15:09:46 +0000] "GET /about HTTP/1.1" 301 2911 "-" "Mozilla/5.0 (Linux; Android 9) Firefox/80.0"
192.168.56.75 - - [11/Apr/2023:11:26:42 +0000] "GET /login HTTP/1.0" 503 197 "-" "Mozilla/5.0 (Linux; Android 9) Firefox/80.0"
192.168.118.115 - - [17/Jun/2023:16:29:54 +0000] "PUT /about HTTP/2" 401 4295 "-" "Mozilla/5.0 (iPhone; CPU iPhone OS 14_0 like Mac OS X)"
192.168.24.82 - - [17/Apr/2023:21:00:57 +0000] "POST /about HTTP/2" 503 4223 "-" "Mozilla/5.0 (iPhone; CPU iPhone OS 14_0 like Mac OS X)"
192.168.176.225 - - [21/May/2023:15:47:41 +0000] "DELETE /contact HTTP/2" 503 988 "-" "Mozilla/5.0 (Macintosh; Intel Mac OS X 10_15_7) Safari/537.36"
192.168.221.12 - - [26/Mar/2023:16:43:27 +0000] "POST /index.html HTTP/1.0" 200 2377 "-" "Mozilla/5.0 (Linux; Android 9) Firefox/80.0"
192.168.4.217 - - [01/Feb/2023:16:46:52 +0000] "GET /api/data HTTP/1.0" 301 3409 "-" "Mozilla/5.0 (Macintosh; Intel Mac OS X 10_15_7) Safari/537.36"
192.168.197.68 - - [10/Feb/2023:08:55:44 +0000] "GET /login HTTP/1.1" 404 3656 "-" "Mozilla/5.0 (Windows NT 10.0; WOW64; rv:45.0) Gecko/20100101 Firefox/45.0"
192.168.53.91 - - [20/Jul/2023:20:57:36 +0000] "DELETE /api/data HTTP/1.1" 201 1799 "-" "Mozilla/5.0 (Linux; Android 9) Firefox/80.0"
192.168.10.108 - - [13/Apr/2023:04:02:03 +0000] "POST /dashboard HTTP/1.0" 503 3101 "-" "Mozilla/5.0 (Macintosh; Intel Mac OS X 10_15_7) Safari/537.36"
