192.168.85.107 - - [28/Apr/2023:09:34:42 +0000] "PUT /login HTTP/1.0" 400 4037 "-" "Mozilla/5.0 (Windows NT 10.0; WOW64; rv:45.0) Gecko/20100101 Firefox/45.0"
192.168.152.183 - - [11/Jun/2023:08:07:20 +0000] "PUT /index.html HTTP/1.0" 404 4421 "-" "Mozilla/5.0 (Linux; Android 9) Firefox/80.0"
192.168.24.82 - - [08/Apr/2023:20:06:00 +0000] "PUT /about HTTP/1.0" 403 1180 "-" "Mozilla/5.0 (Macintosh; Intel Mac OS X 10_15_7) Safari/537.36"
192.168.95.251 - - [05/May/2023:00:31:50 +0000] "GET /about HTTP/1.1" 301 3788 "-" "Mozilla/5.0 (Linux; Android 9) Firefox/80.0"
192.168.231.171 - - [30/Mar/2023:15:01:42 +0000] "GET /api/data HTTP/2" 302 2135 "-" "Mozilla/5.0 (Windows NT 10.0; WOW64; rv:45.0) Gecko/20100101 Firefox/45.0"
192.168.122.148 - - [02/Dec/2023:15:51:21 +0000] "DELETE /about HTTP/1.1" 200 368 "-" "Mozilla/5.0 (Windows NT 10.0; Win64; x64) Chrome/91.0"
192.168.211.153 - - [22/Oct/2023:23:12:50 +0000] "POST /login HTTP/1.0" 500 3507 "-" "Mozilla/5.0 (Windows NT 10.0; Win64; x64) Chrome/91.0"
192.168.54.230 - - [20/Oct/2023:06:49:33 +0000] "DELETE /about HTTP/1.0" 301 4680 "-" "Mozilla/5.0 (Linux; Android 9) Firefox/80.0"
192.168.246.29 - - [17/Oct/2023:10:56:37 +0000] "POST /about HTTP/1.0" 500 1031 "-" "Mozilla/5.0 (Linux; Android 9) Firefox/80.0"
192.168.205.133 - - [13/Mar/2023:15:36:01 +0000] "DELETE /login HTTP/1.0" 201 3850 "-" "Mozilla/5.0 (Linux; Android 9) Firefox/80.0"
192.168.189.131 - - [09/Oct/2023:05:57:43 +0000] "PUT /contact HTTP/1.0" 403 4083 "-" "Mozilla/5.0 (Linux; Android 9) Firefox/80.0"
192.168.246.29 - - [31/Aug/2023:11:18:52 +0000] "POST /about HTTP/1.1" 301 861 "-" "Mozilla/5.0 (Windows NT 10.0; WOW64; rv:45.0) Gecko/20100101 Firefox/45.0"
192.168.118.115 - - [06/Oct/2023:08:58:31 +0000] "PUT /api/data HTTP/1.0" 403 2008 "-" "Mozilla/5.0 (Macintosh; Intel Mac OS X 10_15_7) Safari/537.36"
192.168.136.141 - - [08/Aug/2023:13:48:01 +0000] "POST /dashboard HTTP/1.1" 404 1041 "-" "Mozilla/5.0 (Macintosh; Intel Mac OS X 10_15_7) Safari/537.36"
192.168.23.28 - - [19/Apr/2023:23:59:53 +0000] "POST /login HTTP/2" 401 2445 "-" "Mozilla/5.0 (Windows NT 10.0; WOW64; rv:45.0) Gecko/20100101 Firefox/45.0"
192.168.139.31 - - [08/Sep/2023:10:04:54 +0000] "DELETE /login HTTP/2" 400 2083 "-" "Mozilla/5.0 (iPhone; CPU iPhone OS 14_0 like Mac OS X)"
192.168.152.183 - - [24/Nov/2023:12:16:05 +0000] "PUT /dashboard HTTP/1.0" 400 925 "-" "Mozilla/5.0 (Macintosh; Intel Mac OS X 10_15_7) Safari/537.36"
192.168.82.40 - - [18/Dec/2023:21:27:15 +0000] "DELETE /api/data HTTP/2" 301 2187 "-" "Mozilla/5.0 (iPhone; CPU iPhone OS 14_0 like Mac OS X)"
192.168.85.107 - - [23/May/2023:09:02:36 +0000] "GET /about HTTP/2" 503 2730 "-" "Mozilla/5.0 (Macintosh; Intel Mac OS X 10_15_7) Safari/537.36"
192.168.136.141 - - [24/Feb/2023:12:00:37 +0000] "GET /products HTTP/1.0" 302 178 "-" "Mozilla/5.0 (iPhone; CPU iPhone OS 14_0 like Mac OS X)"
192.168.8.203 - - [06/Apr/2023:22:15:49 +0000] "POST /about HTTP/1.1" 403 1925 "-" "Mozilla/5.0 (Windows NT 10.0; Win64; x64) Chrome/91.0"
192.168.29.108 - - [27/Feb/2023:21:03:01 +0000] "POST /login HTTP/1.1" 404 207 "-" "Mozilla/5.0 (Windows NT 10.0; Win64; x64) Chrome/91.0"
192.168.93.1 - - [12/Jan/2023:00:41:57 +0000] "POST /login HTTP/1.1" 301 3204 "-" "Mozilla/5.0 (Macintosh; Intel Mac OS X 10_15_7) Safari/537.36"
192.168.56.75 - - [13/Dec/2023:21:46:06 +0000] "GET /login HTTP/2" 404 63 "-" "Mozilla/5.0 (iPhone; CPU iPhone OS 14_0 like Mac OS X)"
192.168.57.68 - - [26/Jan/2023:19:54:23 +0000] "DELETE /products HTTP/2" 404 3404 "-" "Mozilla/5.0 (Linux; Android 9) Firefox/80.0"
192.168.142.40 - - [04/Aug/2023:11:09:50 +0000] "GET /index.html HTTP/1.1" 201 3008 "-" "Mozilla/5.0 (Windows NT 10.0; Win64; x64) Chrome/91.0"
192.168.4.217 - - [22/Oct/2023:21:04:36 +0000] "PUT /api/data HTTP/2" 302 2999 "-" "Mozilla/5.0 (Macintosh; Intel Mac OS X 10_15_7) Safari/537.36"
192.168.47.8 - - [24/Dec/2023:06:32:26 +0000] "PUT /index.html HTTP/1.1" 500 2782 "-" "Mozilla/5.0 (Windows NT 10.0; WOW64; rv:45.0) Gecko/20100101 Firefox/45.0"
192.168.73.207 - - [03/Jun/2023:08:11:06 +0000] "PUT /login HTTP/1.0" 302 997 "-" "Mozilla/5.0 (iPhone; CPU iPhone OS 14_0 like Mac OS X)"
192.168.58.231 - - [24/Feb/2023:14:30:32 +0000] "GET /about HTTP/2" 403 4624 "-" "Mozilla/5.0 (Macintosh; Intel Mac OS X 10_15_7) Safari/537.36"
192.168.122.148 - - [10/Jan/2023:12:05:42 +0000] "DELETE /about HTTP/1.1" 400 4698 "-" "Mozilla/5.0 (Windows NT 10.0; Win64; x64) Chrome/91.0"
192.168.3.246 - - [26/Feb/2023:22:10:46 +0000] "DELETE /api/data HTTP/1.0" 301 1286 "-" "Mozilla/5.0 (Macintosh; Intel Mac OS X 10_15_7) Safari/537.36"
192.168.54.230 - - [13/Dec/2023:16:58:30 +0000] "DELETE /api/data HTTP/1.0" 201 3619 "-" "Mozilla/5.0 (Linux; Android 9) Firefox/80.0"
192.168.176.225 - - [21/Dec/2023:04:24:08 +0000] "POST /api/data HTTP/1.0" 201 1036 "-" "Mozilla/5.0 (Linux; Android 9) Firefox/80.0"
192.168.95.251 - - [29/Oct/2023:21:59:32 +0000] "POST /login HTTP/1.0" 403 3137 "-" "Mozilla/5.0 (Macintosh; Intel Mac OS X 10_15_7) Safari/537.36"
192.168.152.183 - - [03/Jun/2023:23:48:49 +0000] "POST /contact HTTP/1.0" 401 3326 "-" "Mozilla/5.0 (iPhone; CPU iPhone OS 14_0 like Mac OS X)"
192.168.10.108 - - [11/Jan/2023:17:44:12 +0000] "POST /login HTTP/1.1" 400 3545 "-" "Mozilla/5.0 (Linux; Android 9) Firefox/80.0"
192.168.153.110 - - [01/Feb/2023:22:43:49 +0000] "PUT /about HTTP/1.1" 503 1965 "-" "Mozilla/5.0 (iPhone; CPU iPhone OS 14_0 like Mac OS X)"
192.168.20.131 - - [06/Nov/2023:10:52:05 +0000] "PUT /dashboard HTTP/1.1" 403 4547 "-" "Mozilla/5.0 (Windows NT 10.0; WOW64; rv:45.0) Gecko/20100101 Firefox/45.0"
192.168.185.95 - - [03/Sep/2023:09:47:00 +0000] "PUT /api/data HTTP/1.1" 201 4252 "-" "Mozilla/5.0 (Windows NT 10.0; Win64; x64) Chrome/91.0"
192.168.60.237 - - [13/Feb/2023:09:03:31 +0000] "PUT /dashboard HTTP/1.0" 403 3795 "-" "Mozilla/5.0 (Windows NT 10.0; Win64; x64) Chrome/91.0"
192.168.23.28 - - [25/Aug/2023:22:56:35 +0000] "DELETE /index.html HTTP/1.1" 403 170 "-" "Mozilla/5.0 (Windows NT 10.0; Win64; x64) Chrome/91.0"
192.168.159.7 - - [20/Aug/2023:23:12:15 +0000] "GET /login HTTP/1.1" 302 3243 "-" "Mozilla/5.0 (iPhone; CPU iPhone OS 14_0 like Mac OS X)"
192.168.214.149 - - [14/Nov/2023:03:36:43 +0000] "PUT /products HTTP/1.1" 302 421 "-" "Mozilla/5.0 (iPhone; CPU iPhone OS 14_0 like Mac OS X)"
192.168.130.73 - - [31/Jan/2023:07:45:49 +0000] "DELETE /login HTTP/1.1" 401 1118 "-" "Mozilla/5.0 (Macintosh; Intel Mac OS X 10_15_7) Safari/537.36"
192.168.197.68 - - [02/Sep/2023:23:10:38 +0000] "PUT /api/data HTTP/1.1" 403 3915 "-" "Mozilla/5.0 (Windows NT 10.0; WOW64; rv:45.0) Gecko/20100101 Firefox/45.0"
192.168.82.40 - - [14/Aug/2023:20:22:00 +0000] "POST /contact HTTP/1.0" 401 1965 "-" "Mozilla/5.0 (Windows NT 10.0; Win64; x64) Chrome/91.0"
192.168.246.29 - - [24/Dec/2023:03:36:35 +0000] "POST /products HTTP/1.1" 404 3641 "-" "Mozilla/5.0 (Windows NT 10.0; Win64; x64) Chrome/91.0"
192.168.142.40 - - [05/May/2023:02:20:59 +0000] "PUT /api/data HTTP/2" 404 3788 "-" "Mozilla/5.0 (Windows NT 10.0; Win64; x64) Chrome/91.0"
192.168.221.12 - - [18/Jan/2023:20:27:21 +0000] "POST /dashboard HTTP/1.1" 200 167 "-" "Mozilla/5.0 (iPhone; CPU iPhone OS 14_0 like Mac OS X)"
192.168.149.185 - - [06/Jul/2023:05:38:30 +0000] "GET /login HTTP/1.0" 401 3973 "-" "Mozilla/5.0 (Windows NT 10.0; WOW64; rv:45.0) Gecko/20100101 Firefox/45.0"
192.168.242.80 - - [16/Jul/2023:16:34:29 +0000] "PUT /login HTTP/1.0" 400 3320 "-" "Mozilla/5.0 (Windows NT 10.0; WOW64; rv:45.0) Gecko/20100101 Firefox/45.0"
192.168.192.205 - - [03/Mar/2023:06:36:51 +0000] "POST /dashboard HTTP/2" 403 3088 "-" "Mozilla/5.0 (Linux; Android 9) Firefox/80.0"
192.168.70.135 - - [14/Sep/2023:06:33:25 +0000] "GET /api/data HTTP/1.1" 200 1350 "-" "Mozilla/5.0 (Macintosh; Intel Mac OS X 10_15_7) Safari/537.36"
192.168.49.60 - - [22/Mar/2023:10:25:21 +0000] "DELETE /contact HTTP/1.1" 201 2447 "-" "Mozilla/5.0 (Windows NT 10.0; WOW64; rv:45.0) Gecko/20100101 Firefox/45.0"
192.168.230.27 - - [07/Jun/2023:06:11:27 +0000] "GET /dashboard HTTP/2" 302 694 "-" "Mozilla/5.0 (iPhone; CPU iPhone OS 14_0 like Mac OS X)"
192.168.194.242 - - [24/Jun/2023:04:38:38 +0000] "POST /dashboard HTTP/2" 401 553 "-" "Mozilla/5.0 (Linux; Android 9) Firefox/80.0"
192.168.172.138 - - [11/Sep/2023:01:16:14 +0000] "GET /dashboard HTTP/1.1" 301 1138 "-" "Mozilla/5.0 (iPhone; CPU iPhone OS 14_0 like Mac OS X)"
192.168.189.131 - - [09/Jun/2023:06:09:14 +0000] "PUT /dashboard HTTP/1.1" 404 859 "-" "Mozilla/5.0 (Macintosh; Intel Mac OS X 10_15_7) Safari/537.36"
192.168.122.148 - - [19/Jun/2023:20:45:47 +0000] "GET /index.html HTTP/1.0" 404 4328 "-" "Mozilla/5.0 (Macintosh; Intel Mac OS X 10_15_7) Safari/537.36"
192.168.85.107 - - [13/Nov/2023:23:54:39 +0000] "GET /api/data HTTP/1.0" 401 1303 "-" "Mozilla/5.0 (iPhone; CPU iPhone OS 14_0 like Mac OS X)"
192.168.152.183 - - [14/Mar/2023:08:33:58 +0000] "GET /api/data HTTP/1.1" 200 4362 "-" "Mozilla/5.0 (iPhone; CPU iPhone OS 14_0 like Mac OS X)"
192.168.152.183 - - [20/Jul/2023:20:11:40 +0000] "PUT /index.html HTTP/2" 301 1702 "-" "Mozilla/5.0 (Windows NT 10.0; WOW64; rv:45.0) Gecko/20100101 Firefox/45.0"
192.168.85.107 - - [05/Jul/2023:05:03:14 +0000] "PUT /about HTTP/1.1" 500 2951 "-" "Mozilla/5.0 (Linux; Android 9) Firefox/80.0"
192.168.198.70 - - [06/Apr/2023:22:56:00 +0000] "GET /contact HTTP/1.0" 400 3473 "-" "Mozilla/5.0 (Macintosh; Intel Mac OS X 10_15_7) Safari/537.36"
192.168.29.108 - - [29/Jul/2023:01:44:40 +0000] "DELETE /index.html HTTP/1.0" 200 4203 "-" "Mozilla/5.0 (iPhone; CPU iPhone OS 14_0 like Mac OS X)"
192.168.85.107 - - [15/Sep/2023:09:24:43 +0000] "GET /products HTTP/2" 404 3814 "-" "Mozilla/5.0 (Linux; Android 9) Firefox/80.0"
192.168.205.133 - - [06/Dec/2023:10:38:10 +0000] "PUT /contact HTTP/1.1" 503 1095 "-" "Mozilla/5.0 (Macintosh; Intel Mac OS X 10_15_7) Safari/537.36"
192.168.29.135 - - [17/Apr/2023:20:43:07 +0000] "PUT /contact HTTP/2" 503 2585 "-" "Mozilla/5.0 (Linux; Android 9) Firefox/80.0"
192.168.172.138 - - [22/Mar/2023:08:33:42 +0000] "DELETE /login HTTP/2" 503 2870 "-" "Mozilla/5.0 (iPhone; CPU iPhone OS 14_0 like Mac OS X)"
192.168.253.66 - - [26/Mar/2023:04:29:46 +0000] "POST /api/data HTTP/1.1" 404 3030 "-" "Mozilla/5.0 (iPhone; CPU iPhone OS 14_0 like Mac OS X)"
192.168.251.168 - - [15/Jun/2023:01:15:54 +0000] "DELETE /products HTTP/1.0" 302 36 "-" "Mozilla/5.0 (Macintosh; Intel Mac OS X 10_15_7) Safari/537.36"
192.168.189.131 - - [21/Aug/2023:12:07:03 +0000] "POST /login HTTP/1.0" 401 3508 "-" "Mozilla/5.0 (iPhone; CPU iPhone OS 14_0 like Mac OS X)"
192.168.105.149 - - [10/May/2023:09:51:18 +0000] "POST /dashboard HTTP/1.1" 400 1395 "-" "Mozilla/5.0 (Macintosh; Intel Mac OS X 10_15_7) Safari/537.36"
192.168.1.25 - - [09/Oct/2023:12:23:21 +0000] "PUT /login HTTP/1.1" 302 3871 "-" "Mozilla/5.0 (Macintosh; Intel Mac OS X 10_15_7) Safari/537.36"
192.168.216.222 - - [05/Nov/2023:00:21:58 +0000] "PUT /products HTTP/1.1" 400 4857 "-" "Mozilla/5.0 (Linux; Android 9) Firefox/80.0"
192.168.165.55 - - [11/Apr/2023:17:57:09 +0000] "POST /dashboard HTTP/2" 201 2638 "-" "Mozilla/5.0 (Windows NT 10.0; Win64; x64) Chrome/91.0"
192.168.153.110 - - [13/Jul/2023:17:01:25 +0000] "GET /contact HTTP/1.1" 200 1351 "-" "Mozilla/5.0 (iPhone; CPU iPhone OS 14_0 like Mac OS X)"
192.168.108.134 - - [04/Dec/2023:17:48:49 +0000] "PUT /dashboard HTTP/1.0" 500 4868 "-" "Mozilla/5.0 (Linux; Android 9) Firefox/80.0"
192.168.102.89 - - [20/Dec/2023:22:48:05 +0000] "DELETE /products HTTP/1.0" 503 2076 "-" "Mozilla/5.0 (Windows NT 10.0; WOW64; rv:45.0) Gecko/20100101 Firefox/45.0"
192.168.198.70 - - [11/Jun/2023:20:50:16 +0000] "PUT /index.html HTTP/1.0" 302 3153 "-" "Mozilla/5.0 (iPhone; CPU iPhone OS 14_0 like Mac OS X)"
192.168.58.231 - - [10/Mar/2023:17:55:09 +0000] "DELETE /contact HTTP/2" 503 2108 "-" "Mozilla/5.0 (iPhone; CPU iPhone OS 14_0 like Mac OS X)"
192.168.20.131 - - [12/Nov/2023:08:49:05 +0000] "POST /api/data HTTP/1.0" 500 896 "-" "Mozilla/5.0 (Linux; Android 9) Firefox/80.0"
192.168.165.198 - - [21/Sep/2023:10:06:45 +0000] "POST /products HTTP/2" 302 2427 "-" "Mozilla/5.0 (Windows NT 10.0; Win64; x64) Chrome/91.0"
192.168.216.222 - - [11/Dec/2023:06:01:33 +0000] "POST /contact HTTP/1.0" 403 2269 "-" "Mozilla/5.0 (Macintosh; Intel Mac OS X 10_15_7) Safari/537.36"
192.168.50.210 - - [22/Oct/2023:23:23:37 +0000] "DELETE /api/data HTTP/2" 200 1235 "-" "Mozilla/5.0 (iPhone; CPU iPhone OS 14_0 like Mac OS X)"
192.168.123.215 - - [01/Jan/2023:07:47:33 +0000] "DELETE /index.html HTTP/2" 500 2034 "-" "Mozilla/5.0 (Macintosh; Intel Mac OS X 10_15_7) Safari/537.36"
192.168.0.23 - - [11/Aug/2023:09:14:07 +0000] "DELETE /dashboard HTTP/1.0" 404 2376 "-" "Mozilla/5.0 (Linux; Android 9) Firefox/80.0"
192.168.231.171 - - [29/Aug/2023:13:34:49 +0000] "GET /index.html HTTP/2" 301 4209 "-" "Mozilla/5.0 (Macintosh; Intel Mac OS X 10_15_7) Safari/537.36"
192.168.172.138 - - [19/Dec/2023:21:21:54 +0000] "GET /about HTTP/2" 401 4374 "-" "Mozilla/5.0 (Windows NT 10.0; Win64; x64) Chrome/91.0"
192.168.130.104 - - [19/Sep/2023:16:04:51 +0000] "DELETE /login HTTP/1.0" 201 3191 "-" "Mozilla/5.0 (Macintosh; Intel Mac OS X 10_15_7) Safari/537.36"
192.168.110.93 - - [06/Oct/2023:12:29:34 +0000] "DELETE /products HTTP/2" 503 1110 "-" "Mozilla/5.0 (Linux; Android 9) Firefox/80.0"
192.168.8.203 - - [20/May/2023:06:01:19 +0000] "PUT /login HTTP/1.0" 301 246 "-" "Mozilla/5.0 (Windows NT 10.0; WOW64; rv:45.0) Gecko/20100101 Firefox/45.0"
192.168.214.149 - - [26/Mar/2023:06:58:15 +0000] "GET /about HTTP/2" 500 1115 "-" "Mozilla/5.0 (Macintosh; Intel Mac OS X 10_15_7) Safari/537.36"
192.168.32.227 - - [04/May/2023:01:53:59 +0000] "POST /dashboard HTTP/2" 401 4921 "-" "Mozilla/5.0 (Windows NT 10.0; Win64; x64) Chrome/91.0"
192.168.50.210 - - [24/Aug/2023:19:46:42 +0000] "GET /login HTTP/1.0" 401 2836 "-" "Mozilla/5.0 (iPhone; CPU iPhone OS 14_0 like Mac OS X)"
192.168.133.18 - - [01/May/2023:08:38:15 +0000] "GET /dashboard HTTP/2" 404 4042 "-" "Mozilla/5.0 (Linux; Android 9) Firefox/80.0"
192.168.99.72 - - [30/Nov/2023:11:11:01 +0000] "PUT /contact HTTP/1.1" 404 3082 "-" "Mozilla/5.0 (Windows NT 10.0; Win64; x64) Chrome/91.0"
192.168.56.75 - - [09/May/2023:19:41:47 +0000] "POST /about HTTP/1.1" 500 193 "-" "Mozilla/5.0 (Macintosh; Intel Mac OS X 10_15_7) Safari/537.36"
192.168.102.89 - - [12/May/2023:06:42:09 +0000] "DELETE /about HTTP/1.0" 401 3237 "-" "Mozilla/5.0 (Linux; Android 9) Firefox/80.0"
192.168.102.89 - - [30/Sep/2023:12:01:22 +0000] "POST /login HTTP/1.1" 404 1549 "-" "Mozilla/5.0 (Windows NT 10.0; WOW64; rv:45.0) Gecko/20100101 Firefox/45.0"
192.168.73.207 - - [10/Apr/2023:12:21:10 +0000] "PUT /products HTTP/2" 500 3203 "-" "Mozilla/5.0 (iPhone; CPU iPhone OS 14_0 like Mac OS X)"
192.168.47.8 - - [29/Sep/2023:07:41:26 +0000] "PUT /products HTTP/2" 503 4205 "-" "Mozilla/5.0 (Macintosh; Intel Mac OS X 10_15_7) Safari/537.36"
192.168.153.110 - - [09/Mar/2023:10:04:22 +0000] "POST /login HTTP/2" 301 4145 "-" "Mozilla/5.0 (Windows NT 10.0; Win64; x64) Chrome/91.0"
192.168.150.205 - - [15/Aug/2023:04:02:07 +0000] "DELETE /api/data HTTP/1.0" 301 1888 "-" "Mozilla/5.0 (Windows NT 10.0; WOW64; rv:45.0) Gecko/20100101 Firefox/45.0"
192.168.251.168 - - [27/Aug/2023:20:20:39 +0000] "DELETE /about HTTP/1.0" 400 778 "-" "Mozilla/5.0 (Macintosh; Intel Mac OS X 10_15_7) Safari/537.36"
192.168.108.134 - - [01/Dec/2023:16:05:33 +0000] "POST /dashboard HTTP/1.0" 503 3257 "-" "Mozilla/5.0 (Windows NT 10.0; Win64; x64) Chrome/91.0"
192.168.50.26 - - [02/Jul/2023:18:12:31 +0000] "POST /api/data HTTP/1.1" 201 3890 "-" "Mozilla/5.0 (iPhone; CPU iPhone OS 14_0 like Mac OS X)"
192.168.60.237 - - [13/Jul/2023:13:43:55 +0000] "POST /about HTTP/2" 401 4133 "-" "Mozilla/5.0 (Macintosh; Intel Mac OS X 10_15_7) Safari/537.36"
192.168.118.115 - - [08/Jan/2023:09:31:38 +0000] "PUT /dashboard HTTP/1.1" 401 491 "-" "Mozilla/5.0 (Windows NT 10.0; Win64; x64) Chrome/91.0"
192.168.216.222 - - [13/Apr/2023:04:33:46 +0000] "PUT /api/data HTTP/2" 200 3227 "-" "Mozilla/5.0 (iPhone; CPU iPhone OS 14_0 like Mac OS X)"
192.168.207.145 - - [05/Nov/2023:21:14:51 +0000] "PUT /contact HTTP/1.0" 302 4776 "-" "Mozilla/5.0 (Windows NT 10.0; WOW64; rv:45.0) Gecko/20100101 Firefox/45.0"
192.168.186.82 - - [16/Jun/2023:08:21:32 +0000] "GET /api/data HTTP/1.0" 200 2474 "-" "Mozilla/5.0 (Linux; Android 9) Firefox/80.0"
192.168.185.193 - - [29/Aug/2023:22:05:48 +0000] "DELETE /api/data HTTP/1.0" 400 2914 "-" "Mozilla/5.0 (iPhone; CPU iPhone OS 14_0 like Mac OS X)"
192.168.216.222 - - [21/Feb/2023:00:15:30 +0000] "DELETE /login HTTP/2" 200 2117 "-" "Mozilla/5.0 (Macintosh; Intel Mac OS X 10_15_7) Safari/537.36"
192.168.242.80 - - [04/Apr/2023:08:18:28 +0000] "PUT /login HTTP/2" 201 4984 "-" "Mozilla/5.0 (Linux; Android 9) Firefox/80.0"
192.168.211.153 - - [12/Sep/2023:10:50:19 +0000] "DELETE /api/data HTTP/2" 302 3550 "-" "Mozilla/5.0 (iPhone; CPU iPhone OS 14_0 like Mac OS X)"
192.168.216.222 - - [07/Aug/2023:17:56:43 +0000] "GET /products HTTP/1.0" 503 4195 "-" "Mozilla/5.0 (iPhone; CPU iPhone OS 14_0 like Mac OS X)"
192.168.251.168 - - [16/Apr/2023:08:25:12 +0000] "PUT /products HTTP/1.0" 503 760 "-" "Mozilla/5.0 (Linux; Android 9) Firefox/80.0"
192.168.110.185 - - [22/Jan/2023:18:02:07 +0000] "DELETE /login HTTP/2" 401 1356 "-" "Mozilla/5.0 (Linux; Android 9) Firefox/80.0"
192.168.23.28 - - [22/Aug/2023:01:30:49 +0000] "POST /index.html HTTP/2" 503 3729 "-" "Mozilla/5.0 (Windows NT 10.0; Win64; x64) Chrome/91.0"
192.168.57.68 - - [22/Feb/2023:18:00:39 +0000] "GET /products HTTP/1.0" 301 4564 "-" "Mozilla/5.0 (Linux; Android 9) Firefox/80.0"
192.168.66.228 - - [25/Sep/2023:23:45:17 +0000] "POST /about HTTP/1.0" 301 3352 "-" "Mozilla/5.0 (Linux; Android 9) Firefox/80.0"
192.168.105.149 - - [11/Dec/2023:13:48:34 +0000] "GET /index.html HTTP/2" 201 892 "-" "Mozilla/5.0 (Macintosh; Intel Mac OS X 10_15_7) Safari/537.36"
192.168.215.3 - - [06/May/2023:19:09:06 +0000] "DELETE /dashboard HTTP/1.0" 201 4108 "-" "Mozilla/5.0 (Windows NT 10.0; WOW64; rv:45.0) Gecko/20100101 Firefox/45.0"
192.168.136.141 - - [11/Aug/2023:08:14:20 +0000] "PUT /contact HTTP/2" 301 3107 "-" "Mozilla/5.0 (iPhone; CPU iPhone OS 14_0 like Mac OS X)"
192.168.3.246 - - [20/Mar/2023:19:28:58 +0000] "PUT /products HTTP/2" 201 1701 "-" "Mozilla/5.0 (Linux; Android 9) Firefox/80.0"
192.168.105.149 - - [06/Nov/2023:23:13:34 +0000] "POST /about HTTP/1.0" 404 810 "-" "Mozilla/5.0 (Windows NT 10.0; Win64; x64) Chrome/91.0"
192.168.246.29 - - [07/Apr/2023:17:17:28 +0000] "GET /contact HTTP/2" 201 2670 "-" "Mozilla/5.0 (Linux; Android 9) Firefox/80.0"
192.168.110.93 - - [24/Dec/2023:16:07:30 +0000] "PUT /about HTTP/1.1" 201 4300 "-" "Mozilla/5.0 (Windows NT 10.0; WOW64; rv:45.0) Gecko/20100101 Firefox/45.0"
192.168.185.193 - - [17/Mar/2023:22:09:39 +0000] "POST /products HTTP/1.0" 403 4608 "-" "Mozilla/5.0 (Windows NT 10.0; Win64; x64) Chrome/91.0"
192.168.10.108 - - [31/May/2023:13:48:44 +0000] "GET /products HTTP/1.1" 200 2794 "-" "Mozilla/5.0 (Macintosh; Intel Mac OS X 10_15_7) Safari/537.36"
192.168.26.171 - - [20/Mar/2023:09:05:03 +0000] "POST /products HTTP/1.0" 201 4575 "-" "Mozilla/5.0 (iPhone; CPU iPhone OS 14_0 like Mac OS X)"
192.168.118.14 - - [02/Mar/2023:19:59:11 +0000] "GET /products HTTP/1.0" 200 2440 "-" "Mozilla/5.0 (Windows NT 10.0; Win64; x64) Chrome/91.0"
192.168.24.82 - - [15/Sep/2023:01:22:35 +0000] "GET /login HTTP/1.1" 500 1852 "-" "Mozilla/5.0 (Windows NT 10.0; Win64; x64) Chrome/91.0"
192.168.10.80 - - [11/Mar/2023:10:27:02 +0000] "DELETE /contact HTTP/2" 301 3522 "-" "Mozilla/5.0 (iPhone; CPU iPhone OS 14_0 like Mac OS X)"
192.168.186.82 - - [16/Apr/2023:03:46:13 +0000] "GET /api/data HTTP/2" 503 4741 "-" "Mozilla/5.0 (Windows NT 10.0; Win64; x64) Chrome/91.0"
192.168.49.60 - - [08/May/2023:10:06:05 +0000] "POST /contact HTTP/1.1" 301 4536 "-" "Mozilla/5.0 (Macintosh; Intel Mac OS X 10_15_7) Safari/537.36"
192.168.149.185 - - [19/Nov/2023:21:12:00 +0000] "PUT /contact HTTP/1.1" 400 4872 "-" "Mozilla/5.0 (Linux; Android 9) Firefox/80.0"
192.168.70.135 - - [20/Apr/2023:12:42:34 +0000] "POST /about HTTP/1.1" 200 3874 "-" "Mozilla/5.0 (Windows NT 10.0; WOW64; rv:45.0) Gecko/20100101 Firefox/45.0"
192.168.185.193 - - [21/Apr/2023:12:07:11 +0000] "GET /dashboard HTTP/2" 200 4398 "-" "Mozilla/5.0 (Windows NT 10.0; Win64; x64) Chrome/91.0"
192.168.24.82 - - [19/Dec/2023:07:32:57 +0000] "DELETE /contact HTTP/1.1" 302 4206 "-" "Mozilla/5.0 (Macintosh; Intel Mac OS X 10_15_7) Safari/537.36"
192.168.82.40 - - [04/Jun/2023:21:52:26 +0000] "PUT /dashboard HTTP/1.1" 500 3287 "-" "Mozilla/5.0 (Windows NT 10.0; WOW64; rv:45.0) Gecko/20100101 Firefox/45.0"
192.168.85.107 - - [30/Nov/2023:21:01:39 +0000] "GET /about HTTP/1.0" 302 1338 "-" "Mozilla/5.0 (Windows NT 10.0; Win64; x64) Chrome/91.0"
192.168.29.108 - - [09/Jan/2023:13:54:23 +0000] "POST /contact HTTP/2" 302 1617 "-" "Mozilla/5.0 (Windows NT 10.0; Win64; x64) Chrome/91.0"
192.168.26.171 - - [17/May/2023:00:09:24 +0000] "PUT /contact HTTP/1.1" 503 4246 "-" "Mozilla/5.0 (Windows NT 10.0; WOW64; rv:45.0) Gecko/20100101 Firefox/45.0"
192.168.246.29 - - [11/Apr/2023:01:30:21 +0000] "PUT /products HTTP/1.1" 500 2687 "-" "Mozilla/5.0 (Linux; Android 9) Firefox/80.0"
192.168.165.198 - - [13/Dec/2023:17:09:32 +0000] "POST /dashboard HTTP/2" 400 1080 "-" "Mozilla/5.0 (Windows NT 10.0; Win64; x64) Chrome/91.0"
192.168.197.68 - - [22/Oct/2023:03:23:06 +0000] "GET /api/data HTTP/1.0" 400 4873 "-" "Mozilla/5.0 (Windows NT 10.0; WOW64; rv:45.0) Gecko/20100101 Firefox/45.0"
192.168.205.133 - - [18/Aug/2023:23:02:32 +0000] "DELETE /products HTTP/1.1" 403 2548 "-" "Mozilla/5.0 (Windows NT 10.0; Win64; x64) Chrome/91.0"
192.168.136.141 - - [21/Oct/2023:04:37:55 +0000] "GET /products HTTP/1.1" 200 4109 "-" "Mozilla/5.0 (Macintosh; Intel Mac OS X 10_15_7) Safari/537.36"
192.168.57.68 - - [27/Apr/2023:07:19:00 +0000] "PUT /dashboard HTTP/1.1" 503 2200 "-" "Mozilla/5.0 (Windows NT 10.0; WOW64; rv:45.0) Gecko/20100101 Firefox/45.0"
192.168.124.42 - - [20/Mar/2023:10:35:47 +0000] "GET /index.html HTTP/1.1" 500 421 "-" "Mozilla/5.0 (Windows NT 10.0; Win64; x64) Chrome/91.0"
192.168.142.40 - - [07/Jun/2023:22:55:46 +0000] "GET /index.html HTTP/1.1" 401 486 "-" "Mozilla/5.0 (Windows NT 10.0; WOW64; rv:45.0) Gecko/20100101 Firefox/45.0"
192.168.29.135 - - [15/Jul/2023:11:21:13 +0000] "POST /dashboard HTTP/1.1" 401 2178 "-" "Mozilla/5.0 (Windows NT 10.0; WOW64; rv:45.0) Gecko/20100101 Firefox/45.0"
192.168.118.115 - - [27/Oct/2023:18:16:22 +0000] "DELETE /contact HTTP/2" 201 3402 "-" "Mozilla/5.0 (Windows NT 10.0; Win64; x64) Chrome/91.0"
192.168.136.141 - - [04/Feb/2023:21:11:46 +0000] "GET /dashboard HTTP/1.0" 200 3795 "-" "Mozilla/5.0 (Linux; Android 9) Firefox/80.0"
192.168.8.203 - - [25/Nov/2023:02:20:13 +0000] "DELETE /about HTTP/1.0" 301 4977 "-" "Mozilla/5.0 (Linux; Android 9) Firefox/80.0"
192.168.50.26 - - [23/Jun/2023:05:10:47 +0000] "GET /dashboard HTTP/1.0" 301 4556 "-" "Mozilla/5.0 (Linux; Android 9) Firefox/80.0"
192.168.8.203 - - [13/Jun/2023:17:15:04 +0000] "GET /dashboard HTTP/1.0" 400 210 "-" "Mozilla/5.0 (iPhone; CPU iPhone OS 14_0 like Mac OS X)"
192.168.153.110 - - [26/Aug/2023:19:26:35 +0000] "PUT /about HTTP/1.0" 403 3280 "-" "Mozilla/5.0 (Macintosh; Intel Mac OS X 10_15_7) Safari/537.36"
192.168.122.148 - - [06/Dec/2023:23:17:03 +0000] "DELETE /about HTTP/1.0" 404 4169 "-" "Mozilla/5.0 (Windows NT 10.0; Win64; x64) Chrome/91.0"
192.168.50.26 - - [08/May/2023:06:40:15 +0000] "POST /login HTTP/1.1" 201 4627 "-" "Mozilla/5.0 (Linux; Android 9) Firefox/80.0"
192.168.95.251 - - [31/May/2023:23:27:23 +0000] "DELETE /index.html HTTP/1.1" 201 3194 "-" "Mozilla/5.0 (Macintosh; Intel Mac OS X 10_15_7) Safari/537.36"
192.168.150.205 - - [01/Aug/2023:11:26:13 +0000] "DELETE /login HTTP/1.0" 200 1574 "-" "Mozilla/5.0 (Windows NT 10.0; Win64; x64) Chrome/91.0"
192.168.109.1 - - [07/Nov/2023:00:13:53 +0000] "PUT /login HTTP/1.1" 401 3820 "-" "Mozilla/5.0 (Macintosh; Intel Mac OS X 10_15_7) Safari/537.36"
192.168.29.108 - - [02/Dec/2023:15:53:02 +0000] "GET /dashboard HTTP/1.1" 503 2430 "-" "Mozilla/5.0 (iPhone; CPU iPhone OS 14_0 like Mac OS X)"
192.168.49.60 - - [23/Oct/2023:16:16:16 +0000] "GET /products HTTP/2" 401 3603 "-" "Mozilla/5.0 (Windows NT 10.0; Win64; x64) Chrome/91.0"
192.168.118.14 - - [02/Dec/2023:06:53:24 +0000] "PUT /contact HTTP/2" 201 66 "-" "Mozilla/5.0 (Linux; Android 9) Firefox/80.0"
192.168.10.80 - - [07/May/2023:05:16:44 +0000] "PUT /about HTTP/2" 201 1837 "-" "Mozilla/5.0 (Macintosh; Intel Mac OS X 10_15_7) Safari/537.36"
192.168.53.91 - - [12/Sep/2023:20:56:27 +0000] "DELETE /login HTTP/2" 403 2279 "-" "Mozilla/5.0 (Windows NT 10.0; WOW64; rv:45.0) Gecko/20100101 Firefox/45.0"
192.168.0.23 - - [09/Dec/2023:22:53:48 +0000] "DELETE /api/data HTTP/1.0" 301 3931 "-" "Mozilla/5.0 (Windows NT 10.0; WOW64; rv:45.0) Gecko/20100101 Firefox/45.0"
192.168.118.14 - - [22/May/2023:11:53:47 +0000] "DELETE /dashboard HTTP/1.1" 403 4106 "-" "Mozilla/5.0 (Linux; Android 9) Firefox/80.0"
192.168.194.45 - - [09/May/2023:10:38:28 +0000] "PUT /products HTTP/1.1" 301 1571 "-" "Mozilla/5.0 (iPhone; CPU iPhone OS 14_0 like Mac OS X)"
192.168.152.183 - - [26/Feb/2023:22:43:51 +0000] "POST /api/data HTTP/2" 401 3509 "-" "Mozilla/5.0 (Windows NT 10.0; WOW64; rv:45.0) Gecko/20100101 Firefox/45.0"
192.168.24.82 - - [05/Aug/2023:00:36:30 +0000] "DELETE /products HTTP/2" 404 1903 "-" "Mozilla/5.0 (Macintosh; Intel Mac OS X 10_15_7) Safari/537.36"
192.168.99.72 - - [18/May/2023:16:08:59 +0000] "PUT /contact HTTP/1.0" 503 897 "-" "Mozilla/5.0 (Linux; Android 9) Firefox/80.0"
192.168.176.225 - - [14/Jun/2023:13:58:34 +0000] "POST /login HTTP/1.0" 403 3997 "-" "Mozilla/5.0 (Windows NT 10.0; Win64; x64) Chrome/91.0"
192.168.207.145 - - [14/Sep/2023:17:35:59 +0000] "PUT /login HTTP/1.1" 302 1290 "-" "Mozilla/5.0 (Macintosh; Intel Mac OS X 10_15_7) Safari/537.36"
192.168.70.135 - - [05/Aug/2023:18:00:28 +0000] "DELETE /login HTTP/1.0" 503 4321 "-" "Mozilla/5.0 (Windows NT 10.0; WOW64; rv:45.0) Gecko/20100101 Firefox/45.0"
192.168.186.82 - - [10/Dec/2023:02:38:22 +0000] "PUT /index.html HTTP/1.1" 301 3863 "-" "Mozilla/5.0 (iPhone; CPU iPhone OS 14_0 like Mac OS X)"
192.168.3.246 - - [11/May/2023:18:17:15 +0000] "DELETE /login HTTP/2" 302 4488 "-" "Mozilla/5.0 (Windows NT 10.0; WOW64; rv:45.0) Gecko/20100101 Firefox/45.0"
192.168.3.246 - - [07/Oct/2023:16:25:10 +0000] "DELETE /dashboard HTTP/2" 401 3926 "-" "Mozilla/5.0 (Windows NT 10.0; Win64; x64) Chrome/91.0"
192.168.214.149 - - [20/Mar/2023:22:25:44 +0000] "GET /dashboard HTTP/2" 404 4639 "-" "Mozilla/5.0 (iPhone; CPU iPhone OS 14_0 like Mac OS X)"
192.168.50.210 - - [31/Jan/2023:20:56:53 +0000] "PUT /api/data HTTP/2" 500 4355 "-" "Mozilla/5.0 (iPhone; CPU iPhone OS 14_0 like Mac OS X)"
192.168.205.133 - - [19/Sep/2023:18:20:11 +0000] "POST /index.html HTTP/1.1" 403 1233 "-" "Mozilla/5.0 (iPhone; CPU iPhone OS 14_0 like Mac OS X)"
192.168.149.185 - - [02/Oct/2023:19:28:48 +0000] "POST /contact HTTP/2" 400 4742 "-" "Mozilla/5.0 (Linux; Android 9) Firefox/80.0"
192.168.72.105 - - [27/Feb/2023:18:25:17 +0000] "PUT /login HTTP/1.0" 201 4595 "-" "Mozilla/5.0 (Macintosh; Intel Mac OS X 10_15_7) Safari/537.36"
192.168.102.89 - - [25/Jun/2023:00:51:09 +0000] "GET /dashboard HTTP/2" 404 4605 "-" "Mozilla/5.0 (Windows NT 10.0; Win64; x64) Chrome/91.0"
192.168.216.222 - - [04/Mar/2023:05:39:20 +0000] "DELETE /contact HTTP/1.1" 301 3435 "-" "Mozilla/5.0 (Windows NT 10.0; Win64; x64) Chrome/91.0"
192.168.118.115 - - [16/Nov/2023:07:23:57 +0000] "GET /api/data HTTP/2" 200 615 "-" "Mozilla/5.0 (Linux; Android 9) Firefox/80.0"
192.168.221.12 - - [12/Mar/2023:14:00:35 +0000] "GET /index.html HTTP/2" 403 207 "-" "Mozilla/5.0 (Windows NT 10.0; Win64; x64) Chrome/91.0"
192.168.137.32 - - [17/Jul/2023:12:55:45 +0000] "GET /products HTTP/1.1" 401 1954 "-" "Mozilla/5.0 (iPhone; CPU iPhone OS 14_0 like Mac OS X)"
192.168.49.60 - - [31/Dec/2023:06:29:45 +0000] "GET /dashboard HTTP/1.1" 403 4667 "-" "Mozilla/5.0 (Windows NT 10.0; Win64; x64) Chrome/91.0"
192.168.36.9 - - [19/Oct/2023:12:02:41 +0000] "PUT /api/data HTTP/1.1" 200 4534 "-" "Mozilla/5.0 (Windows NT 10.0; WOW64; rv:45.0) Gecko/20100101 Firefox/45.0"
192.168.153.110 - - [19/Nov/2023:00:36:55 +0000] "POST /about HTTP/2" 200 110 "-" "Mozilla/5.0 (Macintosh; Intel Mac OS X 10_15_7) Safari/537.36"
192.168.221.12 - - [11/Aug/2023:16:44:51 +0000] "PUT /index.html HTTP/2" 503 3467 "-" "Mozilla/5.0 (iPhone; CPU iPhone OS 14_0 like Mac OS X)"
192.168.118.218 - - [02/Sep/2023:15:18:11 +0000] "POST /index.html HTTP/1.0" 301 4431 "-" "Mozilla/5.0 (Windows NT 10.0; Win64; x64) Chrome/91.0"
192.168.198.70 - - [16/May/2023:20:06:37 +0000] "PUT /login HTTP/1.0" 302 2404 "-" "Mozilla/5.0 (Linux; Android 9) Firefox/80.0"
192.168.50.26 - - [14/Mar/2023:08:37:15 +0000] "GET /api/data HTTP/1.1" 403 4399 "-" "Mozilla/5.0 (iPhone; CPU iPhone OS 14_0 like Mac OS X)"
192.168.115.215 - - [24/Jul/2023:07:17:29 +0000] "DELETE /api/data HTTP/1.1" 301 240 "-" "Mozilla/5.0 (iPhone; CPU iPhone OS 14_0 like Mac OS X)"
192.168.130.104 - - [06/Mar/2023:14:46:54 +0000] "POST /login HTTP/1.1" 301 4930 "-" "Mozilla/5.0 (iPhone; CPU iPhone OS 14_0 like Mac OS X)"
192.168.72.105 - - [07/Jan/2023:00:06:31 +0000] "GET /dashboard HTTP/1.0" 404 2731 "-" "Mozilla/5.0 (Windows NT 10.0; WOW64; rv:45.0) Gecko/20100101 Firefox/45.0"
192.168.0.23 - - [28/Dec/2023:17:07:50 +0000] "DELETE /about HTTP/2" 401 1601 "-" "Mozilla/5.0 (Macintosh; Intel Mac OS X 10_15_7) Safari/537.36"
192.168.29.108 - - [19/Sep/2023:17:03:12 +0000] "POST /products HTTP/1.0" 201 566 "-" "Mozilla/5.0 (Macintosh; Intel Mac OS X 10_15_7) Safari/537.36"
192.168.118.14 - - [11/Feb/2023:00:48:40 +0000] "POST /contact HTTP/1.1" 201 1941 "-" "Mozilla/5.0 (Linux; Android 9) Firefox/80.0"
192.168.70.135 - - [22/Mar/2023:09:33:18 +0000] "GET /about HTTP/1.1" 401 3907 "-" "Mozilla/5.0 (iPhone; CPU iPhone OS 14_0 like Mac OS X)"
192.168.32.227 - - [29/Oct/2023:09:17:45 +0000] "GET /index.html HTTP/1.1" 200 3666 "-" "Mozilla/5.0 (Windows NT 10.0; Win64; x64) Chrome/91.0"
192.168.23.28 - - [19/Feb/2023:15:14:55 +0000] "PUT /products HTTP/1.1" 503 1558 "-" "Mozilla/5.0 (Windows NT 10.0; Win64; x64) Chrome/91.0"
192.168.53.91 - - [11/Jul/2023:22:32:45 +0000] "DELETE /index.html HTTP/1.1" 200 3151 "-" "Mozilla/5.0 (Windows NT 10.0; Win64; x64) Chrome/91.0"
192.168.216.222 - - [04/Jan/2023:19:25:54 +0000] "DELETE /contact HTTP/2" 301 2618 "-" "Mozilla/5.0 (Macintosh; Intel Mac OS X 10_15_7) Safari/537.36"
192.168.8.203 - - [20/Jun/2023:15:32:49 +0000] "DELETE /about HTTP/1.1" 201 421 "-" "Mozilla/5.0 (Macintosh; Intel Mac OS X 10_15_7) Safari/537.36"
192.168.133.18 - - [17/Jul/2023:21:10:37 +0000] "POST /login HTTP/1.0" 401 3233 "-" "Mozilla/5.0 (Windows NT 10.0; Win64; x64) Chrome/91.0"
192.168.23.28 - - [17/Aug/2023:05:10:03 +0000] "POST /dashboard HTTP/2" 500 3113 "-" "Mozilla/5.0 (Linux; Android 9) Firefox/80.0"
192.168.123.54 - - [06/May/2023:17:33:57 +0000] "GET /login HTTP/2" 301 3989 "-" "Mozilla/5.0 (iPhone; CPU iPhone OS 14_0 like Mac OS X)"
192.168.102.89 - - [01/Apr/2023:23:29:26 +0000] "PUT /contact HTTP/1.0" 404 3036 "-" "Mozilla/5.0 (Windows NT 10.0; WOW64; rv:45.0) Gecko/20100101 Firefox/45.0"
192.168.109.223 - - [01/Jul/2023:07:38:57 +0000] "DELETE /api/data HTTP/2" 500 2450 "-" "Mozilla/5.0 (Linux; Android 9) Firefox/80.0"
192.168.118.14 - - [14/May/2023:13:01:07 +0000] "GET /api/data HTTP/1.1" 503 1284 "-" "Mozilla/5.0 (iPhone; CPU iPhone OS 14_0 like Mac OS X)"
192.168.118.115 - - [30/Jun/2023:20:39:00 +0000] "PUT /login HTTP/1.0" 500 3135 "-" "Mozilla/5.0 (Windows NT 10.0; WOW64; rv:45.0) Gecko/20100101 Firefox/45.0"
192.168.216.222 - - [22/May/2023:12:12:31 +0000] "PUT /index.html HTTP/1.0" 404 3048 "-" "Mozilla/5.0 (Windows NT 10.0; Win64; x64) Chrome/91.0"
192.168.60.237 - - [20/Sep/2023:21:16:41 +0000] "PUT /login HTTP/1.1" 200 409 "-" "Mozilla/5.0 (Macintosh; Intel Mac OS X 10_15_7) Safari/537.36"
192.168.130.104 - - [16/Feb/2023:20:08:59 +0000] "GET /api/data HTTP/2" 200 2625 "-" "Mozilla/5.0 (Windows NT 10.0; Win64; x64) Chrome/91.0"
192.168.105.149 - - [07/Jun/2023:13:59:41 +0000] "POST /login HTTP/1.0" 503 4421 "-" "Mozilla/5.0 (Windows NT 10.0; Win64; x64) Chrome/91.0"
192.168.122.148 - - [24/Nov/2023:03:56:34 +0000] "GET /dashboard HTTP/1.0" 401 2454 "-" "Mozilla/5.0 (Windows NT 10.0; WOW64; rv:45.0) Gecko/20100101 Firefox/45.0"
192.168.102.89 - - [18/Sep/2023:10:29:18 +0000] "POST /products HTTP/2" 403 408 "-" "Mozilla/5.0 (Windows NT 10.0; WOW64; rv:45.0) Gecko/20100101 Firefox/45.0"
192.168.93.1 - - [12/Jan/2023:06:23:22 +0000] "GET /index.html HTTP/1.0" 404 894 "-" "Mozilla/5.0 (Linux; Android 9) Firefox/80.0"
192.168.26.171 - - [21/May/2023:03:09:52 +0000] "GET /login HTTP/1.0" 301 30 "-" "Mozilla/5.0 (Linux; Android 9) Firefox/80.0"
192.168.47.8 - - [05/Mar/2023:18:49:16 +0000] "POST /about HTTP/1.1" 404 914 "-" "Mozilla/5.0 (Macintosh; Intel Mac OS X 10_15_7) Safari/537.36"
192.168.24.82 - - [16/Mar/2023:23:33:04 +0000] "PUT /dashboard HTTP/1.1" 500 3244 "-" "Mozilla/5.0 (Linux; Android 9) Firefox/80.0"
192.168.105.149 - - [30/Mar/2023:23:31:10 +0000] "DELETE /dashboard HTTP/1.1" 404 359 "-" "Mozilla/5.0 (Windows NT 10.0; WOW64; rv:45.0) Gecko/20100101 Firefox/45.0"
192.168.205.133 - - [18/Oct/2023:12:09:38 +0000] "GET /login HTTP/2" 201 3122 "-" "Mozilla/5.0 (iPhone; CPU iPhone OS 14_0 like Mac OS X)"
192.168.123.54 - - [21/Jan/2023:03:08:37 +0000] "POST /api/data HTTP/1.1" 401 1960 "-" "Mozilla/5.0 (iPhone; CPU iPhone OS 14_0 like Mac OS X)"
192.168.130.67 - - [25/Feb/2023:17:16:58 +0000] "POST /api/data HTTP/1.0" 404 1045 "-" "Mozilla/5.0 (iPhone; CPU iPhone OS 14_0 like Mac OS X)"
192.168.130.67 - - [30/Mar/2023:06:23:23 +0000] "DELETE /products HTTP/1.1" 403 4611 "-" "Mozilla/5.0 (Windows NT 10.0; Win64; x64) Chrome/91.0"
192.168.23.28 - - [03/Aug/2023:17:49:29 +0000] "DELETE /api/data HTTP/2" 500 1737 "-" "Mozilla/5.0 (Windows NT 10.0; WOW64; rv:45.0) Gecko/20100101 Firefox/45.0"
192.168.194.242 - - [03/Nov/2023:18:08:50 +0000] "POST /index.html HTTP/1.0" 404 2401 "-" "Mozilla/5.0 (Linux; Android 9) Firefox/80.0"
192.168.130.67 - - [14/Apr/2023:20:26:39 +0000] "PUT /index.html HTTP/1.1" 200 4471 "-" "Mozilla/5.0 (Windows NT 10.0; Win64; x64) Chrome/91.0"
Another bad line - missing status
192.168.150.205 - - [26/Apr/2023:15:33:18 +0000] "GET /login HTTP/1.0" 400 2992 "-" "Mozilla/5.0 (Macintosh; Intel Mac OS X 10_15_7) Safari/537.36"
192.168.159.7 - - [24/Apr/2023:20:23:36 +0000] "DELETE /about HTTP/1.1" 500 4080 "-" "Mozilla/5.0 (Windows NT 10.0; WOW64; rv:45.0) Gecko/20100101 Firefox/45.0"
192.168.150.205 - - [10/Feb/2023:12:39:47 +0000] "PUT /about HTTP/2" 201 1 "-" "Mozilla/5.0 (Windows NT 10.0; Win64; x64) Chrome/91.0"
192.168.189.131 - - [13/Oct/2023:16:21:11 +0000] "POST /contact HTTP/1.0" 301 1678 "-" "Mozilla/5.0 (Windows NT 10.0; Win64; x64) Chrome/91.0"
192.168.185.193 - - [07/Mar/2023:22:50:49 +0000] "PUT /login HTTP/1.1" 201 1540 "-" "Mozilla/5.0 (Windows NT 10.0; WOW64; rv:45.0) Gecko/20100101 Firefox/45.0"
192.168.109.223 - - [24/Mar/2023:00:09:53 +0000] "PUT /contact HTTP/2" 200 4762 "-" "Mozilla/5.0 (Macintosh; Intel Mac OS X 10_15_7) Safari/537.36"
192.168.123.54 - - [17/Mar/2023:12:25:26 +0000] "PUT /login HTTP/1.0" 400 1087 "-" "Mozilla/5.0 (Windows NT 10.0; Win64; x64) Chrome/91.0"
192.168.230.27 - - [01/Mar/2023:20:03:44 +0000] "POST /products HTTP/2" 403 2552 "-" "Mozilla/5.0 (iPhone; CPU iPhone OS 14_0 like Mac OS X)"
192.168.176.225 - - [12/Sep/2023:04:49:30 +0000] "GET /dashboard HTTP/1.1" 403 2705 "-" "Mozilla/5.0 (Linux; Android 9) Firefox/80.0"
192.168.182.157 - - [04/Jan/2023:19:17:49 +0000] "POST /login HTTP/2" 301 2080 "-" "Mozilla/5.0 (Windows NT 10.0; WOW64; rv:45.0) Gecko/20100101 Firefox/45.0"
192.168.99.72 - - [05/Apr/2023:10:25:27 +0000] "PUT /api/data HTTP/1.0" 201 3231 "-" "Mozilla/5.0 (Macintosh; Intel Mac OS X 10_15_7) Safari/537.36"
192.168.138.223 - - [15/Sep/2023:18:44:29 +0000] "PUT /dashboard HTTP/1.1" 401 3296 "-" "Mozilla/5.0 (Windows NT 10.0; WOW64; rv:45.0) Gecko/20100101 Firefox/45.0"
192.168.0.23 - - [22/Sep/2023:22:41:16 +0000] "GET /products HTTP/1.1" 503 2609 "-" "Mozilla/5.0 (Windows NT 10.0; WOW64; rv:45.0) Gecko/20100101 Firefox/45.0"
192.168.93.1 - - [14/Jul/2023:22:25:27 +0000] "POST /login HTTP/1.1" 301 3047 "-" "Mozilla/5.0 (Windows NT 10.0; Win64; x64) Chrome/91.0"
192.168.85.107 - - [14/Mar/2023:04:36:47 +0000] "GET /products HTTP/1.0" 500 289 "-" "Mozilla/5.0 (Windows NT 10.0; WOW64; rv:45.0) Gecko/20100101 Firefox/45.0"
192.168.105.149 - - [11/Jun/2023:14:22:53 +0000] "DELETE /login HTTP/2" 302 4288 "-" "Mozilla/5.0 (Windows NT 10.0; WOW64; rv:45.0) Gecko/20100101 Firefox/45.0"
192.168.186.82 - - [28/Apr/2023:11:12:25 +0000] "GET /api/data HTTP/2" 404 3983 "-" "Mozilla/5.0 (Macintosh; Intel Mac OS X 10_15_7) Safari/537.36"
192.168.110.93 - - [23/Jun/2023:10:21:31 +0000] "PUT /api/data HTTP/2" 400 1093 "-" "Mozilla/5.0 (iPhone; CPU iPhone OS 14_0 like Mac OS X)"
192.168.24.82 - - [06/Sep/2023:14:59:09 +0000] "PUT /dashboard HTTP/1.0" 302 2878 "-" "Mozilla/5.0 (iPhone; CPU iPhone OS 14_0 like Mac OS X)"
192.168.70.135 - - [22/May/2023:17:52:00 +0000] "GET /index.html HTTP/1.0" 500 3630 "-" "Mozilla/5.0 (iPhone; CPU iPhone OS 14_0 like Mac OS X)"
192.168.47.8 - - [19/Oct/2023:18:55:16 +0000] "GET /index.html HTTP/1.0" 401 4627 "-" "Mozilla/5.0 (Macintosh; Intel Mac OS X 10_15_7) Safari/537.36"
192.168.29.108 - - [02/Apr/2023:00:22:03 +0000] "GET /products HTTP/1.0" 503 4983 "-" "Mozilla/5.0 (iPhone; CPU iPhone OS 14_0 like Mac OS X)"
192.168.185.95 - - [22/Oct/2023:06:35:13 +0000] "PUT /about HTTP/1.0" 301 146 "-" "Mozilla/5.0 (Windows NT 10.0; Win64; x64) Chrome/91.0"
192.168.176.225 - - [09/Dec/2023:11:44:48 +0000] "PUT /contact HTTP/1.1" 500 4330 "-" "Mozilla/5.0 (Linux; Android 9) Firefox/80.0"
192.168.85.107 - - [27/Sep/2023:20:36:13 +0000] "GET /about HTTP/2" 401 2144 "-" "Mozilla/5.0 (Macintosh; Intel Mac OS X 10_15_7) Safari/537.36"
192.168.82.40 - - [31/Dec/2023:00:48:44 +0000] "PUT /products HTTP/1.0" 201 3312 "-" "Mozilla/5.0 (Windows NT 10.0; WOW64; rv:45.0) Gecko/20100101 Firefox/45.0"
192.168.221.12 - - [27/Dec/2023:22:47:37 +0000] "DELETE /dashboard HTTP/1.1" 400 4139 "-" "Mozilla/5.0 (Macintosh; Intel Mac OS X 10_15_7) Safari/537.36"
192.168.72.105 - - [15/Apr/2023:10:52:44 +0000] "GET /products HTTP/1.1" 404 3948 "-" "Mozilla/5.0 (Windows NT 10.0; WOW64; rv:45.0) Gecko/20100101 Firefox/45.0"
192.168.8.203 - - [29/Jun/2023:06:04:45 +0000] "DELETE /products HTTP/1.0" 200 4095 "-" "Mozilla/5.0 (Windows NT 10.0; Win64; x64) Chrome/91.0"
192.168.138.223 - - [16/Jun/2023:13:32:26 +0000] "POST /login HTTP/1.0" 404 2540 "-" "Mozilla/5.0 (iPhone; CPU iPhone OS 14_0 like Mac OS X)"
192.168.198.70 - - [22/Sep/2023:09:16:46 +0000] "PUT /api/data HTTP/1.1" 500 3150 "-" "Mozilla/5.0 (Linux; Android 9) Firefox/80.0"
192.168.53.91 - - [12/Apr/2023:00:27:00 +0000] "PUT /login HTTP/1.0" 301 3404 "-" "Mozilla/5.0 (Windows NT 10.0; WOW64; rv:45.0) Gecko/20100101 Firefox/45.0"
192.168.0.23 - - [19/Jun/2023:03:34:15 +0000] "POST /dashboard HTTP/1.1" 500 2446 "-" "Mozilla/5.0 (Linux; Android 9) Firefox/80.0"
192.168.251.168 - - [10/Sep/2023:09:28:00 +0000] "PUT /contact HTTP/1.1" 400 2307 "-" "Mozilla/5.0 (Macintosh; Intel Mac OS X 10_15_7) Safari/537.36"
192.168.118.218 - - [13/Jul/2023:00:41:04 +0000] "POST /index.html HTTP/2" 503 134 "-" "Mozilla/5.0 (Windows NT 10.0; WOW64; rv:45.0) Gecko/20100101 Firefox/45.0"
192.168.29.135 - - [05/Jul/2023:03:01:29 +0000] "DELETE /products HTTP/1.1" 503 1121 "-" "Mozilla/5.0 (Windows NT 10.0; Win64; x64) Chrome/91.0"
192.168.10.80 - - [06/Jun/2023:08:38:25 +0000] "DELETE /index.html HTTP/1.0" 500 1075 "-" "Mozilla/5.0 (Windows NT 10.0; Win64; x64) Chrome/91.0"
192.168.123.54 - - [16/Apr/2023:02:57:41 +0000] "GET /contact HTTP/2" 503 3190 "-" "Mozilla/5.0 (Windows NT 10.0; Win64; x64) Chrome/91.0"
192.168.118.14 - - [18/Aug/2023:22:09:04 +0000] "PUT /index.html HTTP/2" 302 545 "-" "Mozilla/5.0 (Windows NT 10.0; Win64; x64) Chrome/91.0"
192.168.54.230 - - [10/Jan/2023:01:26:20 +0000] "POST /products HTTP/1.0" 503 1359 "-" "Mozilla/5.0 (Windows NT 10.0; WOW64; rv:45.0) Gecko/20100101 Firefox/45.0"
192.168.107.74 - - [01/Jun/2023:11:19:00 +0000] "GET /index.html HTTP/1.0" 200 1348 "-" "Mozilla/5.0 (Windows NT 10.0; Win64; x64) Chrome/91.0"
192.168.118.14 - - [12/Jun/2023:21:16:41 +0000] "POST /api/data HTTP/1.1" 404 2480 "-" "Mozilla/5.0 (Windows NT 10.0; WOW64; rv:45.0) Gecko/20100101 Firefox/45.0"
192.168.209.226 - - [16/Nov/2023:22:12:05 +0000] "PUT /contact HTTP/1.0" 403 1254 "-" "Mozilla/5.0 (Linux; Android 9) Firefox/80.0"
192.168.10.80 - - [24/Mar/2023:11:56:12 +0000] "PUT /api/data HTTP/1.0" 302 4112 "-" "Mozilla/5.0 (Windows NT 10.0; WOW64; rv:45.0) Gecko/20100101 Firefox/45.0"
192.168.122.148 - - [11/Jan/2023:21:51:15 +0000] "DELETE /contact HTTP/1.1" 201 648 "-" "Mozilla/5.0 (iPhone; CPU iPhone OS 14_0 like Mac OS X)"
192.168.197.68 - - [06/Sep/2023:11:16:18 +0000] "PUT /api/data HTTP/1.0" 400 4725 "-" "Mozilla/5.0 (Windows NT 10.0; WOW64; rv:45.0) Gecko/20100101 Firefox/45.0"
192.168.207.145 - - [01/Mar/2023:14:35:19 +0000] "PUT /api/data HTTP/2" 503 1748 "-" "Mozilla/5.0 (Linux; Android 9) Firefox/80.0"
192.168.73.207 - - [07/May/2023:10:13:56 +0000] "DELETE /api/data HTTP/1.0" 500 4403 "-" "Mozilla/5.0 (Windows NT 10.0; Win64; x64) Chrome/91.0"
192.168.3.246 - - [07/Sep/2023:02:26:28 +0000] "DELETE /login HTTP/1.1" 400 3338 "-" "Mozilla/5.0 (Windows NT 10.0; WOW64; rv:45.0) Gecko/20100101 Firefox/45.0"
192.168.152.183 - - [01/Aug/2023:13:23:19 +0000] "GET /contact HTTP/1.1" 400 3678 "-" "Mozilla/5.0 (Windows NT 10.0; Win64; x64) Chrome/91.0"
192.168.20.131 - - [09/Jan/2023:21:53:42 +0000] "DELETE /index.html HTTP/1.1" 400 2514 "-" "Mozilla/5.0 (Macintosh; Intel Mac OS X 10_15_7) Safari/537.36"
192.168.47.8 - - [20/Jul/2023:09:35:41 +0000] "GET /index.html HTTP/1.0" 301 352 "-" "Mozilla/5.0 (Windows NT 10.0; WOW64; rv:45.0) Gecko/20100101 Firefox/45.0"
192.168.185.95 - - [31/Mar/2023:05:07:34 +0000] "DELETE /about HTTP/1.1" 301 2237 "-" "Mozilla/5.0 (Windows NT 10.0; Win64; x64) Chrome/91.0"
192.168.251.168 - - [26/May/2023:10:00:09 +0000] "DELETE /login HTTP/1.0" 400 2702 "-" "Mozilla/5.0 (Windows NT 10.0; Win64; x64) Chrome/91.0"
192.168.47.8 - - [19/Jun/2023:08:42:21 +0000] "DELETE /login HTTP/1.1" 400 2539 "-" "Mozilla/5.0 (Macintosh; Intel Mac OS X 10_15_7) Safari/537.36"
192.168.242.80 - - [17/Aug/2023:22:13:02 +0000] "PUT /products HTTP/1.0" 302 3527 "-" "Mozilla/5.0 (Linux; Android 9) Firefox/80.0"
192.168.215.3 - - [12/Nov/2023:07:37:42 +0000] "PUT /products HTTP/1.1" 503 3026 "-" "Mozilla/5.0 (Windows NT 10.0; Win64; x64) Chrome/91.0"
192.168.118.115 - - [23/Dec/2023:12:01:50 +0000] "GET /login HTTP/2" 401 4120 "-" "Mozilla/5.0 (Windows NT 10.0; WOW64; rv:45.0) Gecko/20100101 Firefox/45.0"
192.168.56.75 - - [29/Mar/2023:18:55:18 +0000] "POST /dashboard HTTP/2" 503 2456 "-" "Mozilla/5.0 (Linux; Android 9) Firefox/80.0"
192.168.107.74 - - [07/Jan/2023:16:21:32 +0000] "POST /index.html HTTP/1.0" 302 4108 "-" "Mozilla/5.0 (Windows NT 10.0; Win64; x64) Chrome/91.0"
192.168.182.157 - - [18/Apr/2023:01:38:17 +0000] "PUT /contact HTTP/1.1" 201 900 "-" "Mozilla/5.0 (iPhone; CPU iPhone OS 14_0 like Mac OS X)"
192.168.26.171 - - [01/Sep/2023:18:08:52 +0000] "PUT /products HTTP/2" 400 1715 "-" "Mozilla/5.0 (iPhone; CPU iPhone OS 14_0 like Mac OS X)"
192.168.58.231 - - [31/Aug/2023:01:23:54 +0000] "GET /contact HTTP/2" 404 4606 "-" "Mozilla/5.0 (Macintosh; Intel Mac OS X 10_15_7) Safari/537.36"
192.168.82.40 - - [14/Jun/2023:11:44:11 +0000] "GET /login HTTP/1.0" 400 1710 "-" "Mozilla/5.0 (Macintosh; Intel Mac OS X 10_15_7) Safari/537.36"
192.168.26.171 - - [14/Aug/2023:14:09:46 +0000] "DELETE /api/data HTTP/1.1" 401 4448 "-" "Mozilla/5.0 (Linux; Android 9) Firefox/80.0"
192.168.194.242 - - [18/Sep/2023:11:44:59 +0000] "DELETE /contact HTTP/2" 500 3549 "-" "Mozilla/5.0 (iPhone; CPU iPhone OS 14_0 like Mac OS X)"
192.168.4.217 - - [06/Feb/2023:20:51:02 +0000] "GET /index.html HTTP/1.0" 201 3641 "-" "Mozilla/5.0 (Windows NT 10.0; WOW64; rv:45.0) Gecko/20100101 Firefox/45.0"
192.168.123.215 - - [12/Oct/2023:23:57:56 +0000] "POST /index.html HTTP/1.0" 500 2557 "-" "Mozilla/5.0 (Macintosh; Intel Mac OS X 10_15_7) Safari/537.36"
192.168.50.210 - - [19/Sep/2023:15:08:27 +0000] "POST /about HTTP/1.0" 400 2911 "-" "Mozilla/5.0 (iPhone; CPU iPhone OS 14_0 like Mac OS X)"
192.168.242.80 - - [09/Nov/2023:00:22:59 +0000] "GET /contact HTTP/1.0" 301 4055 "-" "Mozilla/5.0 (Linux; Android 9) Firefox/80.0"
192.168.25.121 - - [17/Jun/2023:08:04:16 +0000] "POST /contact HTTP/1.1" 200 1420 "-" "Mozilla/5.0 (Windows NT 10.0; WOW64; rv:45.0) Gecko/20100101 Firefox/45.0"
192.168.130.67 - - [23/Jul/2023:17:54:43 +0000] "POST /login HTTP/2" 201 2990 "-" "Mozilla/5.0 (Linux; Android 9) Firefox/80.0"
192.168.251.168 - - [20/Nov/2023:03:29:31 +0000] "DELETE /contact HTTP/2" 503 1702 "-" "Mozilla/5.0 (Linux; Android 9) Firefox/80.0"
192.168.165.198 - - [22/Nov/2023:08:54:06 +0000] "DELETE /login HTTP/1.1" 200 56 "-" "Mozilla/5.0 (Windows NT 10.0; Win64; x64) Chrome/91.0"
192.168.29.135 - - [15/Sep/2023:08:03:03 +0000] "GET /products HTTP/2" 302 1068 "-" "Mozilla/5.0 (Macintosh; Intel Mac OS X 10_15_7) Safari/537.36"
192.168.93.1 - - [06/Apr/2023:12:45:32 +0000] "PUT /login HTTP/2" 400 773 "-" "Mozilla/5.0 (Linux; Android 9) Firefox/80.0"
192.168.95.251 - - [30/Nov/2023:06:15:59 +0000] "POST /api/data HTTP/2" 301 1153 "-" "Mozilla/5.0 (iPhone; CPU iPhone OS 14_0 like Mac OS X)"
192.168.231.76 - - [05/Jan/2023:21:36:28 +0000] "PUT /login HTTP/1.1" 404 3817 "-" "Mozilla/5.0 (Windows NT 10.0; Win64; x64) Chrome/91.0"
192.168.105.149 - - [05/Sep/2023:09:58:14 +0000] "DELETE /index.html HTTP/1.1" 500 3743 "-" "Mozilla/5.0 (Windows NT 10.0; Win64; x64) Chrome/91.0"
192.168.29.108 - - [07/May/2023:09:01:59 +0000] "PUT /contact HTTP/1.0" 301 208 "-" "Mozilla/5.0 (Windows NT 10.0; Win64; x64) Chrome/91.0"
192.168.216.222 - - [10/Apr/2023:11:41:41 +0000] "POST /api/data HTTP/1.0" 400 2313 "-" "Mozilla/5.0 (iPhone; CPU iPhone OS 14_0 like Mac OS X)"
192.168.3.246 - - [09/Feb/2023:11:16:34 +0000] "DELETE /dashboard HTTP/2" 301 4088 "-" "Mozilla/5.0 (Macintosh; Intel Mac OS X 10_15_7) Safari/537.36"
192.168.231.76 - - [05/Feb/2023:12:38:12 +0000] "DELETE /index.html HTTP/1.1" 503 1004 "-" "Mozilla/5.0 (Linux; Android 9) Firefox/80.0"
192.168.159.7 - - [05/Jul/2023:03:56:19 +0000] "PUT /about HTTP/2" 302 69 "-" "Mozilla/5.0 (Windows NT 10.0; WOW64; rv:45.0) Gecko/20100101 Firefox/45.0"
192.168.73.207 - - [05/Jun/2023:01:58:28 +0000] "PUT /contact HTTP/2" 302 4238 "-" "Mozilla/5.0 (Macintosh; Intel Mac OS X 10_15_7) Safari/537.36"
192.168.0.23 - - [13/Jul/2023:10:19:59 +0000] "GET /dashboard HTTP/1.0" 500 723 "-" "Mozilla/5.0 (iPhone; CPU iPhone OS 14_0 like Mac OS X)"
192.168.10.80 - - [23/Jan/2023:06:07:56 +0000] "PUT /products HTTP/1.1" 302 3013 "-" "Mozilla/5.0 (Linux; Android 9) Firefox/80.0"
192.168.130.104 - - [31/Oct/2023:04:52:55 +0000] "PUT /contact HTTP/2" 503 1680 "-" "Mozilla/5.0 (Linux; Android 9) Firefox/80.0"
192.168.66.228 - - [15/Jul/2023:06:56:46 +0000] "DELETE /products HTTP/2" 500 4828 "-" "Mozilla/5.0 (iPhone; CPU iPhone OS 14_0 like Mac OS X)"
192.168.165.198 - - [20/Dec/2023:15:59:48 +0000] "POST /api/data HTTP/1.1" 403 4229 "-" "Mozilla/5.0 (Linux; Android 9) Firefox/80.0"
192.168.139.31 - - [15/May/2023:12:05:53 +0000] "POST /contact HTTP/1.1" 301 2697 "-" "Mozilla/5.0 (Windows NT 10.0; WOW64; rv:45.0) Gecko/20100101 Firefox/45.0"
192.168.189.131 - - [27/Aug/2023:22:26:23 +0000] "DELETE /contact HTTP/2" 302 132 "-" "Mozilla/5.0 (Windows NT 10.0; WOW64; rv:45.0) Gecko/20100101 Firefox/45.0"
192.168.131.166 - - [29/Oct/2023:21:01:10 +0000] "POST /api/data HTTP/1.1" 302 1622 "-" "Mozilla/5.0 (Linux; Android 9) Firefox/80.0"
192.168.72.105 - - [08/Jun/2023:03:25:18 +0000] "PUT /login HTTP/1.0" 201 1364 "-" "Mozilla/5.0 (Macintosh; Intel Mac OS X 10_15_7) Safari/537.36"
192.168.108.134 - - [09/Sep/2023:01:06:09 +0000] "POST /contact HTTP/1.0" 302 507 "-" "Mozilla/5.0 (Windows NT 10.0; Win64; x64) Chrome/91.0"
192.168.198.70 - - [04/Apr/2023:06:50:46 +0000] "GET /api/data HTTP/2" 301 615 "-" "Mozilla/5.0 (Windows NT 10.0; WOW64; rv:45.0) Gecko/20100101 Firefox/45.0"
192.168.139.31 - - [17/Mar/2023:21:12:38 +0000] "DELETE /api/data HTTP/1.1" 200 2231 "-" "Mozilla/5.0 (Windows NT 10.0; Win64; x64) Chrome/91.0"
192.168.118.218 - - [25/Jul/2023:22:32:11 +0000] "POST /contact HTTP/1.1" 400 3226 "-" "Mozilla/5.0 (iPhone; CPU iPhone OS 14_0 like Mac OS X)"
192.168.29.135 - - [30/Oct/2023:01:33:17 +0000] "PUT /index.html HTTP/2" 400 2169 "-" "Mozilla/5.0 (Macintosh; Intel Mac OS X 10_15_7) Safari/537.36"
192.168.214.149 - - [21/Nov/2023:11:53:19 +0000] "POST /index.html HTTP/2" 301 2798 "-" "Mozilla/5.0 (Windows NT 10.0; Win64; x64) Chrome/91.0"
192.168.130.104 - - [10/Mar/2023:15:19:48 +0000] "GET /api/data HTTP/1.0" 301 388 "-" "Mozilla/5.0 (Windows NT 10.0; WOW64; rv:45.0) Gecko/20100101 Firefox/45.0"
192.168.109.223 - - [06/Mar/2023:10:10:57 +0000] "GET /products HTTP/2" 503 2443 "-" "Mozilla/5.0 (Macintosh; Intel Mac OS X 10_15_7) Safari/537.36"
192.168.20.131 - - [05/Sep/2023:06:05:12 +0000] "DELETE /contact HTTP/1.0" 400 3478 "-" "Mozilla/5.0 (Macintosh; Intel Mac OS X 10_15_7) Safari/537.36"
192.168.56.75 - - [04/Nov/2023:03:08:13 +0000] "POST /contact HTTP/2" 301 185 "-" "Mozilla/5.0 (Windows NT 10.0; Win64; x64) Chrome/91.0"
192.168.198.70 - - [27/Apr/2023:01:12:07 +0000] "POST /dashboard HTTP/1.0" 500 4754 "-" "Mozilla/5.0 (Macintosh; Intel Mac OS X 10_15_7) Safari/537.36"
192.168.36.9 - - [08/Mar/2023:03:15:24 +0000] "GET /about HTTP/1.1" 404 2654 "-" "Mozilla/5.0 (Windows NT 10.0; WOW64; rv:45.0) Gecko/20100101 Firefox/45.0"
192.168.124.42 - - [12/Oct/2023:16:45:36 +0000] "DELETE /about HTTP/2" 500 3446 "-" "Mozilla/5.0 (Windows NT 10.0; WOW64; rv:45.0) Gecko/20100101 Firefox/45.0"
