192.168.102.89 - - [23/Feb/2023:18:21:20 +0000] "PUT /dashboard HTTP/1.1" 503 1603 "-" "Mozilla/5.0 (Windows NT 10.0; WOW64; rv:45.0) Gecko/20100101 Firefox/45.0"
192.168.221.12 - - [08/Nov/2023:05:13:19 +0000] "DELETE /products HTTP/1.1" 301 3907 "-" "Mozilla/5.0 (Windows NT 10.0; WOW64; rv:45.0) Gecko/20100101 Firefox/45.0"
192.168.118.115 - - [29/Aug/2023:02:58:58 +0000] "POST /api/data HTTP/1.0" 200 4569 "-" "Mozilla/5.0 (Macintosh; Intel Mac OS X 10_15_7) Safari/537.36"
192.168.131.166 - - [21/Apr/2023:22:23:05 +0000] "POST /dashboard HTTP/2" 500 88 "-" "Mozilla/5.0 (Windows NT 10.0; WOW64; rv:45.0) Gecko/20100101 Firefox/45.0"
192.168.231.171 - - [07/Jun/2023:00:51:00 +0000] "DELETE /about HTTP/1.0" 500 1276 "-" "Mozilla/5.0 (Windows NT 10.0; Win64; x64) Chrome/91.0"
192.168.189.131 - - [29/Oct/2023:23:59:10 +0000] "DELETE /login HTTP/1.0" 404 2242 "-" "Mozilla/5.0 (iPhone; CPU iPhone OS 14_0 like Mac OS X)"
192.168.53.91 - - [06/Jul/2023:08:00:15 +0000] "POST /index.html HTTP/1.0" 201 1887 "-" "Mozilla/5.0 (iPhone; CPU iPhone OS 14_0 like Mac OS X)"
192.168.125.108 - - [12/Sep/2023:03:32:14 +0000] "POST /index.html HTTP/1.0" 201 2340 "-" "Mozilla/5.0 (Macintosh; Intel Mac OS X 10_15_7) Safari/537.36"
192.168.159.7 - - [11/Jun/2023:09:06:53 +0000] "DELETE /about HTTP/2" 401 3755 "-" "Mozilla/5.0 (Linux; Android 9) Firefox/80.0"
192.168.130.73 - - [31/Jul/2023:06:57:50 +0000] "PUT /index.html HTTP/2" 201 2454 "-" "Mozilla/5.0 (Macintosh; Intel Mac OS X 10_15_7) Safari/537.36"
192.168.133.18 - - [26/Feb/2023:07:27:37 +0000] "POST /contact HTTP/1.1" 302 1460 "-" "Mozilla/5.0 (Macintosh; Intel Mac OS X 10_15_7) Safari/537.36"
192.168.50.210 - - [18/Sep/2023:05:18:36 +0000] "PUT /api/data HTTP/1.0" 200 718 "-" "Mozilla/5.0 (iPhone; CPU iPhone OS 14_0 like Mac OS X)"
192.168.54.230 - - [21/Jun/2023:06:03:24 +0000] "DELETE /api/data HTTP/1.1" 200 2557 "-" "Mozilla/5.0 (Macintosh; Intel Mac OS X 10_15_7) Safari/537.36"
192.168.108.134 - - [28/Sep/2023:03:45:55 +0000] "GET /products HTTP/1.1" 404 524 "-" "Mozilla/5.0 (iPhone; CPU iPhone OS 14_0 like Mac OS X)"
192.168.122.148 - - [03/Oct/2023:06:45:48 +0000] "GET /about HTTP/1.1" 401 3570 "-" "Mozilla/5.0 (Windows NT 10.0; Win64; x64) Chrome/91.0"
192.168.99.72 - - [28/Oct/2023:22:36:12 +0000] "DELETE /dashboard HTTP/1.0" 201 4923 "-" "Mozilla/5.0 (Windows NT 10.0; Win64; x64) Chrome/91.0"
192.168.149.185 - - [16/May/2023:23:42:20 +0000] "DELETE /about HTTP/2" 404 540 "-" "Mozilla/5.0 (Windows NT 10.0; WOW64; rv:45.0) Gecko/20100101 Firefox/45.0"
192.168.95.251 - - [02/Dec/2023:10:43:53 +0000] "DELETE /contact HTTP/2" 302 1459 "-" "Mozilla/5.0 (iPhone; CPU iPhone OS 14_0 like Mac OS X)"
192.168.0.136 - - [22/Sep/2023:19:01:29 +0000] "PUT /products HTTP/1.1" 500 4989 "-" "Mozilla/5.0 (iPhone; CPU iPhone OS 14_0 like Mac OS X)"
192.168.93.1 - - [09/Jan/2023:11:35:26 +0000] "GET /about HTTP/1.0" 500 2755 "-" "Mozilla/5.0 (Windows NT 10.0; Win64; x64) Chrome/91.0"
192.168.93.1 - - [16/Jul/2023:07:59:08 +0000] "GET /contact HTTP/2" 200 424 "-" "Mozilla/5.0 (Windows NT 10.0; Win64; x64) Chrome/91.0"
192.168.197.68 - - [24/Jul/2023:22:30:41 +0000] "GET /products HTTP/2" 201 3244 "-" "Mozilla/5.0 (iPhone; CPU iPhone OS 14_0 like Mac OS X)"
192.168.122.148 - - [07/May/2023:04:23:44 +0000] "PUT /dashboard HTTP/1.0" 302 405 "-" "Mozilla/5.0 (Windows NT 10.0; Win64; x64) Chrome/91.0"
192.168.231.76 - - [21/Aug/2023:02:22:36 +0000] "DELETE /contact HTTP/2" 200 4030 "-" "Mozilla/5.0 (iPhone; CPU iPhone OS 14_0 like Mac OS X)"
192.168.26.171 - - [10/Feb/2023:21:46:33 +0000] "DELETE /api/data HTTP/1.1" 503 1212 "-" "Mozilla/5.0 (iPhone; CPU iPhone OS 14_0 like Mac OS X)"
192.168.10.80 - - [10/Dec/2023:10:09:20 +0000] "DELETE /dashboard HTTP/1.0" 201 19 "-" "Mozilla/5.0 (Linux; Android 9) Firefox/80.0"
192.168.107.74 - - [08/Aug/2023:23:25:51 +0000] "DELETE /api/data HTTP/1.1" 401 1241 "-" "Mozilla/5.0 (Macintosh; Intel Mac OS X 10_15_7) Safari/537.36"
192.168.118.218 - - [19/Jun/2023:13:01:37 +0000] "POST /about HTTP/1.1" 503 2889 "-" "Mozilla/5.0 (Windows NT 10.0; Win64; x64) Chrome/91.0"
192.168.73.207 - - [31/Aug/2023:19:00:39 +0000] "GET /products HTTP/1.0" 401 2818 "-" "Mozilla/5.0 (iPhone; CPU iPhone OS 14_0 like Mac OS X)"
192.168.182.157 - - [25/May/2023:06:25:14 +0000] "DELETE /dashboard HTTP/1.0" 302 3234 "-" "Mozilla/5.0 (Linux; Android 9) Firefox/80.0"
192.168.99.72 - - [18/May/2023:06:06:23 +0000] "PUT /contact HTTP/1.1" 201 29 "-" "Mozilla/5.0 (Windows NT 10.0; WOW64; rv:45.0) Gecko/20100101 Firefox/45.0"
192.168.1.25 - - [23/May/2023:07:44:54 +0000] "PUT /index.html HTTP/2" 401 3652 "-" "Mozilla/5.0 (Windows NT 10.0; Win64; x64) Chrome/91.0"
192.168.73.207 - - [17/Jul/2023:11:50:55 +0000] "DELETE /api/data HTTP/2" 302 3150 "-" "Mozilla/5.0 (Windows NT 10.0; Win64; x64) Chrome/91.0"
192.168.221.12 - - [14/Jul/2023:13:55:27 +0000] "PUT /about HTTP/1.1" 503 4237 "-" "Mozilla/5.0 (iPhone; CPU iPhone OS 14_0 like Mac OS X)"
192.168.123.54 - - [10/Apr/2023:08:39:25 +0000] "POST /api/data HTTP/1.1" 500 85 "-" "Mozilla/5.0 (iPhone; CPU iPhone OS 14_0 like Mac OS X)"
192.168.242.80 - - [24/Oct/2023:02:03:27 +0000] "PUT /contact HTTP/1.1" 503 303 "-" "Mozilla/5.0 (Macintosh; Intel Mac OS X 10_15_7) Safari/537.36"
192.168.0.136 - - [29/May/2023:11:14:13 +0000] "DELETE /contact HTTP/1.0" 301 3632 "-" "Mozilla/5.0 (Windows NT 10.0; Win64; x64) Chrome/91.0"
192.168.49.60 - - [25/Dec/2023:09:26:55 +0000] "PUT /index.html HTTP/1.0" 401 3108 "-" "Mozilla/5.0 (Windows NT 10.0; Win64; x64) Chrome/91.0"
192.168.194.45 - - [25/May/2023:07:44:17 +0000] "POST /index.html HTTP/2" 500 3961 "-" "Mozilla/5.0 (Windows NT 10.0; WOW64; rv:45.0) Gecko/20100101 Firefox/45.0"
192.168.159.7 - - [08/May/2023:10:20:21 +0000] "PUT /about HTTP/2" 200 1425 "-" "Mozilla/5.0 (Windows NT 10.0; Win64; x64) Chrome/91.0"
192.168.138.223 - - [15/Sep/2023:15:18:39 +0000] "DELETE /index.html HTTP/2" 302 4920 "-" "Mozilla/5.0 (Windows NT 10.0; WOW64; rv:45.0) Gecko/20100101 Firefox/45.0"
192.168.131.166 - - [19/Sep/2023:13:32:06 +0000] "POST /api/data HTTP/1.1" 404 3732 "-" "Mozilla/5.0 (Macintosh; Intel Mac OS X 10_15_7) Safari/537.36"
192.168.57.68 - - [28/Sep/2023:11:52:54 +0000] "POST /login HTTP/1.0" 503 3066 "-" "Mozilla/5.0 (iPhone; CPU iPhone OS 14_0 like Mac OS X)"
192.168.29.135 - - [14/Feb/2023:23:15:18 +0000] "GET /products HTTP/1.0" 401 459 "-" "Mozilla/5.0 (Linux; Android 9) Firefox/80.0"
192.168.138.223 - - [05/May/2023:11:28:40 +0000] "DELETE /dashboard HTTP/2" 200 3618 "-" "Mozilla/5.0 (Linux; Android 9) Firefox/80.0"
192.168.4.217 - - [29/Oct/2023:13:20:35 +0000] "PUT /index.html HTTP/2" 503 3536 "-" "Mozilla/5.0 (Windows NT 10.0; Win64; x64) Chrome/91.0"
192.168.115.215 - - [13/Oct/2023:15:43:33 +0000] "POST /products HTTP/2" 503 383 "-" "Mozilla/5.0 (iPhone; CPU iPhone OS 14_0 like Mac OS X)"
192.168.216.222 - - [27/Feb/2023:22:03:34 +0000] "GET /api/data HTTP/1.1" 301 4301 "-" "Mozilla/5.0 (Windows NT 10.0; WOW64; rv:45.0) Gecko/20100101 Firefox/45.0"
192.168.82.40 - - [22/Nov/2023:12:34:27 +0000] "DELETE /about HTTP/1.0" 200 1688 "-" "Mozilla/5.0 (Windows NT 10.0; WOW64; rv:45.0) Gecko/20100101 Firefox/45.0"
192.168.125.108 - - [17/Sep/2023:20:00:56 +0000] "POST /contact HTTP/1.1" 500 1604 "-" "Mozilla/5.0 (Linux; Android 9) Firefox/80.0"
192.168.0.136 - - [08/Apr/2023:04:35:05 +0000] "GET /index.html HTTP/1.1" 503 3879 "-" "Mozilla/5.0 (Windows NT 10.0; Win64; x64) Chrome/91.0"
192.168.109.223 - - [28/Jul/2023:18:52:04 +0000] "POST /products HTTP/1.0" 403 3923 "-" "Mozilla/5.0 (iPhone; CPU iPhone OS 14_0 like Mac OS X)"
192.168.133.18 - - [07/May/2023:00:19:53 +0000] "DELETE /contact HTTP/1.1" 403 4765 "-" "Mozilla/5.0 (Windows NT 10.0; Win64; x64) Chrome/91.0"
192.168.142.40 - - [14/Dec/2023:21:23:04 +0000] "DELETE /products HTTP/1.1" 201 117 "-" "Mozilla/5.0 (Windows NT 10.0; Win64; x64) Chrome/91.0"
192.168.230.27 - - [20/Mar/2023:14:33:39 +0000] "POST /contact HTTP/1.0" 400 2501 "-" "Mozilla/5.0 (Linux; Android 9) Firefox/80.0"
192.168.197.68 - - [26/Jul/2023:20:03:08 +0000] "PUT /products HTTP/2" 201 253 "-" "Mozilla/5.0 (Macintosh; Intel Mac OS X 10_15_7) Safari/537.36"
192.168.153.110 - - [04/Mar/2023:02:34:34 +0000] "PUT /products HTTP/1.1" 200 1231 "-" "Mozilla/5.0 (Windows NT 10.0; Win64; x64) Chrome/91.0"
192.168.176.225 - - [11/Feb/2023:01:31:32 +0000] "GET /dashboard HTTP/1.1" 201 1824 "-" "Mozilla/5.0 (Windows NT 10.0; WOW64; rv:45.0) Gecko/20100101 Firefox/45.0"
192.168.23.28 - - [17/Mar/2023:21:45:40 +0000] "PUT /about HTTP/1.1" 404 4729 "-" "Mozilla/5.0 (Linux; Android 9) Firefox/80.0"
192.168.231.171 - - [17/Dec/2023:14:32:06 +0000] "GET /index.html HTTP/2" 302 2400 "-" "Mozilla/5.0 (Linux; Android 9) Firefox/80.0"
192.168.231.171 - - [21/Jul/2023:08:04:39 +0000] "GET /about HTTP/1.0" 403 2060 "-" "Mozilla/5.0 (Macintosh; Intel Mac OS X 10_15_7) Safari/537.36"
192.168.66.228 - - [04/Nov/2023:05:10:12 +0000] "POST /about HTTP/2" 200 1973 "-" "Mozilla/5.0 (Macintosh; Intel Mac OS X 10_15_7) Safari/537.36"
192.168.150.205 - - [04/Jun/2023:22:03:07 +0000] "POST /products HTTP/1.1" 500 1786 "-" "Mozilla/5.0 (Macintosh; Intel Mac OS X 10_15_7) Safari/537.36"
192.168.109.223 - - [28/Sep/2023:20:40:54 +0000] "PUT /api/data HTTP/1.0" 301 4700 "-" "Mozilla/5.0 (Linux; Android 9) Firefox/80.0"
192.168.194.242 - - [06/Feb/2023:15:08:40 +0000] "DELETE /index.html HTTP/2" 201 2759 "-" "Mozilla/5.0 (iPhone; CPU iPhone OS 14_0 like Mac OS X)"
192.168.209.226 - - [05/Jun/2023:20:36:36 +0000] "GET /index.html HTTP/2" 500 1945 "-" "Mozilla/5.0 (Windows NT 10.0; Win64; x64) Chrome/91.0"
192.168.26.171 - - [26/May/2023:11:00:06 +0000] "GET /api/data HTTP/1.0" 401 2979 "-" "Mozilla/5.0 (Macintosh; Intel Mac OS X 10_15_7) Safari/537.36"
192.168.139.31 - - [25/Sep/2023:12:49:26 +0000] "PUT /products HTTP/1.1" 200 3945 "-" "Mozilla/5.0 (Macintosh; Intel Mac OS X 10_15_7) Safari/537.36"
192.168.205.133 - - [24/May/2023:15:36:28 +0000] "POST /api/data HTTP/1.1" 200 3027 "-" "Mozilla/5.0 (Linux; Android 9) Firefox/80.0"
192.168.130.67 - - [25/Mar/2023:08:07:17 +0000] "PUT /login HTTP/2" 403 2272 "-" "Mozilla/5.0 (Linux; Android 9) Firefox/80.0"
192.168.43.41 - - [15/Sep/2023:02:50:51 +0000] "PUT /products HTTP/1.1" 503 1230 "-" "Mozilla/5.0 (Windows NT 10.0; Win64; x64) Chrome/91.0"
192.168.108.134 - - [28/Feb/2023:13:39:16 +0000] "DELETE /about HTTP/1.1" 400 4765 "-" "Mozilla/5.0 (Linux; Android 9) Firefox/80.0"
192.168.8.203 - - [17/Jul/2023:06:23:23 +0000] "POST /index.html HTTP/1.1" 503 723 "-" "Mozilla/5.0 (iPhone; CPU iPhone OS 14_0 like Mac OS X)"
192.168.4.217 - - [24/Jan/2023:15:04:47 +0000] "GET /about HTTP/1.1" 201 4535 "-" "Mozilla/5.0 (iPhone; CPU iPhone OS 14_0 like Mac OS X)"
192.168.246.29 - - [23/Dec/2023:07:36:34 +0000] "GET /products HTTP/1.0" 404 2233 "-" "Mozilla/5.0 (Macintosh; Intel Mac OS X 10_15_7) Safari/537.36"
192.168.125.108 - - [26/Jul/2023:21:48:55 +0000] "POST /dashboard HTTP/1.1" 201 11 "-" "Mozilla/5.0 (Linux; Android 9) Firefox/80.0"
192.168.123.54 - - [12/Dec/2023:22:21:40 +0000] "PUT /index.html HTTP/1.0" 404 2733 "-" "Mozilla/5.0 (Macintosh; Intel Mac OS X 10_15_7) Safari/537.36"
192.168.133.18 - - [25/Mar/2023:09:07:47 +0000] "GET /contact HTTP/2" 301 1783 "-" "Mozilla/5.0 (Windows NT 10.0; Win64; x64) Chrome/91.0"
192.168.82.40 - - [31/Jan/2023:12:46:06 +0000] "PUT /about HTTP/1.1" 301 2147 "-" "Mozilla/5.0 (Windows NT 10.0; Win64; x64) Chrome/91.0"
192.168.1.25 - - [25/Jan/2023:04:31:31 +0000] "GET /about HTTP/2" 401 4681 "-" "Mozilla/5.0 (Macintosh; Intel Mac OS X 10_15_7) Safari/537.36"
192.168.50.210 - - [19/Nov/2023:23:01:41 +0000] "GET /login HTTP/1.0" 302 2248 "-" "Mozilla/5.0 (Windows NT 10.0; Win64; x64) Chrome/91.0"
192.168.95.251 - - [14/Dec/2023:17:38:18 +0000] "GET /dashboard HTTP/1.0" 500 1022 "-" "Mozilla/5.0 (Linux; Android 9) Firefox/80.0"
192.168.10.108 - - [06/Jul/2023:15:45:50 +0000] "POST /about HTTP/1.1" 200 1609 "-" "Mozilla/5.0 (iPhone; CPU iPhone OS 14_0 like Mac OS X)"
192.168.185.95 - - [05/Jun/2023:17:20:24 +0000] "DELETE /about HTTP/1.1" 301 1139 "-" "Mozilla/5.0 (Linux; Android 9) Firefox/80.0"
192.168.29.108 - - [17/May/2023:08:48:03 +0000] "POST /api/data HTTP/1.1" 302 3969 "-" "Mozilla/5.0 (Windows NT 10.0; Win64; x64) Chrome/91.0"
192.168.29.108 - - [07/Jul/2023:18:33:08 +0000] "PUT /index.html HTTP/1.0" 301 4158 "-" "Mozilla/5.0 (Macintosh; Intel Mac OS X 10_15_7) Safari/537.36"
192.168.122.148 - - [31/Oct/2023:09:19:50 +0000] "GET /contact HTTP/2" 401 1630 "-" "Mozilla/5.0 (Windows NT 10.0; WOW64; rv:45.0) Gecko/20100101 Firefox/45.0"
192.168.230.27 - - [04/Jan/2023:06:40:15 +0000] "POST /products HTTP/1.0" 401 3049 "-" "Mozilla/5.0 (Linux; Android 9) Firefox/80.0"
192.168.56.75 - - [26/Sep/2023:07:42:37 +0000] "PUT /index.html HTTP/2" 500 3381 "-" "Mozilla/5.0 (Linux; Android 9) Firefox/80.0"
192.168.221.12 - - [03/Oct/2023:09:53:09 +0000] "DELETE /dashboard HTTP/1.1" 503 3706 "-" "Mozilla/5.0 (Macintosh; Intel Mac OS X 10_15_7) Safari/537.36"
192.168.72.105 - - [07/Mar/2023:08:20:40 +0000] "PUT /login HTTP/1.1" 301 809 "-" "Mozilla/5.0 (Linux; Android 9) Firefox/80.0"
192.168.118.14 - - [17/Dec/2023:16:03:23 +0000] "PUT /api/data HTTP/2" 403 2398 "-" "Mozilla/5.0 (Macintosh; Intel Mac OS X 10_15_7) Safari/537.36"
192.168.50.210 - - [16/Feb/2023:13:48:33 +0000] "POST /index.html HTTP/1.0" 401 1401 "-" "Mozilla/5.0 (Linux; Android 9) Firefox/80.0"
192.168.138.223 - - [21/Jun/2023:19:55:54 +0000] "DELETE /api/data HTTP/1.1" 500 1541 "-" "Mozilla/5.0 (Windows NT 10.0; WOW64; rv:45.0) Gecko/20100101 Firefox/45.0"
192.168.251.168 - - [22/Sep/2023:00:45:20 +0000] "GET /contact HTTP/2" 403 3310 "-" "Mozilla/5.0 (Windows NT 10.0; Win64; x64) Chrome/91.0"
192.168.115.215 - - [16/Apr/2023:03:25:36 +0000] "GET /login HTTP/1.1" 302 711 "-" "Mozilla/5.0 (Linux; Android 9) Firefox/80.0"
192.168.32.227 - - [12/Mar/2023:12:06:16 +0000] "DELETE /api/data HTTP/1.0" 500 1935 "-" "Mozilla/5.0 (Linux; Android 9) Firefox/80.0"
192.168.123.215 - - [25/Feb/2023:12:38:24 +0000] "GET /api/data HTTP/1.0" 301 2596 "-" "Mozilla/5.0 (Macintosh; Intel Mac OS X 10_15_7) Safari/537.36"
192.168.123.54 - - [13/May/2023:19:48:06 +0000] "POST /products HTTP/1.1" 500 2465 "-" "Mozilla/5.0 (Linux; Android 9) Firefox/80.0"
192.168.137.32 - - [06/Sep/2023:11:05:27 +0000] "DELETE /products HTTP/1.0" 403 1971 "-" "Mozilla/5.0 (Macintosh; Intel Mac OS X 10_15_7) Safari/537.36"
192.168.82.40 - - [30/Aug/2023:03:37:23 +0000] "PUT /api/data HTTP/1.1" 401 4111 "-" "Mozilla/5.0 (Linux; Android 9) Firefox/80.0"
192.168.53.91 - - [11/Dec/2023:21:02:15 +0000] "DELETE /login HTTP/2" 404 4168 "-" "Mozilla/5.0 (Macintosh; Intel Mac OS X 10_15_7) Safari/537.36"
192.168.185.193 - - [05/Jun/2023:04:40:08 +0000] "GET /dashboard HTTP/1.0" 401 1087 "-" "Mozilla/5.0 (iPhone; CPU iPhone OS 14_0 like Mac OS X)"
192.168.2.85 - - [29/Nov/2023:23:51:32 +0000] "PUT /about HTTP/1.0" 301 3771 "-" "Mozilla/5.0 (iPhone; CPU iPhone OS 14_0 like Mac OS X)"
192.168.153.110 - - [09/Dec/2023:20:13:10 +0000] "GET /contact HTTP/1.1" 500 1304 "-" "Mozilla/5.0 (iPhone; CPU iPhone OS 14_0 like Mac OS X)"
192.168.49.60 - - [16/Oct/2023:22:53:55 +0000] "DELETE /contact HTTP/2" 400 2228 "-" "Mozilla/5.0 (Windows NT 10.0; WOW64; rv:45.0) Gecko/20100101 Firefox/45.0"
192.168.139.31 - - [30/Dec/2023:14:28:53 +0000] "POST /about HTTP/1.1" 401 1152 "-" "Mozilla/5.0 (Windows NT 10.0; WOW64; rv:45.0) Gecko/20100101 Firefox/45.0"
192.168.109.223 - - [13/Aug/2023:18:35:51 +0000] "PUT /api/data HTTP/1.1" 201 710 "-" "Mozilla/5.0 (Macintosh; Intel Mac OS X 10_15_7) Safari/537.36"
192.168.50.210 - - [17/Dec/2023:01:20:54 +0000] "POST /login HTTP/2" 403 2444 "-" "Mozilla/5.0 (Macintosh; Intel Mac OS X 10_15_7) Safari/537.36"
192.168.231.171 - - [24/Mar/2023:21:04:58 +0000] "POST /products HTTP/2" 403 2121 "-" "Mozilla/5.0 (iPhone; CPU iPhone OS 14_0 like Mac OS X)"
192.168.29.135 - - [17/Jan/2023:22:05:13 +0000] "PUT /index.html HTTP/2" 302 3459 "-" "Mozilla/5.0 (Windows NT 10.0; WOW64; rv:45.0) Gecko/20100101 Firefox/45.0"
192.168.231.76 - - [23/Mar/2023:07:28:38 +0000] "DELETE /login HTTP/2" 301 3253 "-" "Mozilla/5.0 (Windows NT 10.0; WOW64; rv:45.0) Gecko/20100101 Firefox/45.0"
192.168.205.133 - - [17/Aug/2023:07:22:18 +0000] "POST /index.html HTTP/2" 200 3614 "-" "Mozilla/5.0 (Windows NT 10.0; WOW64; rv:45.0) Gecko/20100101 Firefox/45.0"
192.168.66.228 - - [29/Oct/2023:15:06:33 +0000] "PUT /api/data HTTP/2" 302 2789 "-" "Mozilla/5.0 (Windows NT 10.0; WOW64; rv:45.0) Gecko/20100101 Firefox/45.0"
192.168.165.198 - - [15/Mar/2023:04:59:20 +0000] "DELETE /index.html HTTP/1.0" 301 3905 "-" "Mozilla/5.0 (Windows NT 10.0; Win64; x64) Chrome/91.0"
192.168.49.60 - - [17/May/2023:13:06:48 +0000] "POST /products HTTP/1.0" 201 3996 "-" "Mozilla/5.0 (Windows NT 10.0; Win64; x64) Chrome/91.0"
192.168.99.72 - - [09/Feb/2023:10:42:03 +0000] "DELETE /login HTTP/1.0" 503 1185 "-" "Mozilla/5.0 (Windows NT 10.0; WOW64; rv:45.0) Gecko/20100101 Firefox/45.0"
192.168.231.171 - - [15/Mar/2023:06:28:09 +0000] "GET /login HTTP/2" 500 594 "-" "Mozilla/5.0 (Windows NT 10.0; WOW64; rv:45.0) Gecko/20100101 Firefox/45.0"
192.168.26.171 - - [28/May/2023:16:46:09 +0000] "GET /dashboard HTTP/1.0" 201 1190 "-" "Mozilla/5.0 (Windows NT 10.0; WOW64; rv:45.0) Gecko/20100101 Firefox/45.0"
192.168.246.29 - - [22/Mar/2023:21:06:02 +0000] "PUT /about HTTP/2" 404 3376 "-" "Mozilla/5.0 (Linux; Android 9) Firefox/80.0"
192.168.0.136 - - [14/Jul/2023:11:05:17 +0000] "DELETE /login HTTP/2" 201 4689 "-" "Mozilla/5.0 (Macintosh; Intel Mac OS X 10_15_7) Safari/537.36"
192.168.36.9 - - [07/Jan/2023:19:25:32 +0000] "GET /about HTTP/2" 401 3963 "-" "Mozilla/5.0 (Windows NT 10.0; WOW64; rv:45.0) Gecko/20100101 Firefox/45.0"
192.168.153.110 - - [31/Jan/2023:10:41:07 +0000] "POST /index.html HTTP/1.0" 400 4728 "-" "Mozilla/5.0 (Windows NT 10.0; WOW64; rv:45.0) Gecko/20100101 Firefox/45.0"
192.168.186.82 - - [24/Jul/2023:03:03:11 +0000] "PUT /products HTTP/1.1" 404 1987 "-" "Mozilla/5.0 (Windows NT 10.0; Win64; x64) Chrome/91.0"
192.168.130.67 - - [04/Nov/2023:10:16:43 +0000] "GET /dashboard HTTP/2" 200 3624 "-" "Mozilla/5.0 (Windows NT 10.0; Win64; x64) Chrome/91.0"
192.168.57.68 - - [23/Feb/2023:16:16:43 +0000] "DELETE /login HTTP/1.1" 403 3415 "-" "Mozilla/5.0 (Macintosh; Intel Mac OS X 10_15_7) Safari/537.36"
192.168.137.32 - - [29/Jul/2023:03:48:01 +0000] "POST /login HTTP/1.0" 400 2087 "-" "Mozilla/5.0 (iPhone; CPU iPhone OS 14_0 like Mac OS X)"
192.168.189.131 - - [12/Aug/2023:18:17:30 +0000] "PUT /products HTTP/1.0" 302 3547 "-" "Mozilla/5.0 (iPhone; CPU iPhone OS 14_0 like Mac OS X)"
192.168.25.121 - - [25/Nov/2023:05:56:14 +0000] "DELETE /api/data HTTP/2" 403 2797 "-" "Mozilla/5.0 (iPhone; CPU iPhone OS 14_0 like Mac OS X)"
192.168.194.45 - - [22/Sep/2023:06:08:12 +0000] "DELETE /about HTTP/1.0" 403 4062 "-" "Mozilla/5.0 (iPhone; CPU iPhone OS 14_0 like Mac OS X)"
192.168.207.145 - - [24/Mar/2023:05:11:57 +0000] "POST /contact HTTP/1.1" 503 2219 "-" "Mozilla/5.0 (iPhone; CPU iPhone OS 14_0 like Mac OS X)"
192.168.123.54 - - [01/Oct/2023:08:36:39 +0000] "GET /contact HTTP/1.0" 201 692 "-" "Mozilla/5.0 (Windows NT 10.0; Win64; x64) Chrome/91.0"
192.168.176.225 - - [22/Apr/2023:17:35:34 +0000] "POST /about HTTP/1.1" 503 3775 "-" "Mozilla/5.0 (Windows NT 10.0; Win64; x64) Chrome/91.0"
192.168.73.207 - - [10/Dec/2023:07:14:51 +0000] "POST /contact HTTP/2" 201 1370 "-" "Mozilla/5.0 (iPhone; CPU iPhone OS 14_0 like Mac OS X)"
192.168.186.82 - - [21/Dec/2023:05:26:47 +0000] "POST /dashboard HTTP/2" 404 2608 "-" "Mozilla/5.0 (Macintosh; Intel Mac OS X 10_15_7) Safari/537.36"
192.168.85.107 - - [12/Jan/2023:22:42:53 +0000] "GET /api/data HTTP/1.0" 500 2835 "-" "Mozilla/5.0 (Windows NT 10.0; WOW64; rv:45.0) Gecko/20100101 Firefox/45.0"
192.168.159.7 - - [09/Sep/2023:16:45:22 +0000] "GET /products HTTP/1.0" 503 2773 "-" "Mozilla/5.0 (Linux; Android 9) Firefox/80.0"
192.168.32.227 - - [11/May/2023:18:37:34 +0000] "POST /contact HTTP/1.1" 500 1979 "-" "Mozilla/5.0 (Windows NT 10.0; WOW64; rv:45.0) Gecko/20100101 Firefox/45.0"
192.168.153.110 - - [05/Jan/2023:05:19:00 +0000] "POST /products HTTP/1.0" 200 1052 "-" "Mozilla/5.0 (Macintosh; Intel Mac OS X 10_15_7) Safari/537.36"
192.168.159.7 - - [14/Dec/2023:04:47:07 +0000] "POST /index.html HTTP/2" 403 738 "-" "Mozilla/5.0 (Windows NT 10.0; WOW64; rv:45.0) Gecko/20100101 Firefox/45.0"
192.168.122.148 - - [29/Sep/2023:06:37:14 +0000] "PUT /api/data HTTP/1.1" 302 4606 "-" "Mozilla/5.0 (Linux; Android 9) Firefox/80.0"
192.168.20.131 - - [15/Sep/2023:10:40:46 +0000] "PUT /api/data HTTP/1.1" 200 4633 "-" "Mozilla/5.0 (Linux; Android 9) Firefox/80.0"
192.168.231.76 - - [10/Jan/2023:18:04:18 +0000] "PUT /index.html HTTP/2" 401 2658 "-" "Mozilla/5.0 (iPhone; CPU iPhone OS 14_0 like Mac OS X)"
192.168.26.171 - - [05/Aug/2023:20:30:19 +0000] "PUT /login HTTP/2" 400 3606 "-" "Mozilla/5.0 (iPhone; CPU iPhone OS 14_0 like Mac OS X)"
192.168.165.198 - - [26/Aug/2023:21:46:44 +0000] "POST /dashboard HTTP/1.1" 503 3789 "-" "Mozilla/5.0 (Windows NT 10.0; WOW64; rv:45.0) Gecko/20100101 Firefox/45.0"
192.168.70.135 - - [25/Nov/2023:09:15:35 +0000] "PUT /login HTTP/2" 401 1122 "-" "Mozilla/5.0 (iPhone; CPU iPhone OS 14_0 like Mac OS X)"
192.168.151.60 - - [24/Feb/2023:13:45:34 +0000] "PUT /products HTTP/1.1" 503 1739 "-" "Mozilla/5.0 (Macintosh; Intel Mac OS X 10_15_7) Safari/537.36"
192.168.10.80 - - [23/Feb/2023:23:09:45 +0000] "DELETE /login HTTP/1.0" 403 106 "-" "Mozilla/5.0 (iPhone; CPU iPhone OS 14_0 like Mac OS X)"
192.168.142.40 - - [21/Sep/2023:11:09:36 +0000] "POST /dashboard HTTP/1.1" 302 4878 "-" "Mozilla/5.0 (iPhone; CPU iPhone OS 14_0 like Mac OS X)"
192.168.29.108 - - [28/Mar/2023:06:38:06 +0000] "DELETE /login HTTP/1.0" 401 4256 "-" "Mozilla/5.0 (Linux; Android 9) Firefox/80.0"
192.168.214.149 - - [17/May/2023:18:00:56 +0000] "PUT /dashboard HTTP/1.1" 404 1481 "-" "Mozilla/5.0 (iPhone; CPU iPhone OS 14_0 like Mac OS X)"
192.168.159.7 - - [10/Apr/2023:14:37:02 +0000] "PUT /dashboard HTTP/1.0" 200 4644 "-" "Mozilla/5.0 (Windows NT 10.0; WOW64; rv:45.0) Gecko/20100101 Firefox/45.0"
192.168.53.91 - - [16/Oct/2023:01:41:40 +0000] "PUT /contact HTTP/1.0" 200 4689 "-" "Mozilla/5.0 (iPhone; CPU iPhone OS 14_0 like Mac OS X)"
192.168.150.205 - - [26/Dec/2023:15:01:50 +0000] "GET /contact HTTP/1.1" 301 4994 "-" "Mozilla/5.0 (Linux; Android 9) Firefox/80.0"
192.168.115.215 - - [13/Jun/2023:21:19:30 +0000] "POST /about HTTP/1.0" 301 976 "-" "Mozilla/5.0 (iPhone; CPU iPhone OS 14_0 like Mac OS X)"
192.168.110.93 - - [19/Sep/2023:15:41:55 +0000] "DELETE /login HTTP/2" 403 648 "-" "Mozilla/5.0 (Windows NT 10.0; WOW64; rv:45.0) Gecko/20100101 Firefox/45.0"
192.168.20.131 - - [08/Feb/2023:11:24:30 +0000] "POST /dashboard HTTP/1.0" 401 2250 "-" "Mozilla/5.0 (Linux; Android 9) Firefox/80.0"
192.168.118.14 - - [10/Aug/2023:01:08:59 +0000] "POST /about HTTP/1.1" 301 4388 "-" "Mozilla/5.0 (iPhone; CPU iPhone OS 14_0 like Mac OS X)"
192.168.70.135 - - [16/May/2023:07:32:09 +0000] "POST /contact HTTP/1.0" 302 4221 "-" "Mozilla/5.0 (Windows NT 10.0; Win64; x64) Chrome/91.0"
192.168.251.168 - - [18/Jan/2023:10:06:20 +0000] "GET /login HTTP/2" 400 3577 "-" "Mozilla/5.0 (Windows NT 10.0; Win64; x64) Chrome/91.0"
192.168.70.135 - - [09/Nov/2023:02:11:05 +0000] "POST /api/data HTTP/2" 503 4678 "-" "Mozilla/5.0 (Windows NT 10.0; WOW64; rv:45.0) Gecko/20100101 Firefox/45.0"
192.168.176.225 - - [22/Sep/2023:19:39:08 +0000] "DELETE /index.html HTTP/1.0" 404 4585 "-" "Mozilla/5.0 (iPhone; CPU iPhone OS 14_0 like Mac OS X)"
192.168.142.40 - - [27/Aug/2023:00:13:49 +0000] "GET /dashboard HTTP/2" 503 1875 "-" "Mozilla/5.0 (iPhone; CPU iPhone OS 14_0 like Mac OS X)"
192.168.20.131 - - [13/Sep/2023:12:03:33 +0000] "GET /api/data HTTP/1.0" 201 1464 "-" "Mozilla/5.0 (Windows NT 10.0; Win64; x64) Chrome/91.0"
192.168.130.73 - - [22/Feb/2023:14:49:57 +0000] "PUT /contact HTTP/1.1" 503 3774 "-" "Mozilla/5.0 (Windows NT 10.0; WOW64; rv:45.0) Gecko/20100101 Firefox/45.0"
192.168.93.1 - - [06/Jun/2023:11:19:27 +0000] "POST /api/data HTTP/1.1" 200 3342 "-" "Mozilla/5.0 (iPhone; CPU iPhone OS 14_0 like Mac OS X)"
192.168.159.7 - - [14/Dec/2023:11:05:34 +0000] "GET /index.html HTTP/1.1" 404 2693 "-" "Mozilla/5.0 (Windows NT 10.0; WOW64; rv:45.0) Gecko/20100101 Firefox/45.0"
192.168.216.222 - - [02/Feb/2023:06:37:10 +0000] "PUT /dashboard HTTP/2" 500 2230 "-" "Mozilla/5.0 (Windows NT 10.0; WOW64; rv:45.0) Gecko/20100101 Firefox/45.0"
192.168.214.149 - - [30/Mar/2023:08:19:43 +0000] "POST /dashboard HTTP/1.0" 201 1977 "-" "Mozilla/5.0 (iPhone; CPU iPhone OS 14_0 like Mac OS X)"
192.168.24.82 - - [16/Sep/2023:11:04:17 +0000] "DELETE /contact HTTP/2" 301 726 "-" "Mozilla/5.0 (Macintosh; Intel Mac OS X 10_15_7) Safari/537.36"
192.168.165.198 - - [26/Dec/2023:20:10:39 +0000] "GET /login HTTP/1.0" 400 2242 "-" "Mozilla/5.0 (Windows NT 10.0; WOW64; rv:45.0) Gecko/20100101 Firefox/45.0"
192.168.152.183 - - [08/Nov/2023:02:34:08 +0000] "GET /products HTTP/1.0" 200 4795 "-" "Mozilla/5.0 (Linux; Android 9) Firefox/80.0"
192.168.192.205 - - [21/Jan/2023:10:58:28 +0000] "PUT /dashboard HTTP/2" 301 743 "-" "Mozilla/5.0 (iPhone; CPU iPhone OS 14_0 like Mac OS X)"
192.168.123.215 - - [02/Aug/2023:16:26:02 +0000] "POST /about HTTP/1.1" 500 75 "-" "Mozilla/5.0 (Macintosh; Intel Mac OS X 10_15_7) Safari/537.36"
192.168.186.82 - - [30/Jun/2023:05:48:47 +0000] "DELETE /dashboard HTTP/1.0" 200 774 "-" "Mozilla/5.0 (Macintosh; Intel Mac OS X 10_15_7) Safari/537.36"
192.168.150.205 - - [17/Mar/2023:05:38:45 +0000] "PUT /login HTTP/2" 401 2639 "-" "Mozilla/5.0 (iPhone; CPU iPhone OS 14_0 like Mac OS X)"
192.168.122.148 - - [09/Apr/2023:04:57:13 +0000] "GET /about HTTP/1.1" 400 2681 "-" "Mozilla/5.0 (iPhone; CPU iPhone OS 14_0 like Mac OS X)"
192.168.165.55 - - [24/Oct/2023:12:24:01 +0000] "PUT /dashboard HTTP/1.0" 400 3049 "-" "Mozilla/5.0 (iPhone; CPU iPhone OS 14_0 like Mac OS X)"
192.168.47.8 - - [10/Jul/2023:11:44:09 +0000] "PUT /contact HTTP/1.0" 500 3414 "-" "Mozilla/5.0 (Windows NT 10.0; Win64; x64) Chrome/91.0"
192.168.108.134 - - [11/Jul/2023:15:34:26 +0000] "POST /login HTTP/1.0" 503 4166 "-" "Mozilla/5.0 (Macintosh; Intel Mac OS X 10_15_7) Safari/537.36"
192.168.49.60 - - [08/Sep/2023:18:37:36 +0000] "POST /contact HTTP/1.0" 301 1036 "-" "Mozilla/5.0 (Windows NT 10.0; WOW64; rv:45.0) Gecko/20100101 Firefox/45.0"
192.168.108.134 - - [08/Feb/2023:11:48:40 +0000] "PUT /contact HTTP/2" 301 3963 "-" "Mozilla/5.0 (Windows NT 10.0; WOW64; rv:45.0) Gecko/20100101 Firefox/45.0"
192.168.189.131 - - [20/Aug/2023:04:23:54 +0000] "GET /products HTTP/1.0" 401 1021 "-" "Mozilla/5.0 (Macintosh; Intel Mac OS X 10_15_7) Safari/537.36"
192.168.176.225 - - [20/Mar/2023:04:23:08 +0000] "POST /about HTTP/1.0" 301 3874 "-" "Mozilla/5.0 (iPhone; CPU iPhone OS 14_0 like Mac OS X)"
192.168.47.8 - - [12/Nov/2023:22:52:06 +0000] "PUT /dashboard HTTP/1.1" 503 4132 "-" "Mozilla/5.0 (Windows NT 10.0; Win64; x64) Chrome/91.0"
192.168.253.66 - - [19/Sep/2023:18:52:02 +0000] "DELETE /login HTTP/1.0" 404 3553 "-" "Mozilla/5.0 (Windows NT 10.0; WOW64; rv:45.0) Gecko/20100101 Firefox/45.0"
192.168.50.26 - - [01/Nov/2023:22:23:16 +0000] "GET /dashboard HTTP/1.1" 302 3286 "-" "Mozilla/5.0 (Linux; Android 9) Firefox/80.0"
192.168.124.42 - - [16/Jul/2023:08:09:43 +0000] "GET /login HTTP/2" 200 4485 "-" "Mozilla/5.0 (Windows NT 10.0; Win64; x64) Chrome/91.0"
192.168.36.9 - - [18/Nov/2023:16:33:54 +0000] "POST /products HTTP/2" 302 3212 "-" "Mozilla/5.0 (Macintosh; Intel Mac OS X 10_15_7) Safari/537.36"
192.168.36.9 - - [25/Jan/2023:00:21:16 +0000] "PUT /dashboard HTTP/1.1" 403 666 "-" "Mozilla/5.0 (iPhone; CPU iPhone OS 14_0 like Mac OS X)"
192.168.54.230 - - [08/Aug/2023:10:02:51 +0000] "DELETE /index.html HTTP/1.0" 401 529 "-" "Mozilla/5.0 (iPhone; CPU iPhone OS 14_0 like Mac OS X)"
192.168.99.72 - - [21/Apr/2023:01:11:49 +0000] "GET /index.html HTTP/2" 301 3276 "-" "Mozilla/5.0 (Macintosh; Intel Mac OS X 10_15_7) Safari/537.36"
192.168.36.9 - - [07/Jan/2023:04:34:27 +0000] "PUT /index.html HTTP/2" 500 4800 "-" "Mozilla/5.0 (Macintosh; Intel Mac OS X 10_15_7) Safari/537.36"
192.168.125.108 - - [02/Apr/2023:20:06:59 +0000] "POST /index.html HTTP/2" 201 661 "-" "Mozilla/5.0 (Windows NT 10.0; WOW64; rv:45.0) Gecko/20100101 Firefox/45.0"
192.168.130.73 - - [28/Feb/2023:10:40:20 +0000] "GET /contact HTTP/2" 500 3266 "-" "Mozilla/5.0 (Linux; Android 9) Firefox/80.0"
192.168.53.91 - - [23/Apr/2023:14:38:21 +0000] "DELETE /products HTTP/1.1" 503 344 "-" "Mozilla/5.0 (Macintosh; Intel Mac OS X 10_15_7) Safari/537.36"
192.168.165.55 - - [14/Aug/2023:07:18:20 +0000] "POST /index.html HTTP/2" 302 3809 "-" "Mozilla/5.0 (Windows NT 10.0; Win64; x64) Chrome/91.0"
192.168.109.223 - - [05/Feb/2023:16:43:28 +0000] "PUT /index.html HTTP/2" 302 715 "-" "Mozilla/5.0 (iPhone; CPU iPhone OS 14_0 like Mac OS X)"
192.168.110.93 - - [28/Apr/2023:05:32:14 +0000] "DELETE /products HTTP/1.1" 503 4346 "-" "Mozilla/5.0 (Macintosh; Intel Mac OS X 10_15_7) Safari/537.36"
192.168.205.133 - - [25/Dec/2023:17:43:26 +0000] "DELETE /dashboard HTTP/2" 500 1326 "-" "Mozilla/5.0 (Linux; Android 9) Firefox/80.0"
192.168.151.60 - - [09/Dec/2023:04:50:24 +0000] "GET /login HTTP/1.1" 403 4651 "-" "Mozilla/5.0 (iPhone; CPU iPhone OS 14_0 like Mac OS X)"
192.168.209.226 - - [05/Nov/2023:18:17:09 +0000] "DELETE /products HTTP/2" 403 2050 "-" "Mozilla/5.0 (Windows NT 10.0; WOW64; rv:45.0) Gecko/20100101 Firefox/45.0"
192.168.230.27 - - [30/May/2023:00:22:27 +0000] "GET /dashboard HTTP/1.1" 403 2134 "-" "Mozilla/5.0 (iPhone; CPU iPhone OS 14_0 like Mac OS X)"
192.168.95.251 - - [10/Jun/2023:09:24:37 +0000] "PUT /api/data HTTP/2" 302 853 "-" "Mozilla/5.0 (Linux; Android 9) Firefox/80.0"
192.168.85.107 - - [17/Jan/2023:00:26:02 +0000] "PUT /contact HTTP/1.1" 404 740 "-" "Mozilla/5.0 (Windows NT 10.0; WOW64; rv:45.0) Gecko/20100101 Firefox/45.0"
192.168.131.166 - - [02/Dec/2023:02:01:04 +0000] "POST /about HTTP/1.1" 503 1134 "-" "Mozilla/5.0 (Linux; Android 9) Firefox/80.0"
192.168.20.131 - - [24/Jan/2023:16:06:55 +0000] "POST /dashboard HTTP/1.1" 404 115 "-" "Mozilla/5.0 (Linux; Android 9) Firefox/80.0"
192.168.185.193 - - [23/Jan/2023:16:09:53 +0000] "POST /contact HTTP/2" 503 4754 "-" "Mozilla/5.0 (Windows NT 10.0; Win64; x64) Chrome/91.0"
192.168.139.31 - - [13/Oct/2023:12:41:15 +0000] "PUT /index.html HTTP/1.1" 403 3628 "-" "Mozilla/5.0 (Windows NT 10.0; WOW64; rv:45.0) Gecko/20100101 Firefox/45.0"
192.168.107.74 - - [17/Apr/2023:22:18:03 +0000] "DELETE /dashboard HTTP/2" 401 3380 "-" "Mozilla/5.0 (Macintosh; Intel Mac OS X 10_15_7) Safari/537.36"
192.168.124.42 - - [09/May/2023:20:59:16 +0000] "GET /login HTTP/1.1" 201 46 "-" "Mozilla/5.0 (Macintosh; Intel Mac OS X 10_15_7) Safari/537.36"
192.168.54.230 - - [29/Nov/2023:02:15:03 +0000] "GET /contact HTTP/1.1" 301 4447 "-" "Mozilla/5.0 (Windows NT 10.0; WOW64; rv:45.0) Gecko/20100101 Firefox/45.0"
192.168.36.9 - - [01/Jul/2023:15:43:08 +0000] "PUT /login HTTP/1.0" 403 1827 "-" "Mozilla/5.0 (Windows NT 10.0; Win64; x64) Chrome/91.0"
192.168.205.133 - - [09/Aug/2023:15:21:21 +0000] "GET /index.html HTTP/2" 503 2953 "-" "Mozilla/5.0 (Windows NT 10.0; WOW64; rv:45.0) Gecko/20100101 Firefox/45.0"
192.168.176.225 - - [12/Nov/2023:03:37:52 +0000] "PUT /login HTTP/1.0" 404 2670 "-" "Mozilla/5.0 (Linux; Android 9) Firefox/80.0"
192.168.122.148 - - [20/Oct/2023:07:13:46 +0000] "PUT /login HTTP/2" 201 379 "-" "Mozilla/5.0 (iPhone; CPU iPhone OS 14_0 like Mac OS X)"
192.168.216.222 - - [30/Jun/2023:18:24:55 +0000] "GET /api/data HTTP/1.1" 301 4012 "-" "Mozilla/5.0 (Windows NT 10.0; Win64; x64) Chrome/91.0"
192.168.142.40 - - [18/Mar/2023:23:28:24 +0000] "DELETE /dashboard HTTP/2" 404 2573 "-" "Mozilla/5.0 (Windows NT 10.0; WOW64; rv:45.0) Gecko/20100101 Firefox/45.0"
192.168.110.185 - - [21/Sep/2023:13:20:33 +0000] "GET /dashboard HTTP/1.0" 200 1999 "-" "Mozilla/5.0 (Linux; Android 9) Firefox/80.0"
192.168.186.82 - - [21/Aug/2023:20:18:34 +0000] "DELETE /contact HTTP/1.0" 301 4168 "-" "Mozilla/5.0 (Linux; Android 9) Firefox/80.0"
192.168.242.80 - - [23/Oct/2023:09:09:54 +0000] "GET /login HTTP/1.1" 302 4054 "-" "Mozilla/5.0 (Windows NT 10.0; Win64; x64) Chrome/91.0"
192.168.47.8 - - [19/Apr/2023:17:57:00 +0000] "GET /login HTTP/1.1" 401 3243 "-" "Mozilla/5.0 (Macintosh; Intel Mac OS X 10_15_7) Safari/537.36"
192.168.50.210 - - [19/Sep/2023:13:16:59 +0000] "PUT /products HTTP/1.1" 500 1089 "-" "Mozilla/5.0 (Windows NT 10.0; WOW64; rv:45.0) Gecko/20100101 Firefox/45.0"
192.168.99.72 - - [26/Mar/2023:00:09:39 +0000] "GET /index.html HTTP/2" 400 4495 "-" "Mozilla/5.0 (Linux; Android 9) Firefox/80.0"
192.168.221.12 - - [07/Mar/2023:08:08:14 +0000] "POST /about HTTP/2" 302 353 "-" "Mozilla/5.0 (Windows NT 10.0; WOW64; rv:45.0) Gecko/20100101 Firefox/45.0"
192.168.23.28 - - [04/Nov/2023:22:58:41 +0000] "GET /index.html HTTP/2" 301 4892 "-" "Mozilla/5.0 (Linux; Android 9) Firefox/80.0"
192.168.152.183 - - [10/Mar/2023:11:20:58 +0000] "PUT /index.html HTTP/2" 500 3736 "-" "Mozilla/5.0 (iPhone; CPU iPhone OS 14_0 like Mac OS X)"
192.168.47.8 - - [23/Aug/2023:02:49:27 +0000] "PUT /products HTTP/1.1" 302 693 "-" "Mozilla/5.0 (Windows NT 10.0; Win64; x64) Chrome/91.0"
192.168.230.27 - - [16/Jun/2023:12:47:40 +0000] "PUT /api/data HTTP/1.0" 500 4911 "-" "Mozilla/5.0 (Windows NT 10.0; WOW64; rv:45.0) Gecko/20100101 Firefox/45.0"
192.168.108.134 - - [15/Jan/2023:09:54:08 +0000] "DELETE /about HTTP/2" 404 1468 "-" "Mozilla/5.0 (Windows NT 10.0; WOW64; rv:45.0) Gecko/20100101 Firefox/45.0"
192.168.109.223 - - [08/Jun/2023:22:16:13 +0000] "DELETE /login HTTP/1.0" 200 4698 "-" "Mozilla/5.0 (Macintosh; Intel Mac OS X 10_15_7) Safari/537.36"
192.168.215.3 - - [04/Dec/2023:23:24:56 +0000] "POST /contact HTTP/1.1" 301 3870 "-" "Mozilla/5.0 (iPhone; CPU iPhone OS 14_0 like Mac OS X)"
192.168.215.3 - - [08/Mar/2023:04:19:08 +0000] "GET /login HTTP/1.0" 301 1270 "-" "Mozilla/5.0 (Macintosh; Intel Mac OS X 10_15_7) Safari/537.36"
192.168.110.185 - - [05/Oct/2023:02:59:48 +0000] "GET /dashboard HTTP/1.1" 302 2030 "-" "Mozilla/5.0 (iPhone; CPU iPhone OS 14_0 like Mac OS X)"
192.168.185.95 - - [03/Nov/2023:03:00:50 +0000] "GET /contact HTTP/1.0" 503 4815 "-" "Mozilla/5.0 (Macintosh; Intel Mac OS X 10_15_7) Safari/537.36"
192.168.152.183 - - [08/Apr/2023:04:34:00 +0000] "GET /api/data HTTP/2" 403 2865 "-" "Mozilla/5.0 (Macintosh; Intel Mac OS X 10_15_7) Safari/537.36"
192.168.0.136 - - [29/Apr/2023:02:27:48 +0000] "POST /products HTTP/1.0" 500 2463 "-" "Mozilla/5.0 (Macintosh; Intel Mac OS X 10_15_7) Safari/537.36"
192.168.149.185 - - [18/Dec/2023:11:43:09 +0000] "PUT /about HTTP/2" 301 596 "-" "Mozilla/5.0 (Windows NT 10.0; WOW64; rv:45.0) Gecko/20100101 Firefox/45.0"
192.168.107.74 - - [06/Jul/2023:06:50:26 +0000] "POST /dashboard HTTP/1.1" 403 1059 "-" "Mozilla/5.0 (Windows NT 10.0; Win64; x64) Chrome/91.0"
192.168.26.171 - - [07/Nov/2023:06:08:02 +0000] "GET /api/data HTTP/1.1" 302 1914 "-" "Mozilla/5.0 (Linux; Android 9) Firefox/80.0"
192.168.66.228 - - [10/Dec/2023:02:31:09 +0000] "POST /login HTTP/2" 301 1290 "-" "Mozilla/5.0 (Windows NT 10.0; Win64; x64) Chrome/91.0"
192.168.246.29 - - [30/Sep/2023:21:34:42 +0000] "DELETE /about HTTP/1.1" 201 2278 "-" "Mozilla/5.0 (Macintosh; Intel Mac OS X 10_15_7) Safari/537.36"
192.168.185.95 - - [17/Oct/2023:12:48:08 +0000] "PUT /login HTTP/1.1" 302 4534 "-" "Mozilla/5.0 (Macintosh; Intel Mac OS X 10_15_7) Safari/537.36"
192.168.47.8 - - [12/Mar/2023:19:44:26 +0000] "POST /contact HTTP/2" 404 971 "-" "Mozilla/5.0 (iPhone; CPU iPhone OS 14_0 like Mac OS X)"
192.168.159.7 - - [02/Nov/2023:13:54:50 +0000] "PUT /products HTTP/1.1" 403 3562 "-" "Mozilla/5.0 (Macintosh; Intel Mac OS X 10_15_7) Safari/537.36"
192.168.10.80 - - [11/Jul/2023:20:06:34 +0000] "DELETE /api/data HTTP/1.0" 503 657 "-" "Mozilla/5.0 (Linux; Android 9) Firefox/80.0"
192.168.43.41 - - [28/Sep/2023:01:42:41 +0000] "PUT /api/data HTTP/1.1" 400 441 "-" "Mozilla/5.0 (Windows NT 10.0; Win64; x64) Chrome/91.0"
192.168.125.108 - - [14/May/2023:23:28:53 +0000] "PUT /about HTTP/1.0" 200 4245 "-" "Mozilla/5.0 (Linux; Android 9) Firefox/80.0"
192.168.176.225 - - [19/Sep/2023:03:58:14 +0000] "DELETE /login HTTP/2" 200 1074 "-" "Mozilla/5.0 (Windows NT 10.0; WOW64; rv:45.0) Gecko/20100101 Firefox/45.0"
192.168.29.108 - - [23/May/2023:15:00:24 +0000] "POST /login HTTP/1.1" 404 4335 "-" "Mozilla/5.0 (Windows NT 10.0; WOW64; rv:45.0) Gecko/20100101 Firefox/45.0"
192.168.115.215 - - [17/Nov/2023:04:25:49 +0000] "PUT /about HTTP/1.1" 302 2308 "-" "Mozilla/5.0 (iPhone; CPU iPhone OS 14_0 like Mac OS X)"
192.168.182.157 - - [10/Dec/2023:10:14:50 +0000] "POST /dashboard HTTP/2" 503 4839 "-" "Mozilla/5.0 (iPhone; CPU iPhone OS 14_0 like Mac OS X)"
192.168.182.157 - - [03/Jan/2023:12:44:06 +0000] "GET /index.html HTTP/1.0" 500 4356 "-" "Mozilla/5.0 (Windows NT 10.0; WOW64; rv:45.0) Gecko/20100101 Firefox/45.0"
192.168.110.93 - - [26/Feb/2023:06:14:46 +0000] "PUT /contact HTTP/1.0" 201 494 "-" "Mozilla/5.0 (iPhone; CPU iPhone OS 14_0 like Mac OS X)"
192.168.0.23 - - [28/Nov/2023:00:38:48 +0000] "GET /index.html HTTP/1.1" 500 1387 "-" "Mozilla/5.0 (Macintosh; Intel Mac OS X 10_15_7) Safari/537.36"
192.168.66.228 - - [16/Oct/2023:23:26:32 +0000] "GET /contact HTTP/2" 503 534 "-" "Mozilla/5.0 (Linux; Android 9) Firefox/80.0"
192.168.185.193 - - [06/Mar/2023:10:46:13 +0000] "DELETE /index.html HTTP/1.1" 401 1910 "-" "Mozilla/5.0 (iPhone; CPU iPhone OS 14_0 like Mac OS X)"
192.168.32.227 - - [16/Jun/2023:11:52:47 +0000] "DELETE /contact HTTP/2" 503 2249 "-" "Mozilla/5.0 (Macintosh; Intel Mac OS X 10_15_7) Safari/537.36"
192.168.151.60 - - [10/Dec/2023:09:59:56 +0000] "DELETE /dashboard HTTP/1.0" 404 2132 "-" "Mozilla/5.0 (Windows NT 10.0; Win64; x64) Chrome/91.0"
192.168.10.108 - - [04/Aug/2023:22:50:04 +0000] "POST /index.html HTTP/2" 500 1352 "-" "Mozilla/5.0 (Linux; Android 9) Firefox/80.0"
192.168.216.222 - - [29/May/2023:06:28:54 +0000] "POST /about HTTP/2" 301 3755 "-" "Mozilla/5.0 (iPhone; CPU iPhone OS 14_0 like Mac OS X)"
192.168.153.110 - - [13/Nov/2023:13:50:49 +0000] "DELETE /dashboard HTTP/1.1" 404 1959 "-" "Mozilla/5.0 (Windows NT 10.0; WOW64; rv:45.0) Gecko/20100101 Firefox/45.0"
192.168.185.193 - - [25/Aug/2023:07:22:18 +0000] "DELETE /about HTTP/1.0" 401 297 "-" "Mozilla/5.0 (Windows NT 10.0; Win64; x64) Chrome/91.0"
192.168.56.75 - - [24/May/2023:23:53:18 +0000] "PUT /dashboard HTTP/1.1" 400 1989 "-" "Mozilla/5.0 (Windows NT 10.0; WOW64; rv:45.0) Gecko/20100101 Firefox/45.0"
192.168.231.171 - - [11/Mar/2023:02:02:50 +0000] "DELETE /api/data HTTP/1.0" 500 1711 "-" "Mozilla/5.0 (Windows NT 10.0; WOW64; rv:45.0) Gecko/20100101 Firefox/45.0"
192.168.118.218 - - [09/May/2023:01:47:07 +0000] "DELETE /dashboard HTTP/1.1" 302 22 "-" "Mozilla/5.0 (Linux; Android 9) Firefox/80.0"
192.168.108.134 - - [21/Jun/2023:06:40:23 +0000] "PUT /about HTTP/1.1" 200 2527 "-" "Mozilla/5.0 (Macintosh; Intel Mac OS X 10_15_7) Safari/537.36"
192.168.197.68 - - [13/Jul/2023:01:47:32 +0000] "PUT /api/data HTTP/2" 400 205 "-" "Mozilla/5.0 (Linux; Android 9) Firefox/80.0"
192.168.194.242 - - [28/Jun/2023:07:59:48 +0000] "DELETE /dashboard HTTP/1.1" 503 568 "-" "Mozilla/5.0 (Windows NT 10.0; Win64; x64) Chrome/91.0"
192.168.137.32 - - [20/Jul/2023:08:54:43 +0000] "PUT /about HTTP/1.0" 403 4600 "-" "Mozilla/5.0 (Macintosh; Intel Mac OS X 10_15_7) Safari/537.36"
192.168.8.203 - - [14/Nov/2023:03:24:40 +0000] "PUT /index.html HTTP/2" 403 1937 "-" "Mozilla/5.0 (Windows NT 10.0; Win64; x64) Chrome/91.0"
192.168.57.68 - - [23/Oct/2023:02:11:00 +0000] "POST /contact HTTP/2" 201 1850 "-" "Mozilla/5.0 (Windows NT 10.0; WOW64; rv:45.0) Gecko/20100101 Firefox/45.0"
192.168.73.207 - - [24/Mar/2023:09:18:47 +0000] "POST /contact HTTP/1.0" 200 3365 "-" "Mozilla/5.0 (iPhone; CPU iPhone OS 14_0 like Mac OS X)"
192.168.20.131 - - [21/Jul/2023:16:15:21 +0000] "DELETE /contact HTTP/1.1" 301 2608 "-" "Mozilla/5.0 (Windows NT 10.0; Win64; x64) Chrome/91.0"
192.168.60.237 - - [23/May/2023:22:38:15 +0000] "POST /api/data HTTP/2" 200 2970 "-" "Mozilla/5.0 (Linux; Android 9) Firefox/80.0"
192.168.130.73 - - [15/Apr/2023:02:00:05 +0000] "PUT /about HTTP/2" 500 1456 "-" "Mozilla/5.0 (Linux; Android 9) Firefox/80.0"
192.168.153.110 - - [16/Feb/2023:15:31:57 +0000] "POST /contact HTTP/1.0" 200 2300 "-" "Mozilla/5.0 (Macintosh; Intel Mac OS X 10_15_7) Safari/537.36"
192.168.102.89 - - [17/Jun/2023:11:57:21 +0000] "DELETE /contact HTTP/1.1" 200 367 "-" "Mozilla/5.0 (Windows NT 10.0; WOW64; rv:45.0) Gecko/20100101 Firefox/45.0"
192.168.99.72 - - [13/Jul/2023:10:19:57 +0000] "POST /about HTTP/2" 404 258 "-" "Mozilla/5.0 (Linux; Android 9) Firefox/80.0"
192.168.0.136 - - [26/Mar/2023:23:16:48 +0000] "POST /api/data HTTP/1.1" 200 3117 "-" "Mozilla/5.0 (Windows NT 10.0; Win64; x64) Chrome/91.0"
192.168.26.171 - - [30/Sep/2023:22:45:38 +0000] "GET /login HTTP/1.0" 500 3561 "-" "Mozilla/5.0 (Linux; Android 9) Firefox/80.0"
192.168.230.27 - - [23/Feb/2023:15:33:26 +0000] "GET /dashboard HTTP/1.1" 404 3872 "-" "Mozilla/5.0 (Linux; Android 9) Firefox/80.0"
192.168.176.225 - - [16/Jul/2023:11:47:47 +0000] "GET /api/data HTTP/2" 503 2458 "-" "Mozilla/5.0 (Macintosh; Intel Mac OS X 10_15_7) Safari/537.36"
192.168.131.166 - - [07/Dec/2023:02:36:31 +0000] "POST /dashboard HTTP/1.1" 302 3818 "-" "Mozilla/5.0 (Windows NT 10.0; Win64; x64) Chrome/91.0"
192.168.110.185 - - [13/Jun/2023:20:17:19 +0000] "POST /dashboard HTTP/2" 403 1999 "-" "Mozilla/5.0 (iPhone; CPU iPhone OS 14_0 like Mac OS X)"
192.168.186.82 - - [11/Oct/2023:21:40:10 +0000] "GET /login HTTP/1.0" 403 2964 "-" "Mozilla/5.0 (Linux; Android 9) Firefox/80.0"
192.168.137.32 - - [22/Dec/2023:06:33:44 +0000] "DELETE /about HTTP/1.0" 401 3319 "-" "Mozilla/5.0 (Linux; Android 9) Firefox/80.0"
192.168.20.131 - - [04/Jan/2023:21:56:21 +0000] "PUT /products HTTP/2" 400 1154 "-" "Mozilla/5.0 (Macintosh; Intel Mac OS X 10_15_7) Safari/537.36"
192.168.172.138 - - [17/Nov/2023:23:23:53 +0000] "GET /products HTTP/2" 403 1113 "-" "Mozilla/5.0 (iPhone; CPU iPhone OS 14_0 like Mac OS X)"
192.168.115.215 - - [04/Jan/2023:08:16:12 +0000] "DELETE /dashboard HTTP/2" 301 1629 "-" "Mozilla/5.0 (Macintosh; Intel Mac OS X 10_15_7) Safari/537.36"
192.168.118.218 - - [29/Jul/2023:09:46:08 +0000] "GET /products HTTP/1.0" 401 103 "-" "Mozilla/5.0 (Linux; Android 9) Firefox/80.0"
192.168.131.166 - - [07/Sep/2023:00:55:08 +0000] "GET /about HTTP/1.1" 302 3681 "-" "Mozilla/5.0 (Linux; Android 9) Firefox/80.0"
192.168.95.251 - - [02/Aug/2023:05:46:19 +0000] "POST /login HTTP/1.0" 201 3445 "-" "Mozilla/5.0 (Windows NT 10.0; WOW64; rv:45.0) Gecko/20100101 Firefox/45.0"
192.168.130.104 - - [13/Jun/2023:05:27:58 +0000] "POST /index.html HTTP/1.0" 301 3871 "-" "Mozilla/5.0 (Macintosh; Intel Mac OS X 10_15_7) Safari/537.36"
192.168.118.115 - - [06/Oct/2023:16:47:21 +0000] "GET /about HTTP/1.1" 403 1436 "-" "Mozilla/5.0 (Windows NT 10.0; Win64; x64) Chrome/91.0"
192.168.185.193 - - [31/Jul/2023:07:36:18 +0000] "PUT /api/data HTTP/1.0" 500 133 "-" "Mozilla/5.0 (Macintosh; Intel Mac OS X 10_15_7) Safari/537.36"
192.168.105.149 - - [10/Nov/2023:04:15:49 +0000] "GET /dashboard HTTP/2" 503 3154 "-" "Mozilla/5.0 (Macintosh; Intel Mac OS X 10_15_7) Safari/537.36"
192.168.0.136 - - [14/Apr/2023:18:10:52 +0000] "GET /login HTTP/1.0" 500 2947 "-" "Mozilla/5.0 (Macintosh; Intel Mac OS X 10_15_7) Safari/537.36"
192.168.122.148 - - [21/Sep/2023:08:42:34 +0000] "POST /api/data HTTP/1.0" 302 181 "-" "Mozilla/5.0 (iPhone; CPU iPhone OS 14_0 like Mac OS X)"
192.168.105.149 - - [27/Mar/2023:15:34:42 +0000] "POST /dashboard HTTP/1.0" 503 626 "-" "Mozilla/5.0 (Windows NT 10.0; Win64; x64) Chrome/91.0"
192.168.53.91 - - [24/Jul/2023:23:13:17 +0000] "POST /index.html HTTP/1.1" 400 4926 "-" "Mozilla/5.0 (Windows NT 10.0; WOW64; rv:45.0) Gecko/20100101 Firefox/45.0"
192.168.25.121 - - [29/Jul/2023:17:47:14 +0000] "PUT /dashboard HTTP/1.1" 200 3864 "-" "Mozilla/5.0 (Windows NT 10.0; Win64; x64) Chrome/91.0"
192.168.153.110 - - [29/Aug/2023:05:12:14 +0000] "PUT /api/data HTTP/2" 401 1737 "-" "Mozilla/5.0 (iPhone; CPU iPhone OS 14_0 like Mac OS X)"
192.168.159.7 - - [02/Nov/2023:00:13:44 +0000] "PUT /contact HTTP/2" 400 100 "-" "Mozilla/5.0 (Linux; Android 9) Firefox/80.0"
192.168.72.105 - - [08/Mar/2023:15:30:30 +0000] "DELETE /dashboard HTTP/2" 503 1273 "-" "Mozilla/5.0 (Windows NT 10.0; Win64; x64) Chrome/91.0"
192.168.151.60 - - [13/Jan/2023:07:43:28 +0000] "POST /contact HTTP/1.0" 301 4544 "-" "Mozilla/5.0 (Windows NT 10.0; WOW64; rv:45.0) Gecko/20100101 Firefox/45.0"
192.168.211.153 - - [08/Mar/2023:01:05:24 +0000] "GET /dashboard HTTP/1.1" 400 626 "-" "Mozilla/5.0 (Windows NT 10.0; Win64; x64) Chrome/91.0"
192.168.118.115 - - [14/Jul/2023:19:50:09 +0000] "POST /products HTTP/2" 401 2970 "-" "Mozilla/5.0 (Windows NT 10.0; Win64; x64) Chrome/91.0"
192.168.138.223 - - [30/Oct/2023:22:14:05 +0000] "PUT /login HTTP/1.1" 401 48 "-" "Mozilla/5.0 (Windows NT 10.0; Win64; x64) Chrome/91.0"
192.168.10.80 - - [30/Apr/2023:02:19:39 +0000] "GET /api/data HTTP/1.0" 500 851 "-" "Mozilla/5.0 (Windows NT 10.0; Win64; x64) Chrome/91.0"
192.168.221.12 - - [23/Jul/2023:15:57:22 +0000] "POST /login HTTP/1.1" 302 4277 "-" "Mozilla/5.0 (Linux; Android 9) Firefox/80.0"
192.168.10.108 - - [21/Oct/2023:15:07:11 +0000] "PUT /about HTTP/2" 500 4758 "-" "Mozilla/5.0 (Windows NT 10.0; WOW64; rv:45.0) Gecko/20100101 Firefox/45.0"
192.168.70.135 - - [14/Nov/2023:23:17:41 +0000] "PUT /api/data HTTP/1.1" 201 408 "-" "Mozilla/5.0 (Linux; Android 9) Firefox/80.0"
192.168.221.12 - - [24/Jun/2023:13:13:44 +0000] "GET /login HTTP/2" 500 1264 "-" "Mozilla/5.0 (Windows NT 10.0; Win64; x64) Chrome/91.0"
192.168.138.223 - - [06/Jul/2023:07:00:30 +0000] "PUT /contact HTTP/1.1" 201 2832 "-" "Mozilla/5.0 (iPhone; CPU iPhone OS 14_0 like Mac OS X)"
192.168.23.28 - - [01/Jul/2023:09:34:28 +0000] "POST /dashboard HTTP/2" 400 555 "-" "Mozilla/5.0 (Macintosh; Intel Mac OS X 10_15_7) Safari/537.36"
192.168.242.80 - - [18/Sep/2023:02:25:09 +0000] "POST /products HTTP/1.0" 503 1061 "-" "Mozilla/5.0 (iPhone; CPU iPhone OS 14_0 like Mac OS X)"
192.168.118.115 - - [10/Feb/2023:21:20:53 +0000] "PUT /about HTTP/2" 403 1928 "-" "Mozilla/5.0 (Windows NT 10.0; Win64; x64) Chrome/91.0"
192.168.70.135 - - [28/Mar/2023:05:45:03 +0000] "DELETE /contact HTTP/2" 403 3819 "-" "Mozilla/5.0 (Windows NT 10.0; WOW64; rv:45.0) Gecko/20100101 Firefox/45.0"
192.168.131.166 - - [13/Sep/2023:08:23:52 +0000] "DELETE /products HTTP/1.1" 200 1237 "-" "Mozilla/5.0 (iPhone; CPU iPhone OS 14_0 like Mac OS X)"
192.168.3.246 - - [20/Dec/2023:05:12:47 +0000] "GET /contact HTTP/1.0" 404 4178 "-" "Mozilla/5.0 (Linux; Android 9) Firefox/80.0"
192.168.24.82 - - [06/Jul/2023:19:16:49 +0000] "GET /api/data HTTP/1.0" 201 3805 "-" "Mozilla/5.0 (Linux; Android 9) Firefox/80.0"
192.168.54.230 - - [17/Apr/2023:09:27:30 +0000] "POST /index.html HTTP/2" 400 1237 "-" "Mozilla/5.0 (Macintosh; Intel Mac OS X 10_15_7) Safari/537.36"
192.168.123.215 - - [24/Jan/2023:23:15:58 +0000] "DELETE /contact HTTP/2" 500 4170 "-" "Mozilla/5.0 (Windows NT 10.0; Win64; x64) Chrome/91.0"
192.168.242.80 - - [17/Nov/2023:21:17:50 +0000] "PUT /login HTTP/1.1" 200 3039 "-" "Mozilla/5.0 (Macintosh; Intel Mac OS X 10_15_7) Safari/537.36"
192.168.24.82 - - [17/Dec/2023:21:13:21 +0000] "POST /dashboard HTTP/1.0" 301 1922 "-" "Mozilla/5.0 (Linux; Android 9) Firefox/80.0"
192.168.23.28 - - [30/Jul/2023:19:59:54 +0000] "GET /index.html HTTP/2" 500 3600 "-" "Mozilla/5.0 (iPhone; CPU iPhone OS 14_0 like Mac OS X)"
192.168.194.45 - - [22/Oct/2023:09:00:59 +0000] "DELETE /contact HTTP/1.0" 302 2265 "-" "Mozilla/5.0 (Windows NT 10.0; WOW64; rv:45.0) Gecko/20100101 Firefox/45.0"
192.168.0.136 - - [05/Jul/2023:01:16:42 +0000] "DELETE /products HTTP/2" 403 1208 "-" "Mozilla/5.0 (iPhone; CPU iPhone OS 14_0 like Mac OS X)"
192.168.138.223 - - [19/Oct/2023:04:20:07 +0000] "PUT /login HTTP/2" 400 3399 "-" "Mozilla/5.0 (iPhone; CPU iPhone OS 14_0 like Mac OS X)"
192.168.24.82 - - [25/Jun/2023:08:29:44 +0000] "POST /index.html HTTP/1.1" 500 543 "-" "Mozilla/5.0 (Windows NT 10.0; WOW64; rv:45.0) Gecko/20100101 Firefox/45.0"
192.168.123.54 - - [17/Sep/2023:01:13:15 +0000] "DELETE /dashboard HTTP/1.1" 401 387 "-" "Mozilla/5.0 (Macintosh; Intel Mac OS X 10_15_7) Safari/537.36"
192.168.32.227 - - [05/Mar/2023:23:59:05 +0000] "POST /login HTTP/2" 403 1570 "-" "Mozilla/5.0 (Windows NT 10.0; WOW64; rv:45.0) Gecko/20100101 Firefox/45.0"
192.168.130.73 - - [12/Jan/2023:06:36:25 +0000] "DELETE /dashboard HTTP/2" 401 978 "-" "Mozilla/5.0 (Windows NT 10.0; WOW64; rv:45.0) Gecko/20100101 Firefox/45.0"
192.168.165.55 - - [08/Mar/2023:11:56:15 +0000] "PUT /about HTTP/1.1" 201 2792 "-" "Mozilla/5.0 (Linux; Android 9) Firefox/80.0"
192.168.95.251 - - [06/Sep/2023:10:27:04 +0000] "POST /dashboard HTTP/2" 201 189 "-" "Mozilla/5.0 (Windows NT 10.0; Win64; x64) Chrome/91.0"
192.168.130.67 - - [17/Nov/2023:14:56:13 +0000] "PUT /products HTTP/1.1" 500 3727 "-" "Mozilla/5.0 (Windows NT 10.0; Win64; x64) Chrome/91.0"
192.168.58.231 - - [22/Jan/2023:23:37:59 +0000] "POST /login HTTP/2" 401 4938 "-" "Mozilla/5.0 (Linux; Android 9) Firefox/80.0"
192.168.122.148 - - [29/Oct/2023:12:44:50 +0000] "PUT /dashboard HTTP/1.1" 500 3131 "-" "Mozilla/5.0 (iPhone; CPU iPhone OS 14_0 like Mac OS X)"
192.168.138.223 - - [29/Jul/2023:18:59:12 +0000] "PUT /products HTTP/2" 302 1006 "-" "Mozilla/5.0 (Macintosh; Intel Mac OS X 10_15_7) Safari/537.36"
192.168.43.41 - - [02/Aug/2023:13:16:15 +0000] "DELETE /contact HTTP/1.1" 301 3874 "-" "Mozilla/5.0 (Windows NT 10.0; Win64; x64) Chrome/91.0"
192.168.93.1 - - [22/Jun/2023:01:35:07 +0000] "DELETE /dashboard HTTP/2" 403 3890 "-" "Mozilla/5.0 (Windows NT 10.0; Win64; x64) Chrome/91.0"
192.168.189.131 - - [09/Nov/2023:06:05:55 +0000] "POST /index.html HTTP/1.1" 401 3625 "-" "Mozilla/5.0 (Windows NT 10.0; Win64; x64) Chrome/91.0"
192.168.136.141 - - [19/Dec/2023:20:16:42 +0000] "GET /login HTTP/1.1" 401 2524 "-" "Mozilla/5.0 (Windows NT 10.0; Win64; x64) Chrome/91.0"
